Archive member included to satisfy reference by file (symbol)

C:\Users\abl\Documents\single-cell-bms-software-c\hal_lib_LPC175x_6x_ADC\Debug\libhal_lib_LPC175x_6x_ADC.a(lpc_175x_6x_hal_ADS8568.o)
                              ./src/app_OEIS_ADC.o (ADS8568_init)
C:\Users\abl\Documents\single-cell-bms-software-c\hal_lib_LPC175x_6x_SC\Debug\libhal_lib_LPC175x_6x_SC.a(board.o)
                              ./src/app_OEIS_ADC.o (Board_Init)
C:\Users\abl\Documents\single-cell-bms-software-c\hal_lib_LPC175x_6x_SC\Debug\libhal_lib_LPC175x_6x_SC.a(board_sysinit.o)
                              ./src/sysinit.o (Board_SystemInit)
C:\Users\abl\Documents\single-cell-bms-software-c\hal_lib_LPC175x_6x_SC\Debug\libhal_lib_LPC175x_6x_SC.a(lpc_175x_6x_hal_can.o)
                              ./src/app_OEIS_ADC.o (init_can)
C:\Users\abl\Documents\single-cell-bms-software-c\lpc_chip_175x_6x\Debug\liblpc_chip_175x_6x.a(can_17xx_40xx.o)
                              C:\Users\abl\Documents\single-cell-bms-software-c\hal_lib_LPC175x_6x_SC\Debug\libhal_lib_LPC175x_6x_SC.a(lpc_175x_6x_hal_can.o) (Chip_CAN_Init)
C:\Users\abl\Documents\single-cell-bms-software-c\lpc_chip_175x_6x\Debug\liblpc_chip_175x_6x.a(chip_17xx_40xx.o)
                              ./src/app_OEIS_ADC.o (SystemCoreClockUpdate)
C:\Users\abl\Documents\single-cell-bms-software-c\lpc_chip_175x_6x\Debug\liblpc_chip_175x_6x.a(clock_17xx_40xx.o)
                              C:\Users\abl\Documents\single-cell-bms-software-c\lpc_chip_175x_6x\Debug\liblpc_chip_175x_6x.a(chip_17xx_40xx.o) (Chip_Clock_EnablePLL)
C:\Users\abl\Documents\single-cell-bms-software-c\lpc_chip_175x_6x\Debug\liblpc_chip_175x_6x.a(gpdma_17xx_40xx.o)
                              C:\Users\abl\Documents\single-cell-bms-software-c\hal_lib_LPC175x_6x_ADC\Debug\libhal_lib_LPC175x_6x_ADC.a(lpc_175x_6x_hal_ADS8568.o) (Chip_GPDMA_Init)
C:\Users\abl\Documents\single-cell-bms-software-c\lpc_chip_175x_6x\Debug\liblpc_chip_175x_6x.a(iocon_17xx_40xx.o)
                              C:\Users\abl\Documents\single-cell-bms-software-c\hal_lib_LPC175x_6x_SC\Debug\libhal_lib_LPC175x_6x_SC.a(lpc_175x_6x_hal_can.o) (Chip_IOCON_PinMuxSet)
C:\Users\abl\Documents\single-cell-bms-software-c\lpc_chip_175x_6x\Debug\liblpc_chip_175x_6x.a(ssp_17xx_40xx.o)
                              C:\Users\abl\Documents\single-cell-bms-software-c\hal_lib_LPC175x_6x_ADC\Debug\libhal_lib_LPC175x_6x_ADC.a(lpc_175x_6x_hal_ADS8568.o) (Chip_SSP_SetMaster)
C:\Users\abl\Documents\single-cell-bms-software-c\lpc_chip_175x_6x\Debug\liblpc_chip_175x_6x.a(sysinit_17xx_40xx.o)
                              C:\Users\abl\Documents\single-cell-bms-software-c\hal_lib_LPC175x_6x_SC\Debug\libhal_lib_LPC175x_6x_SC.a(board.o) (Chip_SetupXtalClocking)
C:\Users\abl\Documents\single-cell-bms-software-c\lpc_chip_175x_6x\Debug\liblpc_chip_175x_6x.a(timer_17xx_40xx.o)
                              C:\Users\abl\Documents\single-cell-bms-software-c\hal_lib_LPC175x_6x_ADC\Debug\libhal_lib_LPC175x_6x_ADC.a(lpc_175x_6x_hal_ADS8568.o) (Chip_TIMER_Init)
C:\Users\abl\Documents\single-cell-bms-software-c\CMSIS_DSPLIB_CM3\lib\libCMSIS_DSPLIB_CM3.a(arm_rfft_f32.o)
                              ./src/app_OEIS_ADC.o (arm_rfft_f32)
C:\Users\abl\Documents\single-cell-bms-software-c\CMSIS_DSPLIB_CM3\lib\libCMSIS_DSPLIB_CM3.a(arm_rfft_init_f32.o)
                              ./src/app_OEIS_ADC.o (arm_rfft_init_f32)
C:\Users\abl\Documents\single-cell-bms-software-c\CMSIS_DSPLIB_CM3\lib\libCMSIS_DSPLIB_CM3.a(arm_bitreversal.o)
                              C:\Users\abl\Documents\single-cell-bms-software-c\CMSIS_DSPLIB_CM3\lib\libCMSIS_DSPLIB_CM3.a(arm_rfft_f32.o) (arm_bitreversal_f32)
C:\Users\abl\Documents\single-cell-bms-software-c\CMSIS_DSPLIB_CM3\lib\libCMSIS_DSPLIB_CM3.a(arm_cfft_radix4_f32.o)
                              C:\Users\abl\Documents\single-cell-bms-software-c\CMSIS_DSPLIB_CM3\lib\libCMSIS_DSPLIB_CM3.a(arm_rfft_f32.o) (arm_radix4_butterfly_f32)
C:\Users\abl\Documents\single-cell-bms-software-c\CMSIS_DSPLIB_CM3\lib\libCMSIS_DSPLIB_CM3.a(arm_cfft_radix4_init_f32.o)
                              C:\Users\abl\Documents\single-cell-bms-software-c\CMSIS_DSPLIB_CM3\lib\libCMSIS_DSPLIB_CM3.a(arm_rfft_init_f32.o) (arm_cfft_radix4_init_f32)
C:\Users\abl\Documents\single-cell-bms-software-c\CMSIS_DSPLIB_CM3\lib\libCMSIS_DSPLIB_CM3.a(arm_common_tables.o)
                              C:\Users\abl\Documents\single-cell-bms-software-c\CMSIS_DSPLIB_CM3\lib\libCMSIS_DSPLIB_CM3.a(arm_cfft_radix4_init_f32.o) (twiddleCoef_4096)
c:/nxp/mcuxpressoide_10.3.1_2233/ide/plugins/com.nxp.mcuxpresso.tools.win32_10.3.0.201811011841/tools/bin/../lib/gcc/arm-none-eabi/7.3.1/thumb/v7-m\libgcc.a(_arm_addsubsf3.o)
                              C:\Users\abl\Documents\single-cell-bms-software-c\CMSIS_DSPLIB_CM3\lib\libCMSIS_DSPLIB_CM3.a(arm_rfft_f32.o) (__aeabi_fsub)
[...]
Memory Configuration

Name             Origin             Length             Attributes
MFlash512        0x00000000         0x00080000         xr
RamLoc32         0x10000000         0x00008000         xrw
RamAHB32         0x2007c000         0x00008000         xrw
*default*        0x00000000         0xffffffff

Linker script and memory map

LOAD ./src/app_OEIS_ADC.o
LOAD ./src/cr_startup_lpc175x_6x.o
LOAD ./src/crp.o
LOAD ./src/sysinit.o
LOAD C:\Users\abl\Documents\single-cell-bms-software-c\hal_lib_LPC175x_6x_ADC\Debug\libhal_lib_LPC175x_6x_ADC.a
LOAD C:\Users\abl\Documents\single-cell-bms-software-c\hal_lib_LPC175x_6x_SC\Debug\libhal_lib_LPC175x_6x_SC.a
LOAD C:\Users\abl\Documents\single-cell-bms-software-c\rtos_lib_LPC175x_6x\Debug\librtos_lib_LPC175x_6x.a
LOAD C:\Users\abl\Documents\single-cell-bms-software-c\lpc_chip_175x_6x\Debug\liblpc_chip_175x_6x.a
LOAD C:\Users\abl\Documents\single-cell-bms-software-c\CMSIS_DSPLIB_CM3\lib\libCMSIS_DSPLIB_CM3.a
START GROUP
LOAD c:/nxp/mcuxpressoide_10.3.1_2233/ide/plugins/com.nxp.mcuxpresso.tools.win32_10.3.0.201811011841/tools/bin/../lib/gcc/arm-none-eabi/7.3.1/thumb/v7-m\libgcc.a
LOAD c:/nxp/mcuxpressoide_10.3.1_2233/ide/plugins/com.nxp.mcuxpresso.tools.win32_10.3.0.201811011841/tools/bin/../lib/gcc/arm-none-eabi/7.3.1/../../../../arm-none-eabi/lib/thumb/v7-m\libc.a
LOAD c:/nxp/mcuxpressoide_10.3.1_2233/ide/plugins/com.nxp.mcuxpresso.tools.win32_10.3.0.201811011841/tools/bin/../lib/gcc/arm-none-eabi/7.3.1/../../../../arm-none-eabi/lib/thumb/v7-m\libm.a
LOAD c:/nxp/mcuxpressoide_10.3.1_2233/ide/plugins/com.nxp.mcuxpresso.tools.win32_10.3.0.201811011841/tools/bin/../lib/gcc/arm-none-eabi/7.3.1/../../../../arm-none-eabi/lib/thumb/v7-m\libcr_newlib_none.a
END GROUP
                0x00000000                __base_MFlash512 = 0x0
                0x00000000                __base_Flash = 0x0
                0x00080000                __top_MFlash512 = 0x80000
                0x00080000                __top_Flash = 0x80000
                0x10000000                __base_RamLoc32 = 0x10000000
                0x10000000                __base_RAM = 0x10000000
                0x10008000                __top_RamLoc32 = 0x10008000
                0x10008000                __top_RAM = 0x10008000
                0x2007c000                __base_RamAHB32 = 0x2007c000
                0x2007c000                __base_RAM2 = 0x2007c000
                0x20084000                __top_RamAHB32 = 0x20084000
                0x20084000                __top_RAM2 = 0x20084000

.text           0x00000000    0x1ce94
 FILL mask 0xff
                0x00000000                __vectors_start__ = ABSOLUTE (.)
 *(.isr_vector)
 .isr_vector    0x00000000       0xcc ./src/cr_startup_lpc175x_6x.o
                0x00000000                g_pfnVectors
                0x000000cc                . = ALIGN (0x4)
                0x000000cc                __section_table_start = .
                0x000000cc                __data_section_table = .
                0x000000cc        0x4 LONG 0x1f024 LOADADDR (.data)
                0x000000d0        0x4 LONG 0x10000000 ADDR (.data)
                0x000000d4        0x4 LONG 0xfc SIZEOF (.data)
                0x000000d8        0x4 LONG 0x1ce94 LOADADDR (.data_RAM2)
                0x000000dc        0x4 LONG 0x2007c000 ADDR (.data_RAM2)
                0x000000e0        0x4 LONG 0x2190 SIZEOF (.data_RAM2)
                0x000000e4                __data_section_table_end = .
                0x000000e4                __bss_section_table = .
                0x000000e4        0x4 LONG 0x100000fc ADDR (.bss)
                0x000000e8        0x4 LONG 0x221c SIZEOF (.bss)
                0x000000ec        0x4 LONG 0x2007e190 ADDR (.bss_RAM2)
                0x000000f0        0x4 LONG 0x0 SIZEOF (.bss_RAM2)
                0x000000f4                __bss_section_table_end = .
                0x000000f4                __section_table_end = .
 *(.after_vectors*)
 .after_vectors
                0x000000f4      0x12c ./src/cr_startup_lpc175x_6x.o
                0x000000f4                data_init
                0x00000136                bss_init
                0x0000016c                ResetISR
                0x000001e4                NMI_Handler
                0x000001ea                HardFault_Handler
                0x000001f0                MemManage_Handler
                0x000001f6                BusFault_Handler
                0x000001fc                UsageFault_Handler
                0x00000202                SVC_Handler
                0x00000208                DebugMon_Handler
                0x0000020e                PendSV_Handler
                0x00000214                SysTick_Handler
                0x0000021a                EINT3_IRQHandler
                0x0000021a                CANActivity_IRQHandler
                0x0000021a                TIMER3_IRQHandler
                0x0000021a                UART0_IRQHandler
                0x0000021a                UART1_IRQHandler
                0x0000021a                EINT2_IRQHandler
                0x0000021a                USBActivity_IRQHandler
                0x0000021a                IntDefaultHandler
                0x0000021a                I2C0_IRQHandler
                0x0000021a                I2C1_IRQHandler
                0x0000021a                SSP0_IRQHandler
                0x0000021a                I2S_IRQHandler
                0x0000021a                I2C2_IRQHandler
                0x0000021a                RTC_IRQHandler
                0x0000021a                SPI_IRQHandler
                0x0000021a                RIT_IRQHandler
                0x0000021a                EINT1_IRQHandler
                0x0000021a                UART2_IRQHandler
                0x0000021a                ADC_IRQHandler
                0x0000021a                SSP1_IRQHandler
                0x0000021a                USB_IRQHandler
                0x0000021a                BOD_IRQHandler
                0x0000021a                PLL1_IRQHandler
                0x0000021a                WDT_IRQHandler
                0x0000021a                PWM1_IRQHandler
                0x0000021a                QEI_IRQHandler
                0x0000021a                EINT0_IRQHandler
                0x0000021a                ETH_IRQHandler
                0x0000021a                PLL0_IRQHandler
                0x0000021a                TIMER2_IRQHandler
                0x0000021a                UART3_IRQHandler
                0x0000021a                MCPWM_IRQHandler
                0x000002fc                . = 0x2fc
 *fill*         0x00000220       0xdc ff
                0x000002fc                PROVIDE (__CRP_WORD_START__ = .)
 *(.crp)
 .crp           0x000002fc        0x4 ./src/crp.o
                0x000002fc                CRP_WORD
                0x00000300                PROVIDE (__CRP_WORD_END__ = .)
                0x00000001                ASSERT (! ((__CRP_WORD_START__ == __CRP_WORD_END__)), Linker CRP Enabled, but no CRP_WORD provided within application)
 *(.text*)
 .text.app_OIS_ADC_init
                0x00000300       0x14 ./src/app_OEIS_ADC.o
                0x00000300                app_OIS_ADC_init
 .text.main     0x00000314      0x1ec ./src/app_OEIS_ADC.o
                0x00000314                main
 .text.SystemInit
                0x00000500       0x24 ./src/sysinit.o
                0x00000500                SystemInit
 .text.NVIC_EnableIRQ
                0x00000524       0x30 C:\Users\abl\Documents\single-cell-bms-software-c\hal_lib_LPC175x_6x_ADC\Debug\libhal_lib_LPC175x_6x_ADC.a(lpc_175x_6x_hal_ADS8568.o)
 .text.NVIC_DisableIRQ
                0x00000554       0x34 C:\Users\abl\Documents\single-cell-bms-software-c\hal_lib_LPC175x_6x_ADC\Debug\libhal_lib_LPC175x_6x_ADC.a(lpc_175x_6x_hal_ADS8568.o)
 .text.NVIC_ClearPendingIRQ
                0x00000588       0x34 C:\Users\abl\Documents\single-cell-bms-software-c\hal_lib_LPC175x_6x_ADC\Debug\libhal_lib_LPC175x_6x_ADC.a(lpc_175x_6x_hal_ADS8568.o)
 .text.NVIC_SetPriority
                0x000005bc       0x54 C:\Users\abl\Documents\single-cell-bms-software-c\hal_lib_LPC175x_6x_ADC\Debug\libhal_lib_LPC175x_6x_ADC.a(lpc_175x_6x_hal_ADS8568.o)
 .text.Chip_GPIO_SetPinState
                0x00000610       0x64 C:\Users\abl\Documents\single-cell-bms-software-c\hal_lib_LPC175x_6x_ADC\Debug\libhal_lib_LPC175x_6x_ADC.a(lpc_175x_6x_hal_ADS8568.o)
 .text.Chip_GPIO_WritePortBit
                0x00000674       0x2c C:\Users\abl\Documents\single-cell-bms-software-c\hal_lib_LPC175x_6x_ADC\Debug\libhal_lib_LPC175x_6x_ADC.a(lpc_175x_6x_hal_ADS8568.o)
 .text.Chip_GPIO_SetPinDIROutput
                0x000006a0       0x36 C:\Users\abl\Documents\single-cell-bms-software-c\hal_lib_LPC175x_6x_ADC\Debug\libhal_lib_LPC175x_6x_ADC.a(lpc_175x_6x_hal_ADS8568.o)
 .text.Chip_GPIO_SetPinDIRInput
                0x000006d6       0x3a C:\Users\abl\Documents\single-cell-bms-software-c\hal_lib_LPC175x_6x_ADC\Debug\libhal_lib_LPC175x_6x_ADC.a(lpc_175x_6x_hal_ADS8568.o)
 .text.Chip_SSP_Enable
                0x00000710       0x1e C:\Users\abl\Documents\single-cell-bms-software-c\hal_lib_LPC175x_6x_ADC\Debug\libhal_lib_LPC175x_6x_ADC.a(lpc_175x_6x_hal_ADS8568.o)
 .text.Chip_SSP_SetFormat
                0x0000072e       0x30 C:\Users\abl\Documents\single-cell-bms-software-c\hal_lib_LPC175x_6x_ADC\Debug\libhal_lib_LPC175x_6x_ADC.a(lpc_175x_6x_hal_ADS8568.o)
 .text.Chip_SSP_DMA_Enable
                0x0000075e       0x1e C:\Users\abl\Documents\single-cell-bms-software-c\hal_lib_LPC175x_6x_ADC\Debug\libhal_lib_LPC175x_6x_ADC.a(lpc_175x_6x_hal_ADS8568.o)
 .text.Chip_TIMER_MatchPending
                0x0000077c       0x32 C:\Users\abl\Documents\single-cell-bms-software-c\hal_lib_LPC175x_6x_ADC\Debug\libhal_lib_LPC175x_6x_ADC.a(lpc_175x_6x_hal_ADS8568.o)
 .text.Chip_TIMER_ClearMatch
                0x000007ae       0x26 C:\Users\abl\Documents\single-cell-bms-software-c\hal_lib_LPC175x_6x_ADC\Debug\libhal_lib_LPC175x_6x_ADC.a(lpc_175x_6x_hal_ADS8568.o)
 .text.Chip_TIMER_Enable
                0x000007d4       0x1e C:\Users\abl\Documents\single-cell-bms-software-c\hal_lib_LPC175x_6x_ADC\Debug\libhal_lib_LPC175x_6x_ADC.a(lpc_175x_6x_hal_ADS8568.o)
 .text.Chip_TIMER_Disable
                0x000007f2       0x1e C:\Users\abl\Documents\single-cell-bms-software-c\hal_lib_LPC175x_6x_ADC\Debug\libhal_lib_LPC175x_6x_ADC.a(lpc_175x_6x_hal_ADS8568.o)
 .text.Chip_TIMER_SetMatch
                0x00000810       0x26 C:\Users\abl\Documents\single-cell-bms-software-c\hal_lib_LPC175x_6x_ADC\Debug\libhal_lib_LPC175x_6x_ADC.a(lpc_175x_6x_hal_ADS8568.o)
 .text.Chip_TIMER_MatchEnableInt
                0x00000836       0x32 C:\Users\abl\Documents\single-cell-bms-software-c\hal_lib_LPC175x_6x_ADC\Debug\libhal_lib_LPC175x_6x_ADC.a(lpc_175x_6x_hal_ADS8568.o)
 .text.Chip_TIMER_ResetOnMatchEnable
                0x00000868       0x34 C:\Users\abl\Documents\single-cell-bms-software-c\hal_lib_LPC175x_6x_ADC\Debug\libhal_lib_LPC175x_6x_ADC.a(lpc_175x_6x_hal_ADS8568.o)
 .text.trigger_meas
                0x0000089c       0x24 C:\Users\abl\Documents\single-cell-bms-software-c\hal_lib_LPC175x_6x_ADC\Debug\libhal_lib_LPC175x_6x_ADC.a(lpc_175x_6x_hal_ADS8568.o)
                0x0000089c                trigger_meas
 .text.Buffer_Init
                0x000008c0       0x48 C:\Users\abl\Documents\single-cell-bms-software-c\hal_lib_LPC175x_6x_ADC\Debug\libhal_lib_LPC175x_6x_ADC.a(lpc_175x_6x_hal_ADS8568.o)
 .text.ADS8568_init
                0x00000908       0xfc C:\Users\abl\Documents\single-cell-bms-software-c\hal_lib_LPC175x_6x_ADC\Debug\libhal_lib_LPC175x_6x_ADC.a(lpc_175x_6x_hal_ADS8568.o)
                0x00000908                ADS8568_init
 .text.appSSPRun
                0x00000a04       0x58 C:\Users\abl\Documents\single-cell-bms-software-c\hal_lib_LPC175x_6x_ADC\Debug\libhal_lib_LPC175x_6x_ADC.a(lpc_175x_6x_hal_ADS8568.o)
 .text.DMA_init
                0x00000a5c       0x58 C:\Users\abl\Documents\single-cell-bms-software-c\hal_lib_LPC175x_6x_ADC\Debug\libhal_lib_LPC175x_6x_ADC.a(lpc_175x_6x_hal_ADS8568.o)
                0x00000a5c                DMA_init
 .text.DMA_IRQHandler
                0x00000ab4       0x8c C:\Users\abl\Documents\single-cell-bms-software-c\hal_lib_LPC175x_6x_ADC\Debug\libhal_lib_LPC175x_6x_ADC.a(lpc_175x_6x_hal_ADS8568.o)
                0x00000ab4                DMA_IRQHandler
 .text.TIMER0_IRQHandler
                0x00000b40       0x50 C:\Users\abl\Documents\single-cell-bms-software-c\hal_lib_LPC175x_6x_ADC\Debug\libhal_lib_LPC175x_6x_ADC.a(lpc_175x_6x_hal_ADS8568.o)
                0x00000b40                TIMER0_IRQHandler
 .text.TIMER1_IRQHandler
                0x00000b90       0x2c C:\Users\abl\Documents\single-cell-bms-software-c\hal_lib_LPC175x_6x_ADC\Debug\libhal_lib_LPC175x_6x_ADC.a(lpc_175x_6x_hal_ADS8568.o)
                0x00000b90                TIMER1_IRQHandler
 .text.TIMER0_init
                0x00000bbc       0x9c C:\Users\abl\Documents\single-cell-bms-software-c\hal_lib_LPC175x_6x_ADC\Debug\libhal_lib_LPC175x_6x_ADC.a(lpc_175x_6x_hal_ADS8568.o)
                0x00000bbc                TIMER0_init
 .text.TIMER1_init
                0x00000c58       0x84 C:\Users\abl\Documents\single-cell-bms-software-c\hal_lib_LPC175x_6x_ADC\Debug\libhal_lib_LPC175x_6x_ADC.a(lpc_175x_6x_hal_ADS8568.o)
                0x00000c58                TIMER1_init
 .text.startConv
                0x00000cdc        0xc C:\Users\abl\Documents\single-cell-bms-software-c\hal_lib_LPC175x_6x_ADC\Debug\libhal_lib_LPC175x_6x_ADC.a(lpc_175x_6x_hal_ADS8568.o)
                0x00000cdc                startConv
 .text.ADS8568_test
                0x00000ce8       0x2c C:\Users\abl\Documents\single-cell-bms-software-c\hal_lib_LPC175x_6x_ADC\Debug\libhal_lib_LPC175x_6x_ADC.a(lpc_175x_6x_hal_ADS8568.o)
                0x00000ce8                ADS8568_test
 .text.Chip_IOCON_Init
                0x00000d14       0x16 C:\Users\abl\Documents\single-cell-bms-software-c\hal_lib_LPC175x_6x_SC\Debug\libhal_lib_LPC175x_6x_SC.a(board.o)
 .text.Chip_GPIO_Init
                0x00000d2a       0x16 C:\Users\abl\Documents\single-cell-bms-software-c\hal_lib_LPC175x_6x_SC\Debug\libhal_lib_LPC175x_6x_SC.a(board.o)
 .text.Board_Init
                0x00000d40       0x24 C:\Users\abl\Documents\single-cell-bms-software-c\hal_lib_LPC175x_6x_SC\Debug\libhal_lib_LPC175x_6x_SC.a(board.o)
                0x00000d40                Board_Init
 .text.Chip_SYSCTL_SetFLASHAccess
                0x00000d64       0x30 C:\Users\abl\Documents\single-cell-bms-software-c\hal_lib_LPC175x_6x_SC\Debug\libhal_lib_LPC175x_6x_SC.a(board_sysinit.o)
 .text.Board_SetupMuxing
                0x00000d94       0x1c C:\Users\abl\Documents\single-cell-bms-software-c\hal_lib_LPC175x_6x_SC\Debug\libhal_lib_LPC175x_6x_SC.a(board_sysinit.o)
                0x00000d94                Board_SetupMuxing
 .text.Board_SetupClocking
                0x00000db0       0x12 C:\Users\abl\Documents\single-cell-bms-software-c\hal_lib_LPC175x_6x_SC\Debug\libhal_lib_LPC175x_6x_SC.a(board_sysinit.o)
                0x00000db0                Board_SetupClocking
 .text.Board_SystemInit
                0x00000dc2       0x10 C:\Users\abl\Documents\single-cell-bms-software-c\hal_lib_LPC175x_6x_SC\Debug\libhal_lib_LPC175x_6x_SC.a(board_sysinit.o)
                0x00000dc2                Board_SystemInit
 *fill*         0x00000dd2        0x2 ff
 .text.NVIC_EnableIRQ
                0x00000dd4       0x30 C:\Users\abl\Documents\single-cell-bms-software-c\hal_lib_LPC175x_6x_SC\Debug\libhal_lib_LPC175x_6x_SC.a(lpc_175x_6x_hal_can.o)
 .text.Chip_CAN_EnableInt
                0x00000e04       0x20 C:\Users\abl\Documents\single-cell-bms-software-c\hal_lib_LPC175x_6x_SC\Debug\libhal_lib_LPC175x_6x_SC.a(lpc_175x_6x_hal_can.o)
 .text.Chip_CAN_GetIntStatus
                0x00000e24       0x16 C:\Users\abl\Documents\single-cell-bms-software-c\hal_lib_LPC175x_6x_SC\Debug\libhal_lib_LPC175x_6x_SC.a(lpc_175x_6x_hal_can.o)
 .text.Chip_CAN_SetAFMode
                0x00000e3a       0x1c C:\Users\abl\Documents\single-cell-bms-software-c\hal_lib_LPC175x_6x_SC\Debug\libhal_lib_LPC175x_6x_SC.a(lpc_175x_6x_hal_can.o)
 .text.Chip_GPIO_SetPinState
                0x00000e56       0x64 C:\Users\abl\Documents\single-cell-bms-software-c\hal_lib_LPC175x_6x_SC\Debug\libhal_lib_LPC175x_6x_SC.a(lpc_175x_6x_hal_can.o)
 .text.Chip_GPIO_WritePortBit
                0x00000eba       0x2c C:\Users\abl\Documents\single-cell-bms-software-c\hal_lib_LPC175x_6x_SC\Debug\libhal_lib_LPC175x_6x_SC.a(lpc_175x_6x_hal_can.o)
 .text.Chip_GPIO_SetPinDIROutput
                0x00000ee6       0x36 C:\Users\abl\Documents\single-cell-bms-software-c\hal_lib_LPC175x_6x_SC\Debug\libhal_lib_LPC175x_6x_SC.a(lpc_175x_6x_hal_can.o)
 .text.Chip_GPIO_SetPinDIRInput
                0x00000f1c       0x3a C:\Users\abl\Documents\single-cell-bms-software-c\hal_lib_LPC175x_6x_SC\Debug\libhal_lib_LPC175x_6x_SC.a(lpc_175x_6x_hal_can.o)
 .text.Chip_GPIO_SetPinDIR
                0x00000f56       0x42 C:\Users\abl\Documents\single-cell-bms-software-c\hal_lib_LPC175x_6x_SC\Debug\libhal_lib_LPC175x_6x_SC.a(lpc_175x_6x_hal_can.o)
 .text.Chip_GPIO_WriteDirBit
                0x00000f98       0x2e C:\Users\abl\Documents\single-cell-bms-software-c\hal_lib_LPC175x_6x_SC\Debug\libhal_lib_LPC175x_6x_SC.a(lpc_175x_6x_hal_can.o)
 *fill*         0x00000fc6        0x2 ff
 .text.init_can
                0x00000fc8       0x90 C:\Users\abl\Documents\single-cell-bms-software-c\hal_lib_LPC175x_6x_SC\Debug\libhal_lib_LPC175x_6x_SC.a(lpc_175x_6x_hal_can.o)
                0x00000fc8                init_can
 .text.CAN_IRQHandler
                0x00001058       0xb0 C:\Users\abl\Documents\single-cell-bms-software-c\hal_lib_LPC175x_6x_SC\Debug\libhal_lib_LPC175x_6x_SC.a(lpc_175x_6x_hal_can.o)
                0x00001058                CAN_IRQHandler
 .text.process_CAN_message
                0x00001108       0x50 C:\Users\abl\Documents\single-cell-bms-software-c\hal_lib_LPC175x_6x_SC\Debug\libhal_lib_LPC175x_6x_SC.a(lpc_175x_6x_hal_can.o)
                0x00001108                process_CAN_message
 .text.process_CAN_message_ADC
                0x00001158       0xc4 C:\Users\abl\Documents\single-cell-bms-software-c\hal_lib_LPC175x_6x_SC\Debug\libhal_lib_LPC175x_6x_SC.a(lpc_175x_6x_hal_can.o)
                0x00001158                process_CAN_message_ADC
 .text.send_can_message
                0x0000121c       0x70 C:\Users\abl\Documents\single-cell-bms-software-c\hal_lib_LPC175x_6x_SC\Debug\libhal_lib_LPC175x_6x_SC.a(lpc_175x_6x_hal_can.o)
                0x0000121c                send_can_message
 .text.checkCANErrorInfo
                0x0000128c       0x1a C:\Users\abl\Documents\single-cell-bms-software-c\hal_lib_LPC175x_6x_SC\Debug\libhal_lib_LPC175x_6x_SC.a(lpc_175x_6x_hal_can.o)
                0x0000128c                checkCANErrorInfo
 .text.Chip_CAN_SetCmd
                0x000012a6       0x1a C:\Users\abl\Documents\single-cell-bms-software-c\lpc_chip_175x_6x\Debug\liblpc_chip_175x_6x.a(can_17xx_40xx.o)
 .text.Chip_CAN_GetStatus
                0x000012c0       0x16 C:\Users\abl\Documents\single-cell-bms-software-c\lpc_chip_175x_6x\Debug\liblpc_chip_175x_6x.a(can_17xx_40xx.o)
 .text.Chip_CAN_GetMode
                0x000012d6       0x1e C:\Users\abl\Documents\single-cell-bms-software-c\lpc_chip_175x_6x\Debug\liblpc_chip_175x_6x.a(can_17xx_40xx.o)
 .text.Chip_CAN_SetAFMode
                0x000012f4       0x1c C:\Users\abl\Documents\single-cell-bms-software-c\lpc_chip_175x_6x\Debug\liblpc_chip_175x_6x.a(can_17xx_40xx.o)
 .text.Chip_CAN_GetAFMode
                0x00001310       0x18 C:\Users\abl\Documents\single-cell-bms-software-c\lpc_chip_175x_6x\Debug\liblpc_chip_175x_6x.a(can_17xx_40xx.o)
 .text.setBusTiming
                0x00001328       0x68 C:\Users\abl\Documents\single-cell-bms-software-c\lpc_chip_175x_6x\Debug\liblpc_chip_175x_6x.a(can_17xx_40xx.o)
 .text.getSectionAddress
                0x00001390       0x78 C:\Users\abl\Documents\single-cell-bms-software-c\lpc_chip_175x_6x\Debug\liblpc_chip_175x_6x.a(can_17xx_40xx.o)
 .text.getTotalEntryNum
                0x00001408       0x20 C:\Users\abl\Documents\single-cell-bms-software-c\lpc_chip_175x_6x\Debug\liblpc_chip_175x_6x.a(can_17xx_40xx.o)
 .text.setSectionEndAddress
                0x00001428       0x30 C:\Users\abl\Documents\single-cell-bms-software-c\lpc_chip_175x_6x\Debug\liblpc_chip_175x_6x.a(can_17xx_40xx.o)
 .text.getReceiveFrameInfo
                0x00001458       0x34 C:\Users\abl\Documents\single-cell-bms-software-c\lpc_chip_175x_6x\Debug\liblpc_chip_175x_6x.a(can_17xx_40xx.o)
 .text.setSendFrameInfo
                0x0000148c       0x2c C:\Users\abl\Documents\single-cell-bms-software-c\lpc_chip_175x_6x\Debug\liblpc_chip_175x_6x.a(can_17xx_40xx.o)
 .text.createStdIDEntry
                0x000014b8       0x60 C:\Users\abl\Documents\single-cell-bms-software-c\lpc_chip_175x_6x\Debug\liblpc_chip_175x_6x.a(can_17xx_40xx.o)
 .text.createUnUsedSTDEntry
                0x00001518       0x22 C:\Users\abl\Documents\single-cell-bms-software-c\lpc_chip_175x_6x\Debug\liblpc_chip_175x_6x.a(can_17xx_40xx.o)
 .text.setupSTDSection
                0x0000153a      0x10e C:\Users\abl\Documents\single-cell-bms-software-c\lpc_chip_175x_6x\Debug\liblpc_chip_175x_6x.a(can_17xx_40xx.o)
 .text.setupSTDRangeSection
                0x00001648       0x28 C:\Users\abl\Documents\single-cell-bms-software-c\lpc_chip_175x_6x\Debug\liblpc_chip_175x_6x.a(can_17xx_40xx.o)
 .text.createExtIDEntry
                0x00001670       0x2e C:\Users\abl\Documents\single-cell-bms-software-c\lpc_chip_175x_6x\Debug\liblpc_chip_175x_6x.a(can_17xx_40xx.o)
 .text.setupEXTSection
                0x0000169e       0x76 C:\Users\abl\Documents\single-cell-bms-software-c\lpc_chip_175x_6x\Debug\liblpc_chip_175x_6x.a(can_17xx_40xx.o)
 .text.setupEXTRangeSection
                0x00001714       0x28 C:\Users\abl\Documents\single-cell-bms-software-c\lpc_chip_175x_6x\Debug\liblpc_chip_175x_6x.a(can_17xx_40xx.o)
 .text.clearAFLUT
                0x0000173c       0x82 C:\Users\abl\Documents\single-cell-bms-software-c\lpc_chip_175x_6x\Debug\liblpc_chip_175x_6x.a(can_17xx_40xx.o)
                0x0000173c                clearAFLUT
 *fill*         0x000017be        0x2 ff
 .text.Chip_CAN_GetClockIndex
                0x000017c0       0x2c C:\Users\abl\Documents\single-cell-bms-software-c\lpc_chip_175x_6x\Debug\liblpc_chip_175x_6x.a(can_17xx_40xx.o)
 .text.Chip_CAN_GetClkIndex
                0x000017ec       0x2c C:\Users\abl\Documents\single-cell-bms-software-c\lpc_chip_175x_6x\Debug\liblpc_chip_175x_6x.a(can_17xx_40xx.o)
 .text.Chip_CAN_Init
                0x00001818       0x5e C:\Users\abl\Documents\single-cell-bms-software-c\lpc_chip_175x_6x\Debug\liblpc_chip_175x_6x.a(can_17xx_40xx.o)
                0x00001818                Chip_CAN_Init
 *fill*         0x00001876        0x2 ff
 .text.Chip_CAN_SetBitRate
                0x00001878       0xd0 C:\Users\abl\Documents\single-cell-bms-software-c\lpc_chip_175x_6x\Debug\liblpc_chip_175x_6x.a(can_17xx_40xx.o)
                0x00001878                Chip_CAN_SetBitRate
 .text.Chip_CAN_SetMode
                0x00001948       0x94 C:\Users\abl\Documents\single-cell-bms-software-c\lpc_chip_175x_6x\Debug\liblpc_chip_175x_6x.a(can_17xx_40xx.o)
                0x00001948                Chip_CAN_SetMode
 .text.Chip_CAN_GetFreeTxBuf
                0x000019dc       0x46 C:\Users\abl\Documents\single-cell-bms-software-c\lpc_chip_175x_6x\Debug\liblpc_chip_175x_6x.a(can_17xx_40xx.o)
                0x000019dc                Chip_CAN_GetFreeTxBuf
 .text.Chip_CAN_SetAFLUT
                0x00001a22      0x1ca C:\Users\abl\Documents\single-cell-bms-software-c\lpc_chip_175x_6x\Debug\liblpc_chip_175x_6x.a(can_17xx_40xx.o)
                0x00001a22                Chip_CAN_SetAFLUT
 .text.Chip_CAN_GetEntriesNum
                0x00001bec       0xb2 C:\Users\abl\Documents\single-cell-bms-software-c\lpc_chip_175x_6x\Debug\liblpc_chip_175x_6x.a(can_17xx_40xx.o)
                0x00001bec                Chip_CAN_GetEntriesNum
 .text.Chip_CAN_Send
                0x00001c9e      0x12c C:\Users\abl\Documents\single-cell-bms-software-c\lpc_chip_175x_6x\Debug\liblpc_chip_175x_6x.a(can_17xx_40xx.o)
                0x00001c9e                Chip_CAN_Send
 .text.Chip_CAN_Receive
                0x00001dca       0xd8 C:\Users\abl\Documents\single-cell-bms-software-c\lpc_chip_175x_6x\Debug\liblpc_chip_175x_6x.a(can_17xx_40xx.o)
                0x00001dca                Chip_CAN_Receive
 .text.Chip_CAN_ConfigFullCANInt
                0x00001ea2       0x4e C:\Users\abl\Documents\single-cell-bms-software-c\lpc_chip_175x_6x\Debug\liblpc_chip_175x_6x.a(can_17xx_40xx.o)
                0x00001ea2                Chip_CAN_ConfigFullCANInt
 .text.Chip_CAN_GetFullCANIntStatus
                0x00001ef0       0x48 C:\Users\abl\Documents\single-cell-bms-software-c\lpc_chip_175x_6x\Debug\liblpc_chip_175x_6x.a(can_17xx_40xx.o)
                0x00001ef0                Chip_CAN_GetFullCANIntStatus
 .text.Chip_CAN_FullCANReceive
                0x00001f38       0xc0 C:\Users\abl\Documents\single-cell-bms-software-c\lpc_chip_175x_6x\Debug\liblpc_chip_175x_6x.a(can_17xx_40xx.o)
                0x00001f38                Chip_CAN_FullCANReceive
 .text.SystemCoreClockUpdate
                0x00001ff8       0x18 C:\Users\abl\Documents\single-cell-bms-software-c\lpc_chip_175x_6x\Debug\liblpc_chip_175x_6x.a(chip_17xx_40xx.o)
                0x00001ff8                SystemCoreClockUpdate
 .text.Chip_Clock_IsMainPLLEnabled
                0x00002010       0x24 C:\Users\abl\Documents\single-cell-bms-software-c\lpc_chip_175x_6x\Debug\liblpc_chip_175x_6x.a(clock_17xx_40xx.o)
 .text.Chip_Clock_IsMainPLLConnected
                0x00002034       0x24 C:\Users\abl\Documents\single-cell-bms-software-c\lpc_chip_175x_6x\Debug\liblpc_chip_175x_6x.a(clock_17xx_40xx.o)
 .text.Chip_Clock_FeedPLL
                0x00002058       0x34 C:\Users\abl\Documents\single-cell-bms-software-c\lpc_chip_175x_6x\Debug\liblpc_chip_175x_6x.a(clock_17xx_40xx.o)
 .text.Chip_Clock_GetMainPLLSource
                0x0000208c       0x20 C:\Users\abl\Documents\single-cell-bms-software-c\lpc_chip_175x_6x\Debug\liblpc_chip_175x_6x.a(clock_17xx_40xx.o)
 .text.Chip_Clock_GetMainOscRate
                0x000020ac       0x14 C:\Users\abl\Documents\single-cell-bms-software-c\lpc_chip_175x_6x\Debug\liblpc_chip_175x_6x.a(clock_17xx_40xx.o)
 .text.Chip_Clock_GetIntOscRate
                0x000020c0       0x14 C:\Users\abl\Documents\single-cell-bms-software-c\lpc_chip_175x_6x\Debug\liblpc_chip_175x_6x.a(clock_17xx_40xx.o)
 .text.Chip_Clock_GetRTCOscRate
                0x000020d4       0x14 C:\Users\abl\Documents\single-cell-bms-software-c\lpc_chip_175x_6x\Debug\liblpc_chip_175x_6x.a(clock_17xx_40xx.o)
 .text.Chip_Clock_GetMainPLLInClockRate
                0x000020e8        0xe C:\Users\abl\Documents\single-cell-bms-software-c\lpc_chip_175x_6x\Debug\liblpc_chip_175x_6x.a(clock_17xx_40xx.o)
 *fill*         0x000020f6        0x2 ff
 .text.Chip_Clock_EnablePLL
                0x000020f8       0x44 C:\Users\abl\Documents\single-cell-bms-software-c\lpc_chip_175x_6x\Debug\liblpc_chip_175x_6x.a(clock_17xx_40xx.o)
                0x000020f8                Chip_Clock_EnablePLL
 .text.Chip_Clock_DisablePLL
                0x0000213c       0x48 C:\Users\abl\Documents\single-cell-bms-software-c\lpc_chip_175x_6x\Debug\liblpc_chip_175x_6x.a(clock_17xx_40xx.o)
                0x0000213c                Chip_Clock_DisablePLL
 .text.Chip_Clock_SetupPLL
                0x00002184       0x5c C:\Users\abl\Documents\single-cell-bms-software-c\lpc_chip_175x_6x\Debug\liblpc_chip_175x_6x.a(clock_17xx_40xx.o)
                0x00002184                Chip_Clock_SetupPLL
 .text.Chip_Clock_EnablePeriphClock
                0x000021e0       0x34 C:\Users\abl\Documents\single-cell-bms-software-c\lpc_chip_175x_6x\Debug\liblpc_chip_175x_6x.a(clock_17xx_40xx.o)
                0x000021e0                Chip_Clock_EnablePeriphClock
 .text.Chip_Clock_DisablePeriphClock
                0x00002214       0x38 C:\Users\abl\Documents\single-cell-bms-software-c\lpc_chip_175x_6x\Debug\liblpc_chip_175x_6x.a(clock_17xx_40xx.o)
                0x00002214                Chip_Clock_DisablePeriphClock
 .text.Chip_Clock_GetCPUClockSource
                0x0000224c       0x24 C:\Users\abl\Documents\single-cell-bms-software-c\lpc_chip_175x_6x\Debug\liblpc_chip_175x_6x.a(clock_17xx_40xx.o)
                0x0000224c                Chip_Clock_GetCPUClockSource
 .text.Chip_Clock_SetCPUClockDiv
                0x00002270       0x20 C:\Users\abl\Documents\single-cell-bms-software-c\lpc_chip_175x_6x\Debug\liblpc_chip_175x_6x.a(clock_17xx_40xx.o)
                0x00002270                Chip_Clock_SetCPUClockDiv
 .text.Chip_Clock_GetCPUClockDiv
                0x00002290       0x1c C:\Users\abl\Documents\single-cell-bms-software-c\lpc_chip_175x_6x\Debug\liblpc_chip_175x_6x.a(clock_17xx_40xx.o)
                0x00002290                Chip_Clock_GetCPUClockDiv
 .text.Chip_Clock_SetPCLKDiv
                0x000022ac       0x64 C:\Users\abl\Documents\single-cell-bms-software-c\lpc_chip_175x_6x\Debug\liblpc_chip_175x_6x.a(clock_17xx_40xx.o)
                0x000022ac                Chip_Clock_SetPCLKDiv
 .text.Chip_Clock_GetPCLKDiv
                0x00002310       0x8c C:\Users\abl\Documents\single-cell-bms-software-c\lpc_chip_175x_6x\Debug\liblpc_chip_175x_6x.a(clock_17xx_40xx.o)
                0x00002310                Chip_Clock_GetPCLKDiv
 .text.Chip_Clock_GetSYSCLKRate
                0x0000239c       0x34 C:\Users\abl\Documents\single-cell-bms-software-c\lpc_chip_175x_6x\Debug\liblpc_chip_175x_6x.a(clock_17xx_40xx.o)
                0x0000239c                Chip_Clock_GetSYSCLKRate
 .text.Chip_Clock_GetMainPLLOutClockRate
                0x000023d0       0x54 C:\Users\abl\Documents\single-cell-bms-software-c\lpc_chip_175x_6x\Debug\liblpc_chip_175x_6x.a(clock_17xx_40xx.o)
                0x000023d0                Chip_Clock_GetMainPLLOutClockRate
 .text.Chip_Clock_GetMainClockRate
                0x00002424       0x28 C:\Users\abl\Documents\single-cell-bms-software-c\lpc_chip_175x_6x\Debug\liblpc_chip_175x_6x.a(clock_17xx_40xx.o)
                0x00002424                Chip_Clock_GetMainClockRate
 .text.Chip_Clock_GetSystemClockRate
                0x0000244c       0x18 C:\Users\abl\Documents\single-cell-bms-software-c\lpc_chip_175x_6x\Debug\liblpc_chip_175x_6x.a(clock_17xx_40xx.o)
                0x0000244c                Chip_Clock_GetSystemClockRate
 .text.Chip_Clock_GetPeripheralClockRate
                0x00002464       0x26 C:\Users\abl\Documents\single-cell-bms-software-c\lpc_chip_175x_6x\Debug\liblpc_chip_175x_6x.a(clock_17xx_40xx.o)
                0x00002464                Chip_Clock_GetPeripheralClockRate
 *fill*         0x0000248a        0x2 ff
 .text.configDMAMux
                0x0000248c       0x68 C:\Users\abl\Documents\single-cell-bms-software-c\lpc_chip_175x_6x\Debug\liblpc_chip_175x_6x.a(gpdma_17xx_40xx.o)
 .text.makeCtrlWord
                0x000024f4      0x124 C:\Users\abl\Documents\single-cell-bms-software-c\lpc_chip_175x_6x\Debug\liblpc_chip_175x_6x.a(gpdma_17xx_40xx.o)
                0x000024f4                makeCtrlWord
 .text.setupChannel
                0x00002618       0xbc C:\Users\abl\Documents\single-cell-bms-software-c\lpc_chip_175x_6x\Debug\liblpc_chip_175x_6x.a(gpdma_17xx_40xx.o)
                0x00002618                setupChannel
 .text.Chip_GPDMA_Init
                0x000026d4       0x64 C:\Users\abl\Documents\single-cell-bms-software-c\lpc_chip_175x_6x\Debug\liblpc_chip_175x_6x.a(gpdma_17xx_40xx.o)
                0x000026d4                Chip_GPDMA_Init
 .text.Chip_GPDMA_Interrupt
                0x00002738       0x6c C:\Users\abl\Documents\single-cell-bms-software-c\lpc_chip_175x_6x\Debug\liblpc_chip_175x_6x.a(gpdma_17xx_40xx.o)
                0x00002738                Chip_GPDMA_Interrupt
 .text.Chip_GPDMA_InitChannelCfg
                0x000027a4       0xe0 C:\Users\abl\Documents\single-cell-bms-software-c\lpc_chip_175x_6x\Debug\liblpc_chip_175x_6x.a(gpdma_17xx_40xx.o)
                0x000027a4                Chip_GPDMA_InitChannelCfg
 .text.Chip_GPDMA_IntGetStatus
                0x00002884       0xbc C:\Users\abl\Documents\single-cell-bms-software-c\lpc_chip_175x_6x\Debug\liblpc_chip_175x_6x.a(gpdma_17xx_40xx.o)
                0x00002884                Chip_GPDMA_IntGetStatus
 .text.Chip_GPDMA_ClearIntPending
                0x00002940       0x3e C:\Users\abl\Documents\single-cell-bms-software-c\lpc_chip_175x_6x\Debug\liblpc_chip_175x_6x.a(gpdma_17xx_40xx.o)
                0x00002940                Chip_GPDMA_ClearIntPending
 .text.Chip_GPDMA_ChannelCmd
                0x0000297e       0x46 C:\Users\abl\Documents\single-cell-bms-software-c\lpc_chip_175x_6x\Debug\liblpc_chip_175x_6x.a(gpdma_17xx_40xx.o)
                0x0000297e                Chip_GPDMA_ChannelCmd
 .text.Chip_GPDMA_Transfer
                0x000029c4       0xf4 C:\Users\abl\Documents\single-cell-bms-software-c\lpc_chip_175x_6x\Debug\liblpc_chip_175x_6x.a(gpdma_17xx_40xx.o)
                0x000029c4                Chip_GPDMA_Transfer
 .text.Chip_GPDMA_GetFreeChannel
                0x00002ab8       0x58 C:\Users\abl\Documents\single-cell-bms-software-c\lpc_chip_175x_6x\Debug\liblpc_chip_175x_6x.a(gpdma_17xx_40xx.o)
                0x00002ab8                Chip_GPDMA_GetFreeChannel
 .text.Chip_IOCON_PinMuxSet
                0x00002b10       0x36 C:\Users\abl\Documents\single-cell-bms-software-c\lpc_chip_175x_6x\Debug\liblpc_chip_175x_6x.a(iocon_17xx_40xx.o)
                0x00002b10                Chip_IOCON_PinMuxSet
 .text.Chip_IOCON_PinMux
                0x00002b46       0x94 C:\Users\abl\Documents\single-cell-bms-software-c\lpc_chip_175x_6x\Debug\liblpc_chip_175x_6x.a(iocon_17xx_40xx.o)
                0x00002b46                Chip_IOCON_PinMux
 .text.Chip_IOCON_SetPinMuxing
                0x00002bda       0x62 C:\Users\abl\Documents\single-cell-bms-software-c\lpc_chip_175x_6x\Debug\liblpc_chip_175x_6x.a(iocon_17xx_40xx.o)
                0x00002bda                Chip_IOCON_SetPinMuxing
 .text.Chip_SSP_SetFormat
                0x00002c3c       0x30 C:\Users\abl\Documents\single-cell-bms-software-c\lpc_chip_175x_6x\Debug\liblpc_chip_175x_6x.a(ssp_17xx_40xx.o)
 .text.Chip_SSP_Set_Mode
                0x00002c6c       0x24 C:\Users\abl\Documents\single-cell-bms-software-c\lpc_chip_175x_6x\Debug\liblpc_chip_175x_6x.a(ssp_17xx_40xx.o)
 .text.Chip_SSP_GetClockIndex
                0x00002c90       0x2c C:\Users\abl\Documents\single-cell-bms-software-c\lpc_chip_175x_6x\Debug\liblpc_chip_175x_6x.a(ssp_17xx_40xx.o)
 .text.Chip_SSP_GetClkIndex
                0x00002cbc       0x2c C:\Users\abl\Documents\single-cell-bms-software-c\lpc_chip_175x_6x\Debug\liblpc_chip_175x_6x.a(ssp_17xx_40xx.o)
 .text.Chip_SSP_SetClockRate
                0x00002ce8       0x34 C:\Users\abl\Documents\single-cell-bms-software-c\lpc_chip_175x_6x\Debug\liblpc_chip_175x_6x.a(ssp_17xx_40xx.o)
                0x00002ce8                Chip_SSP_SetClockRate
 .text.Chip_SSP_SetMaster
                0x00002d1c       0x2c C:\Users\abl\Documents\single-cell-bms-software-c\lpc_chip_175x_6x\Debug\liblpc_chip_175x_6x.a(ssp_17xx_40xx.o)
                0x00002d1c                Chip_SSP_SetMaster
 .text.Chip_SSP_SetBitRate
                0x00002d48       0x74 C:\Users\abl\Documents\single-cell-bms-software-c\lpc_chip_175x_6x\Debug\liblpc_chip_175x_6x.a(ssp_17xx_40xx.o)
                0x00002d48                Chip_SSP_SetBitRate
 .text.Chip_SSP_Init
                0x00002dbc       0x40 C:\Users\abl\Documents\single-cell-bms-software-c\lpc_chip_175x_6x\Debug\liblpc_chip_175x_6x.a(ssp_17xx_40xx.o)
                0x00002dbc                Chip_SSP_Init
 .text.Chip_Clock_IsMainPLLEnabled
                0x00002dfc       0x24 C:\Users\abl\Documents\single-cell-bms-software-c\lpc_chip_175x_6x\Debug\liblpc_chip_175x_6x.a(sysinit_17xx_40xx.o)
 .text.Chip_Clock_IsMainPLLLocked
                0x00002e20       0x24 C:\Users\abl\Documents\single-cell-bms-software-c\lpc_chip_175x_6x\Debug\liblpc_chip_175x_6x.a(sysinit_17xx_40xx.o)
 .text.Chip_Clock_IsMainPLLConnected
                0x00002e44       0x24 C:\Users\abl\Documents\single-cell-bms-software-c\lpc_chip_175x_6x\Debug\liblpc_chip_175x_6x.a(sysinit_17xx_40xx.o)
 .text.Chip_Clock_EnableCrystal
                0x00002e68       0x20 C:\Users\abl\Documents\single-cell-bms-software-c\lpc_chip_175x_6x\Debug\liblpc_chip_175x_6x.a(sysinit_17xx_40xx.o)
 .text.Chip_Clock_IsCrystalEnabled
                0x00002e88       0x24 C:\Users\abl\Documents\single-cell-bms-software-c\lpc_chip_175x_6x\Debug\liblpc_chip_175x_6x.a(sysinit_17xx_40xx.o)
 .text.Chip_Clock_SetMainPLLSource
                0x00002eac       0x20 C:\Users\abl\Documents\single-cell-bms-software-c\lpc_chip_175x_6x\Debug\liblpc_chip_175x_6x.a(sysinit_17xx_40xx.o)
 .text.Chip_SetupXtalClocking
                0x00002ecc       0x90 C:\Users\abl\Documents\single-cell-bms-software-c\lpc_chip_175x_6x\Debug\liblpc_chip_175x_6x.a(sysinit_17xx_40xx.o)
                0x00002ecc                Chip_SetupXtalClocking
 .text.Chip_Timer_GetClockIndex
                0x00002f5c       0x50 C:\Users\abl\Documents\single-cell-bms-software-c\lpc_chip_175x_6x\Debug\liblpc_chip_175x_6x.a(timer_17xx_40xx.o)
 .text.Chip_TIMER_Init
                0x00002fac       0x1e C:\Users\abl\Documents\single-cell-bms-software-c\lpc_chip_175x_6x\Debug\liblpc_chip_175x_6x.a(timer_17xx_40xx.o)
                0x00002fac                Chip_TIMER_Init
 .text.Chip_TIMER_DeInit
                0x00002fca       0x1e C:\Users\abl\Documents\single-cell-bms-software-c\lpc_chip_175x_6x\Debug\liblpc_chip_175x_6x.a(timer_17xx_40xx.o)
                0x00002fca                Chip_TIMER_DeInit
 .text.Chip_TIMER_Reset
                0x00002fe8       0x3a C:\Users\abl\Documents\single-cell-bms-software-c\lpc_chip_175x_6x\Debug\liblpc_chip_175x_6x.a(timer_17xx_40xx.o)
                0x00002fe8                Chip_TIMER_Reset
 *fill*         0x00003022        0x2 ff
 .text.arm_split_rfft_f32
                0x00003024      0x134 C:\Users\abl\Documents\single-cell-bms-software-c\CMSIS_DSPLIB_CM3\lib\libCMSIS_DSPLIB_CM3.a(arm_rfft_f32.o)
                0x00003024                arm_split_rfft_f32
 .text.arm_split_rifft_f32
                0x00003158       0xd8 C:\Users\abl\Documents\single-cell-bms-software-c\CMSIS_DSPLIB_CM3\lib\libCMSIS_DSPLIB_CM3.a(arm_rfft_f32.o)
                0x00003158                arm_split_rifft_f32
 .text.arm_rfft_f32
                0x00003230       0x84 C:\Users\abl\Documents\single-cell-bms-software-c\CMSIS_DSPLIB_CM3\lib\libCMSIS_DSPLIB_CM3.a(arm_rfft_f32.o)
                0x00003230                arm_rfft_f32
 .text.arm_rfft_init_f32
                0x000032b4       0x84 C:\Users\abl\Documents\single-cell-bms-software-c\CMSIS_DSPLIB_CM3\lib\libCMSIS_DSPLIB_CM3.a(arm_rfft_init_f32.o)
                0x000032b4                arm_rfft_init_f32
 .text.arm_bitreversal_f32
                0x00003338       0xbc C:\Users\abl\Documents\single-cell-bms-software-c\CMSIS_DSPLIB_CM3\lib\libCMSIS_DSPLIB_CM3.a(arm_bitreversal.o)
                0x00003338                arm_bitreversal_f32
 .text.arm_radix4_butterfly_f32
                0x000033f4      0x598 C:\Users\abl\Documents\single-cell-bms-software-c\CMSIS_DSPLIB_CM3\lib\libCMSIS_DSPLIB_CM3.a(arm_cfft_radix4_f32.o)
                0x000033f4                arm_radix4_butterfly_f32
 .text.arm_radix4_butterfly_inverse_f32
                0x0000398c      0x5d4 C:\Users\abl\Documents\single-cell-bms-software-c\CMSIS_DSPLIB_CM3\lib\libCMSIS_DSPLIB_CM3.a(arm_cfft_radix4_f32.o)
                0x0000398c                arm_radix4_butterfly_inverse_f32
 .text.arm_cfft_radix4_init_f32
                0x00003f60       0xb8 C:\Users\abl\Documents\single-cell-bms-software-c\CMSIS_DSPLIB_CM3\lib\libCMSIS_DSPLIB_CM3.a(arm_cfft_radix4_init_f32.o)
                0x00003f60                arm_cfft_radix4_init_f32
 .text          0x00004018      0x21c c:/nxp/mcuxpressoide_10.3.1_2233/ide/plugins/com.nxp.mcuxpresso.tools.win32_10.3.0.201811011841/tools/bin/../lib/gcc/arm-none-eabi/7.3.1/thumb/v7-m\libgcc.a(_arm_addsubsf3.o)
                0x00004018                __aeabi_frsub
                0x00004020                __subsf3
                0x00004020                __aeabi_fsub
                0x00004024                __aeabi_fadd
                0x00004024                __addsf3
                0x00004184                __aeabi_ui2f
                0x00004184                __floatunsisf
                0x0000418c                __aeabi_i2f
                0x0000418c                __floatsisf
                0x000041a8                __aeabi_ul2f
                0x000041a8                __floatundisf
                0x000041b8                __aeabi_l2f
                0x000041b8                __floatdisf
 .text          0x00004234      0x2a0 c:/nxp/mcuxpressoide_10.3.1_2233/ide/plugins/com.nxp.mcuxpresso.tools.win32_10.3.0.201811011841/tools/bin/../lib/gcc/arm-none-eabi/7.3.1/thumb/v7-m\libgcc.a(_arm_muldivsf3.o)
                0x00004234                __mulsf3
                0x00004234                __aeabi_fmul
                0x0000439c                __aeabi_fdiv
                0x0000439c                __divsf3
 .text          0x000044d4       0xec c:/nxp/mcuxpressoide_10.3.1_2233/ide/plugins/com.nxp.mcuxpresso.tools.win32_10.3.0.201811011841/tools/bin/../lib/gcc/arm-none-eabi/7.3.1/../../../../arm-none-eabi/lib/thumb/v7-m\libc.a(lib_a-memcpy.o)
                0x000044d4                memcpy
 *(.rodata .rodata.* .constdata .constdata.*)
 .rodata.pinmuxing_adc
                0x000045c0       0x2c C:\Users\abl\Documents\single-cell-bms-software-c\hal_lib_LPC175x_6x_ADC\Debug\libhal_lib_LPC175x_6x_ADC.a(lpc_175x_6x_hal_ADS8568.o)
 .rodata.OscRateIn
                0x000045ec        0x4 C:\Users\abl\Documents\single-cell-bms-software-c\hal_lib_LPC175x_6x_SC\Debug\libhal_lib_LPC175x_6x_SC.a(board.o)
                0x000045ec                OscRateIn
 .rodata.RTCOscRateIn
                0x000045f0        0x4 C:\Users\abl\Documents\single-cell-bms-software-c\hal_lib_LPC175x_6x_SC\Debug\libhal_lib_LPC175x_6x_SC.a(board.o)
                0x000045f0                RTCOscRateIn
 .rodata.pinmuxing
                0x000045f4       0x70 C:\Users\abl\Documents\single-cell-bms-software-c\hal_lib_LPC175x_6x_SC\Debug\libhal_lib_LPC175x_6x_SC.a(board_sysinit.o)
 .rodata.GPDMA_LUTPerBurst
                0x00004664       0x18 C:\Users\abl\Documents\single-cell-bms-software-c\lpc_chip_175x_6x\Debug\liblpc_chip_175x_6x.a(gpdma_17xx_40xx.o)
                0x00004664                GPDMA_LUTPerBurst
 .rodata.GPDMA_LUTPerWid
                0x0000467c       0x18 C:\Users\abl\Documents\single-cell-bms-software-c\lpc_chip_175x_6x\Debug\liblpc_chip_175x_6x.a(gpdma_17xx_40xx.o)
                0x0000467c                GPDMA_LUTPerWid
 .rodata.realCoefA
                0x00004694     0x8000 C:\Users\abl\Documents\single-cell-bms-software-c\CMSIS_DSPLIB_CM3\lib\libCMSIS_DSPLIB_CM3.a(arm_rfft_init_f32.o)
 .rodata.realCoefB
                0x0000c694     0x8000 C:\Users\abl\Documents\single-cell-bms-software-c\CMSIS_DSPLIB_CM3\lib\libCMSIS_DSPLIB_CM3.a(arm_rfft_init_f32.o)
 .rodata.armBitRevTable
                0x00014694      0x800 C:\Users\abl\Documents\single-cell-bms-software-c\CMSIS_DSPLIB_CM3\lib\libCMSIS_DSPLIB_CM3.a(arm_common_tables.o)
                0x00014694                armBitRevTable
 .rodata.twiddleCoef_4096
                0x00014e94     0x8000 C:\Users\abl\Documents\single-cell-bms-software-c\CMSIS_DSPLIB_CM3\lib\libCMSIS_DSPLIB_CM3.a(arm_common_tables.o)
                0x00014e94                twiddleCoef_4096
                0x0001ce94                . = ALIGN (0x4)

.glue_7         0x0001ce94        0x0
 .glue_7        0x0001ce94        0x0 linker stubs

.glue_7t        0x0001ce94        0x0
 .glue_7t       0x0001ce94        0x0 linker stubs

.vfp11_veneer   0x0001ce94        0x0
 .vfp11_veneer  0x0001ce94        0x0 linker stubs

.v4_bx          0x0001ce94        0x0
 .v4_bx         0x0001ce94        0x0 linker stubs

.iplt           0x0001ce94        0x0
 .iplt          0x0001ce94        0x0 ./src/app_OEIS_ADC.o

.rel.dyn        0x0001ce94        0x0
 .rel.iplt      0x0001ce94        0x0 ./src/app_OEIS_ADC.o

.ARM.extab
 *(.ARM.extab* .gnu.linkonce.armextab.*)
                0x0001ce94                __exidx_start = .

.ARM.exidx
 *(.ARM.exidx* .gnu.linkonce.armexidx.*)
                0x0001ce94                __exidx_end = .
                0x0001ce94                _etext = .

.data_RAM2      0x2007c000     0x2190 load address 0x0001ce94
 FILL mask 0xff
                [!provide]                PROVIDE (__start_data_RAM2 = .)
 *(.ramfunc.$RAM2)
 *(.ramfunc.$RamAHB32)
 *(.data.$RAM2*)
 .data.$RAM2    0x2007c000     0x2190 ./src/app_OEIS_ADC.o
                0x2007c000                result
 *(.data.$RamAHB32*)
                0x2007e190                . = ALIGN (0x4)
                [!provide]                PROVIDE (__end_data_RAM2 = .)

.uninit_RESERVED
                0x10000000        0x0
 *(.bss.$RESERVED*)
                0x10000000                . = ALIGN (0x4)
                0x10000000                _end_uninit_RESERVED = .

.data           0x10000000       0xfc load address 0x0001f024
 FILL mask 0xff
                0x10000000                _data = .
 *(vtable)
 *(.ramfunc*)
 *(.data*)
 .data.status   0x10000000        0x1 ./src/app_OEIS_ADC.o
                0x10000000                status
 *fill*         0x10000001        0x3 ff
 .data.next_frequency
                0x10000004        0x4 ./src/app_OEIS_ADC.o
                0x10000004                next_frequency
 .data.next_periods
                0x10000008        0x1 ./src/app_OEIS_ADC.o
                0x10000008                next_periods
 *fill*         0x10000009        0x3 ff
 .data.next_amplitude_max
                0x1000000c        0x4 ./src/app_OEIS_ADC.o
                0x1000000c                next_amplitude_max
 .data.idx      0x10000010        0x4 C:\Users\abl\Documents\single-cell-bms-software-c\hal_lib_LPC175x_6x_ADC\Debug\libhal_lib_LPC175x_6x_ADC.a(lpc_175x_6x_hal_ADS8568.o)
 .data.FullCANSection
                0x10000014       0x18 C:\Users\abl\Documents\single-cell-bms-software-c\hal_lib_LPC175x_6x_SC\Debug\libhal_lib_LPC175x_6x_SC.a(lpc_175x_6x_hal_can.o)
                0x10000014                FullCANSection
 .data.SFFSection
                0x1000002c       0x18 C:\Users\abl\Documents\single-cell-bms-software-c\hal_lib_LPC175x_6x_SC\Debug\libhal_lib_LPC175x_6x_SC.a(lpc_175x_6x_hal_can.o)
                0x1000002c                SFFSection
 .data.EFFSection
                0x10000044       0x30 C:\Users\abl\Documents\single-cell-bms-software-c\hal_lib_LPC175x_6x_SC\Debug\libhal_lib_LPC175x_6x_SC.a(lpc_175x_6x_hal_can.o)
                0x10000044                EFFSection
 .data.AFSections
                0x10000074       0x28 C:\Users\abl\Documents\single-cell-bms-software-c\hal_lib_LPC175x_6x_SC\Debug\libhal_lib_LPC175x_6x_SC.a(lpc_175x_6x_hal_can.o)
                0x10000074                AFSections
 .data.GPDMA_LUTPerAddr
                0x1000009c       0x60 C:\Users\abl\Documents\single-cell-bms-software-c\lpc_chip_175x_6x\Debug\liblpc_chip_175x_6x.a(gpdma_17xx_40xx.o)
                0x1000009c                GPDMA_LUTPerAddr
                0x100000fc                . = ALIGN (0x4)
                0x100000fc                _edata = .

.igot.plt       0x100000fc        0x0 load address 0x0001f120
 .igot.plt      0x100000fc        0x0 ./src/app_OEIS_ADC.o

.bss_RAM2       0x2007e190        0x0
                [!provide]                PROVIDE (__start_bss_RAM2 = .)
 *(.bss.$RAM2*)
 *(.bss.$RamAHB32*)
                0x2007e190                . = ALIGN ((. != 0x0)?0x4:0x1)
                [!provide]                PROVIDE (__end_bss_RAM2 = .)

.bss            0x100000fc     0x221c
                0x100000fc                _bss = .
 *(.bss*)
 .bss.emergency_flag
                0x100000fc        0x1 ./src/app_OEIS_ADC.o
                0x100000fc                emergency_flag
 .bss.m_finished_flag
                0x100000fd        0x1 ./src/app_OEIS_ADC.o
                0x100000fd                m_finished_flag
 .bss.new_m_flag
                0x100000fe        0x1 ./src/app_OEIS_ADC.o
                0x100000fe                new_m_flag
 *fill*         0x100000ff        0x1 
 .bss.next_amplitude_min
                0x10000100        0x4 ./src/app_OEIS_ADC.o
                0x10000100                next_amplitude_min
 .bss.Buffer    0x10000104     0x21e0 ./src/app_OEIS_ADC.o
                0x10000104                Buffer
 .bss.Tx_Buf    0x100022e4       0x10 C:\Users\abl\Documents\single-cell-bms-software-c\hal_lib_LPC175x_6x_ADC\Debug\libhal_lib_LPC175x_6x_ADC.a(lpc_175x_6x_hal_ADS8568.o)
                0x100022e4                Tx_Buf
 .bss.Rx_Buf    0x100022f4       0x10 C:\Users\abl\Documents\single-cell-bms-software-c\hal_lib_LPC175x_6x_ADC\Debug\libhal_lib_LPC175x_6x_ADC.a(lpc_175x_6x_hal_ADS8568.o)
                0x100022f4                Rx_Buf
 .bss.ssp_format
                0x10002304        0x3 C:\Users\abl\Documents\single-cell-bms-software-c\hal_lib_LPC175x_6x_ADC\Debug\libhal_lib_LPC175x_6x_ADC.a(lpc_175x_6x_hal_ADS8568.o)
 .bss.dmaChSSPTx
                0x10002307        0x1 C:\Users\abl\Documents\single-cell-bms-software-c\hal_lib_LPC175x_6x_ADC\Debug\libhal_lib_LPC175x_6x_ADC.a(lpc_175x_6x_hal_ADS8568.o)
 .bss.dmaChSSPRx
                0x10002308        0x1 C:\Users\abl\Documents\single-cell-bms-software-c\hal_lib_LPC175x_6x_ADC\Debug\libhal_lib_LPC175x_6x_ADC.a(lpc_175x_6x_hal_ADS8568.o)
 .bss.isDmaTxfCompleted
                0x10002309        0x1 C:\Users\abl\Documents\single-cell-bms-software-c\hal_lib_LPC175x_6x_ADC\Debug\libhal_lib_LPC175x_6x_ADC.a(lpc_175x_6x_hal_ADS8568.o)
 .bss.isDmaRxfCompleted
                0x1000230a        0x1 C:\Users\abl\Documents\single-cell-bms-software-c\hal_lib_LPC175x_6x_ADC\Debug\libhal_lib_LPC175x_6x_ADC.a(lpc_175x_6x_hal_ADS8568.o)
 *fill*         0x1000230b        0x1 
 .bss.SffGrpSection
                0x1000230c        0x0 C:\Users\abl\Documents\single-cell-bms-software-c\hal_lib_LPC175x_6x_SC\Debug\libhal_lib_LPC175x_6x_SC.a(lpc_175x_6x_hal_can.o)
                0x1000230c                SffGrpSection
 .bss.EffGrpSection
                0x1000230c        0x0 C:\Users\abl\Documents\single-cell-bms-software-c\hal_lib_LPC175x_6x_SC\Debug\libhal_lib_LPC175x_6x_SC.a(lpc_175x_6x_hal_can.o)
                0x1000230c                EffGrpSection
 .bss.ChannelHandlerArray
                0x1000230c        0x8 C:\Users\abl\Documents\single-cell-bms-software-c\lpc_chip_175x_6x\Debug\liblpc_chip_175x_6x.a(gpdma_17xx_40xx.o)
 *(COMMON)
 COMMON         0x10002314        0x4 C:\Users\abl\Documents\single-cell-bms-software-c\lpc_chip_175x_6x\Debug\liblpc_chip_175x_6x.a(chip_17xx_40xx.o)
                0x10002314                SystemCoreClock
                0x10002318                . = ALIGN (0x4)
                0x10002318                _ebss = .
                [!provide]                PROVIDE (end = .)

.noinit_RAM2    0x2007e190        0x0
 *(.noinit.$RAM2*)
 *(.noinit.$RamAHB32*)
                0x2007e190                . = ALIGN (0x4)

.noinit         0x10002318        0x0
                0x10002318                _noinit = .
 *(.noinit*)
                0x10002318                . = ALIGN (0x4)
                0x10002318                _end_noinit = .
                [!provide]                PROVIDE (_pvHeapStart = DEFINED (__user_heap_base)?__user_heap_base:.)
                0x10008000                PROVIDE (_vStackTop = DEFINED (__user_stack_top)?__user_stack_top:(__top_RamLoc32 - 0x0))
                0xefff74de                PROVIDE (__valid_user_code_checksum = (0x0 - ((((((_vStackTop + (ResetISR + 0x1)) + (NMI_Handler + 0x1)) + (HardFault_Handler + 0x1)) + (DEFINED (MemManage_Handler)?MemManage_Handler:0x0 + 0x1)) + (DEFINED (BusFault_Handler)?BusFault_Handler:0x0 + 0x1)) + (DEFINED (UsageFault_Handler)?UsageFault_Handler:0x0 + 0x1))))
                0x00000000                _image_start = LOADADDR (.text)
                0x0001f120                _image_end = (LOADADDR (.data) + SIZEOF (.data))
                0x0001f120                _image_size = (_image_end - _image_start)
OUTPUT(app_OEIS_ADC.axf elf32-littlearm)

.debug_info     0x00000000     0xff96
 .debug_info    0x00000000      0xf00 ./src/app_OEIS_ADC.o
 .debug_info    0x00000f00      0x255 ./src/cr_startup_lpc175x_6x.o
 .debug_info    0x00001155       0x3f ./src/crp.o
 .debug_info    0x00001194      0xa95 ./src/sysinit.o
 .debug_info    0x00001c29     0x14f9 C:\Users\abl\Documents\single-cell-bms-software-c\hal_lib_LPC175x_6x_ADC\Debug\libhal_lib_LPC175x_6x_ADC.a(lpc_175x_6x_hal_ADS8568.o)
 .debug_info    0x00003122      0x5d2 C:\Users\abl\Documents\single-cell-bms-software-c\hal_lib_LPC175x_6x_SC\Debug\libhal_lib_LPC175x_6x_SC.a(board.o)
 .debug_info    0x000036f4      0x6f0 C:\Users\abl\Documents\single-cell-bms-software-c\hal_lib_LPC175x_6x_SC\Debug\libhal_lib_LPC175x_6x_SC.a(board_sysinit.o)
 .debug_info    0x00003de4     0x1039 C:\Users\abl\Documents\single-cell-bms-software-c\hal_lib_LPC175x_6x_SC\Debug\libhal_lib_LPC175x_6x_SC.a(lpc_175x_6x_hal_can.o)
 .debug_info    0x00004e1d     0x1ed6 C:\Users\abl\Documents\single-cell-bms-software-c\lpc_chip_175x_6x\Debug\liblpc_chip_175x_6x.a(can_17xx_40xx.o)
 .debug_info    0x00006cf3      0x558 C:\Users\abl\Documents\single-cell-bms-software-c\lpc_chip_175x_6x\Debug\liblpc_chip_175x_6x.a(chip_17xx_40xx.o)
 .debug_info    0x0000724b      0xba2 C:\Users\abl\Documents\single-cell-bms-software-c\lpc_chip_175x_6x\Debug\liblpc_chip_175x_6x.a(clock_17xx_40xx.o)
 .debug_info    0x00007ded     0x1354 C:\Users\abl\Documents\single-cell-bms-software-c\lpc_chip_175x_6x\Debug\liblpc_chip_175x_6x.a(gpdma_17xx_40xx.o)
 .debug_info    0x00009141      0x31e C:\Users\abl\Documents\single-cell-bms-software-c\lpc_chip_175x_6x\Debug\liblpc_chip_175x_6x.a(iocon_17xx_40xx.o)
 .debug_info    0x0000945f      0xc31 C:\Users\abl\Documents\single-cell-bms-software-c\lpc_chip_175x_6x\Debug\liblpc_chip_175x_6x.a(ssp_17xx_40xx.o)
 .debug_info    0x0000a090      0x474 C:\Users\abl\Documents\single-cell-bms-software-c\lpc_chip_175x_6x\Debug\liblpc_chip_175x_6x.a(sysinit_17xx_40xx.o)
 .debug_info    0x0000a504      0x42b C:\Users\abl\Documents\single-cell-bms-software-c\lpc_chip_175x_6x\Debug\liblpc_chip_175x_6x.a(timer_17xx_40xx.o)
 .debug_info    0x0000a92f      0xd71 C:\Users\abl\Documents\single-cell-bms-software-c\CMSIS_DSPLIB_CM3\lib\libCMSIS_DSPLIB_CM3.a(arm_rfft_f32.o)
 .debug_info    0x0000b6a0      0xb78 C:\Users\abl\Documents\single-cell-bms-software-c\CMSIS_DSPLIB_CM3\lib\libCMSIS_DSPLIB_CM3.a(arm_rfft_init_f32.o)
 .debug_info    0x0000c218      0xeb6 C:\Users\abl\Documents\single-cell-bms-software-c\CMSIS_DSPLIB_CM3\lib\libCMSIS_DSPLIB_CM3.a(arm_bitreversal.o)
 .debug_info    0x0000d0ce     0x1244 C:\Users\abl\Documents\single-cell-bms-software-c\CMSIS_DSPLIB_CM3\lib\libCMSIS_DSPLIB_CM3.a(arm_cfft_radix4_f32.o)
 .debug_info    0x0000e312      0xe13 C:\Users\abl\Documents\single-cell-bms-software-c\CMSIS_DSPLIB_CM3\lib\libCMSIS_DSPLIB_CM3.a(arm_cfft_radix4_init_f32.o)
 .debug_info    0x0000f125      0xe71 C:\Users\abl\Documents\single-cell-bms-software-c\CMSIS_DSPLIB_CM3\lib\libCMSIS_DSPLIB_CM3.a(arm_common_tables.o)

.debug_abbrev   0x00000000     0x2d86
 .debug_abbrev  0x00000000      0x277 ./src/app_OEIS_ADC.o
 .debug_abbrev  0x00000277      0x114 ./src/cr_startup_lpc175x_6x.o
 .debug_abbrev  0x0000038b       0x36 ./src/crp.o
 .debug_abbrev  0x000003c1      0x20b ./src/sysinit.o
 .debug_abbrev  0x000005cc      0x30c C:\Users\abl\Documents\single-cell-bms-software-c\hal_lib_LPC175x_6x_ADC\Debug\libhal_lib_LPC175x_6x_ADC.a(lpc_175x_6x_hal_ADS8568.o)
 .debug_abbrev  0x000008d8      0x168 C:\Users\abl\Documents\single-cell-bms-software-c\hal_lib_LPC175x_6x_SC\Debug\libhal_lib_LPC175x_6x_SC.a(board.o)
 .debug_abbrev  0x00000a40      0x180 C:\Users\abl\Documents\single-cell-bms-software-c\hal_lib_LPC175x_6x_SC\Debug\libhal_lib_LPC175x_6x_SC.a(board_sysinit.o)
 .debug_abbrev  0x00000bc0      0x2f7 C:\Users\abl\Documents\single-cell-bms-software-c\hal_lib_LPC175x_6x_SC\Debug\libhal_lib_LPC175x_6x_SC.a(lpc_175x_6x_hal_can.o)
 .debug_abbrev  0x00000eb7      0x32c C:\Users\abl\Documents\single-cell-bms-software-c\lpc_chip_175x_6x\Debug\liblpc_chip_175x_6x.a(can_17xx_40xx.o)
 .debug_abbrev  0x000011e3      0x151 C:\Users\abl\Documents\single-cell-bms-software-c\lpc_chip_175x_6x\Debug\liblpc_chip_175x_6x.a(chip_17xx_40xx.o)
 .debug_abbrev  0x00001334      0x309 C:\Users\abl\Documents\single-cell-bms-software-c\lpc_chip_175x_6x\Debug\liblpc_chip_175x_6x.a(clock_17xx_40xx.o)
 .debug_abbrev  0x0000163d      0x288 C:\Users\abl\Documents\single-cell-bms-software-c\lpc_chip_175x_6x\Debug\liblpc_chip_175x_6x.a(gpdma_17xx_40xx.o)
 .debug_abbrev  0x000018c5      0x14a C:\Users\abl\Documents\single-cell-bms-software-c\lpc_chip_175x_6x\Debug\liblpc_chip_175x_6x.a(iocon_17xx_40xx.o)
 .debug_abbrev  0x00001a0f      0x273 C:\Users\abl\Documents\single-cell-bms-software-c\lpc_chip_175x_6x\Debug\liblpc_chip_175x_6x.a(ssp_17xx_40xx.o)
 .debug_abbrev  0x00001c82      0x18e C:\Users\abl\Documents\single-cell-bms-software-c\lpc_chip_175x_6x\Debug\liblpc_chip_175x_6x.a(sysinit_17xx_40xx.o)
 .debug_abbrev  0x00001e10      0x171 C:\Users\abl\Documents\single-cell-bms-software-c\lpc_chip_175x_6x\Debug\liblpc_chip_175x_6x.a(timer_17xx_40xx.o)
 .debug_abbrev  0x00001f81      0x2b1 C:\Users\abl\Documents\single-cell-bms-software-c\CMSIS_DSPLIB_CM3\lib\libCMSIS_DSPLIB_CM3.a(arm_rfft_f32.o)
 .debug_abbrev  0x00002232      0x25c C:\Users\abl\Documents\single-cell-bms-software-c\CMSIS_DSPLIB_CM3\lib\libCMSIS_DSPLIB_CM3.a(arm_rfft_init_f32.o)
 .debug_abbrev  0x0000248e      0x22e C:\Users\abl\Documents\single-cell-bms-software-c\CMSIS_DSPLIB_CM3\lib\libCMSIS_DSPLIB_CM3.a(arm_bitreversal.o)
 .debug_abbrev  0x000026bc      0x2dc C:\Users\abl\Documents\single-cell-bms-software-c\CMSIS_DSPLIB_CM3\lib\libCMSIS_DSPLIB_CM3.a(arm_cfft_radix4_f32.o)
 .debug_abbrev  0x00002998      0x218 C:\Users\abl\Documents\single-cell-bms-software-c\CMSIS_DSPLIB_CM3\lib\libCMSIS_DSPLIB_CM3.a(arm_cfft_radix4_init_f32.o)
 .debug_abbrev  0x00002bb0      0x1d6 C:\Users\abl\Documents\single-cell-bms-software-c\CMSIS_DSPLIB_CM3\lib\libCMSIS_DSPLIB_CM3.a(arm_common_tables.o)

.debug_aranges  0x00000000      0x988
 .debug_aranges
                0x00000000       0x28 ./src/app_OEIS_ADC.o
 .debug_aranges
                0x00000028       0x80 ./src/cr_startup_lpc175x_6x.o
 .debug_aranges
                0x000000a8       0x18 ./src/crp.o
 .debug_aranges
                0x000000c0       0x20 ./src/sysinit.o
 .debug_aranges
                0x000000e0      0x128 C:\Users\abl\Documents\single-cell-bms-software-c\hal_lib_LPC175x_6x_ADC\Debug\libhal_lib_LPC175x_6x_ADC.a(lpc_175x_6x_hal_ADS8568.o)
 .debug_aranges
                0x00000208       0x38 C:\Users\abl\Documents\single-cell-bms-software-c\hal_lib_LPC175x_6x_SC\Debug\libhal_lib_LPC175x_6x_SC.a(board.o)
 .debug_aranges
                0x00000240       0x38 C:\Users\abl\Documents\single-cell-bms-software-c\hal_lib_LPC175x_6x_SC\Debug\libhal_lib_LPC175x_6x_SC.a(board_sysinit.o)
 .debug_aranges
                0x00000278       0xa0 C:\Users\abl\Documents\single-cell-bms-software-c\hal_lib_LPC175x_6x_SC\Debug\libhal_lib_LPC175x_6x_SC.a(lpc_175x_6x_hal_can.o)
 .debug_aranges
                0x00000318      0x1e8 C:\Users\abl\Documents\single-cell-bms-software-c\lpc_chip_175x_6x\Debug\liblpc_chip_175x_6x.a(can_17xx_40xx.o)
 .debug_aranges
                0x00000500       0x38 C:\Users\abl\Documents\single-cell-bms-software-c\lpc_chip_175x_6x\Debug\liblpc_chip_175x_6x.a(chip_17xx_40xx.o)
 .debug_aranges
                0x00000538      0x120 C:\Users\abl\Documents\single-cell-bms-software-c\lpc_chip_175x_6x\Debug\liblpc_chip_175x_6x.a(clock_17xx_40xx.o)
 .debug_aranges
                0x00000658       0x90 C:\Users\abl\Documents\single-cell-bms-software-c\lpc_chip_175x_6x\Debug\liblpc_chip_175x_6x.a(gpdma_17xx_40xx.o)
 .debug_aranges
                0x000006e8       0x30 C:\Users\abl\Documents\single-cell-bms-software-c\lpc_chip_175x_6x\Debug\liblpc_chip_175x_6x.a(iocon_17xx_40xx.o)
 .debug_aranges
                0x00000718       0xe8 C:\Users\abl\Documents\single-cell-bms-software-c\lpc_chip_175x_6x\Debug\liblpc_chip_175x_6x.a(ssp_17xx_40xx.o)
 .debug_aranges
                0x00000800       0x60 C:\Users\abl\Documents\single-cell-bms-software-c\lpc_chip_175x_6x\Debug\liblpc_chip_175x_6x.a(sysinit_17xx_40xx.o)
 .debug_aranges
                0x00000860       0x40 C:\Users\abl\Documents\single-cell-bms-software-c\lpc_chip_175x_6x\Debug\liblpc_chip_175x_6x.a(timer_17xx_40xx.o)
 .debug_aranges
                0x000008a0       0x30 C:\Users\abl\Documents\single-cell-bms-software-c\CMSIS_DSPLIB_CM3\lib\libCMSIS_DSPLIB_CM3.a(arm_rfft_f32.o)
 .debug_aranges
                0x000008d0       0x20 C:\Users\abl\Documents\single-cell-bms-software-c\CMSIS_DSPLIB_CM3\lib\libCMSIS_DSPLIB_CM3.a(arm_rfft_init_f32.o)
 .debug_aranges
                0x000008f0       0x30 C:\Users\abl\Documents\single-cell-bms-software-c\CMSIS_DSPLIB_CM3\lib\libCMSIS_DSPLIB_CM3.a(arm_bitreversal.o)
 .debug_aranges
                0x00000920       0x30 C:\Users\abl\Documents\single-cell-bms-software-c\CMSIS_DSPLIB_CM3\lib\libCMSIS_DSPLIB_CM3.a(arm_cfft_radix4_f32.o)
 .debug_aranges
                0x00000950       0x20 C:\Users\abl\Documents\single-cell-bms-software-c\CMSIS_DSPLIB_CM3\lib\libCMSIS_DSPLIB_CM3.a(arm_cfft_radix4_init_f32.o)
 .debug_aranges
                0x00000970       0x18 C:\Users\abl\Documents\single-cell-bms-software-c\CMSIS_DSPLIB_CM3\lib\libCMSIS_DSPLIB_CM3.a(arm_common_tables.o)

.debug_ranges   0x00000000      0x848
 .debug_ranges  0x00000000       0x18 ./src/app_OEIS_ADC.o
 .debug_ranges  0x00000018       0x70 ./src/cr_startup_lpc175x_6x.o
 .debug_ranges  0x00000088       0x10 ./src/sysinit.o
 .debug_ranges  0x00000098      0x118 C:\Users\abl\Documents\single-cell-bms-software-c\hal_lib_LPC175x_6x_ADC\Debug\libhal_lib_LPC175x_6x_ADC.a(lpc_175x_6x_hal_ADS8568.o)
 .debug_ranges  0x000001b0       0x28 C:\Users\abl\Documents\single-cell-bms-software-c\hal_lib_LPC175x_6x_SC\Debug\libhal_lib_LPC175x_6x_SC.a(board.o)
 .debug_ranges  0x000001d8       0x28 C:\Users\abl\Documents\single-cell-bms-software-c\hal_lib_LPC175x_6x_SC\Debug\libhal_lib_LPC175x_6x_SC.a(board_sysinit.o)
 .debug_ranges  0x00000200       0x90 C:\Users\abl\Documents\single-cell-bms-software-c\hal_lib_LPC175x_6x_SC\Debug\libhal_lib_LPC175x_6x_SC.a(lpc_175x_6x_hal_can.o)
 .debug_ranges  0x00000290      0x208 C:\Users\abl\Documents\single-cell-bms-software-c\lpc_chip_175x_6x\Debug\liblpc_chip_175x_6x.a(can_17xx_40xx.o)
 .debug_ranges  0x00000498       0x28 C:\Users\abl\Documents\single-cell-bms-software-c\lpc_chip_175x_6x\Debug\liblpc_chip_175x_6x.a(chip_17xx_40xx.o)
 .debug_ranges  0x000004c0      0x110 C:\Users\abl\Documents\single-cell-bms-software-c\lpc_chip_175x_6x\Debug\liblpc_chip_175x_6x.a(clock_17xx_40xx.o)
 .debug_ranges  0x000005d0       0x80 C:\Users\abl\Documents\single-cell-bms-software-c\lpc_chip_175x_6x\Debug\liblpc_chip_175x_6x.a(gpdma_17xx_40xx.o)
 .debug_ranges  0x00000650       0x20 C:\Users\abl\Documents\single-cell-bms-software-c\lpc_chip_175x_6x\Debug\liblpc_chip_175x_6x.a(iocon_17xx_40xx.o)
 .debug_ranges  0x00000670       0xd8 C:\Users\abl\Documents\single-cell-bms-software-c\lpc_chip_175x_6x\Debug\liblpc_chip_175x_6x.a(ssp_17xx_40xx.o)
 .debug_ranges  0x00000748       0x50 C:\Users\abl\Documents\single-cell-bms-software-c\lpc_chip_175x_6x\Debug\liblpc_chip_175x_6x.a(sysinit_17xx_40xx.o)
 .debug_ranges  0x00000798       0x30 C:\Users\abl\Documents\single-cell-bms-software-c\lpc_chip_175x_6x\Debug\liblpc_chip_175x_6x.a(timer_17xx_40xx.o)
 .debug_ranges  0x000007c8       0x20 C:\Users\abl\Documents\single-cell-bms-software-c\CMSIS_DSPLIB_CM3\lib\libCMSIS_DSPLIB_CM3.a(arm_rfft_f32.o)
 .debug_ranges  0x000007e8       0x10 C:\Users\abl\Documents\single-cell-bms-software-c\CMSIS_DSPLIB_CM3\lib\libCMSIS_DSPLIB_CM3.a(arm_rfft_init_f32.o)
 .debug_ranges  0x000007f8       0x20 C:\Users\abl\Documents\single-cell-bms-software-c\CMSIS_DSPLIB_CM3\lib\libCMSIS_DSPLIB_CM3.a(arm_bitreversal.o)
 .debug_ranges  0x00000818       0x20 C:\Users\abl\Documents\single-cell-bms-software-c\CMSIS_DSPLIB_CM3\lib\libCMSIS_DSPLIB_CM3.a(arm_cfft_radix4_f32.o)
 .debug_ranges  0x00000838       0x10 C:\Users\abl\Documents\single-cell-bms-software-c\CMSIS_DSPLIB_CM3\lib\libCMSIS_DSPLIB_CM3.a(arm_cfft_radix4_init_f32.o)

.debug_macro    0x00000000     0x9b16
 .debug_macro   0x00000000      0x41e ./src/app_OEIS_ADC.o
 .debug_macro   0x0000041e      0xa78 ./src/app_OEIS_ADC.o
 .debug_macro   0x00000e96       0x22 ./src/app_OEIS_ADC.o
 .debug_macro   0x00000eb8       0x8e ./src/app_OEIS_ADC.o
 .debug_macro   0x00000f46       0x51 ./src/app_OEIS_ADC.o
 .debug_macro   0x00000f97       0xef ./src/app_OEIS_ADC.o
 .debug_macro   0x00001086       0x6a ./src/app_OEIS_ADC.o
 .debug_macro   0x000010f0      0x1df ./src/app_OEIS_ADC.o
 .debug_macro   0x000012cf       0x22 ./src/app_OEIS_ADC.o
 .debug_macro   0x000012f1       0x7b ./src/app_OEIS_ADC.o
 .debug_macro   0x0000136c       0x10 ./src/app_OEIS_ADC.o
 .debug_macro   0x0000137c       0x2d ./src/app_OEIS_ADC.o
 .debug_macro   0x000013a9       0x3a ./src/app_OEIS_ADC.o
 .debug_macro   0x000013e3       0x2d ./src/app_OEIS_ADC.o
 .debug_macro   0x00001410      0xbb1 ./src/app_OEIS_ADC.o
 .debug_macro   0x00001fc1      0x22c ./src/app_OEIS_ADC.o
 .debug_macro   0x000021ed       0x42 ./src/app_OEIS_ADC.o
 .debug_macro   0x0000222f       0x52 ./src/app_OEIS_ADC.o
 .debug_macro   0x00002281       0x78 ./src/app_OEIS_ADC.o
 .debug_macro   0x000022f9       0x82 ./src/app_OEIS_ADC.o
 .debug_macro   0x0000237b      0x48c ./src/app_OEIS_ADC.o
 .debug_macro   0x00002807       0x34 ./src/app_OEIS_ADC.o
 .debug_macro   0x0000283b      0x4c5 ./src/app_OEIS_ADC.o
 .debug_macro   0x00002d00      0x1b7 ./src/app_OEIS_ADC.o
 .debug_macro   0x00002eb7       0x10 ./src/app_OEIS_ADC.o
 .debug_macro   0x00002ec7      0x21b ./src/app_OEIS_ADC.o
 .debug_macro   0x000030e2      0x1b9 ./src/app_OEIS_ADC.o
 .debug_macro   0x0000329b       0x40 ./src/app_OEIS_ADC.o
 .debug_macro   0x000032db       0x22 ./src/app_OEIS_ADC.o
 .debug_macro   0x000032fd      0x162 ./src/app_OEIS_ADC.o
 .debug_macro   0x0000345f       0x94 ./src/app_OEIS_ADC.o
 .debug_macro   0x000034f3       0xb8 ./src/app_OEIS_ADC.o
 .debug_macro   0x000035ab       0x4c ./src/app_OEIS_ADC.o
 .debug_macro   0x000035f7       0x16 ./src/app_OEIS_ADC.o
 .debug_macro   0x0000360d      0x328 ./src/app_OEIS_ADC.o
 .debug_macro   0x00003935       0x49 ./src/app_OEIS_ADC.o
 .debug_macro   0x0000397e       0x16 ./src/app_OEIS_ADC.o
 .debug_macro   0x00003994       0xca ./src/app_OEIS_ADC.o
 .debug_macro   0x00003a5e       0x18 ./src/app_OEIS_ADC.o
 .debug_macro   0x00003a76      0x130 ./src/app_OEIS_ADC.o
 .debug_macro   0x00003ba6       0x5e ./src/app_OEIS_ADC.o
 .debug_macro   0x00003c04       0x18 ./src/app_OEIS_ADC.o
 .debug_macro   0x00003c1c       0x35 ./src/app_OEIS_ADC.o
 .debug_macro   0x00003c51       0x34 ./src/app_OEIS_ADC.o
 .debug_macro   0x00003c85       0x16 ./src/app_OEIS_ADC.o
 .debug_macro   0x00003c9b       0x97 ./src/app_OEIS_ADC.o
 .debug_macro   0x00003d32      0x330 ./src/app_OEIS_ADC.o
 .debug_macro   0x00004062       0xfd ./src/app_OEIS_ADC.o
 .debug_macro   0x0000415f       0x10 ./src/app_OEIS_ADC.o
 .debug_macro   0x0000416f       0x58 ./src/app_OEIS_ADC.o
 .debug_macro   0x000041c7       0x1f ./src/app_OEIS_ADC.o
 .debug_macro   0x000041e6       0x43 ./src/app_OEIS_ADC.o
 .debug_macro   0x00004229       0x20 ./src/app_OEIS_ADC.o
 .debug_macro   0x00004249      0x18e ./src/app_OEIS_ADC.o
 .debug_macro   0x000043d7       0x10 ./src/app_OEIS_ADC.o
 .debug_macro   0x000043e7       0x1c ./src/app_OEIS_ADC.o
 .debug_macro   0x00004403       0x52 ./src/app_OEIS_ADC.o
 .debug_macro   0x00004455       0x40 ./src/app_OEIS_ADC.o
 .debug_macro   0x00004495       0x10 ./src/app_OEIS_ADC.o
 .debug_macro   0x000044a5       0x40 ./src/app_OEIS_ADC.o
 .debug_macro   0x000044e5       0xd7 ./src/app_OEIS_ADC.o
 .debug_macro   0x000045bc       0x1c ./src/app_OEIS_ADC.o
 .debug_macro   0x000045d8       0x3d ./src/app_OEIS_ADC.o
 .debug_macro   0x00004615       0x16 ./src/app_OEIS_ADC.o
 .debug_macro   0x0000462b      0x16f ./src/app_OEIS_ADC.o
 .debug_macro   0x0000479a       0x10 ./src/app_OEIS_ADC.o
 .debug_macro   0x000047aa       0x12 ./src/app_OEIS_ADC.o
 .debug_macro   0x000047bc       0x16 ./src/app_OEIS_ADC.o
 .debug_macro   0x000047d2       0x35 ./src/app_OEIS_ADC.o
 .debug_macro   0x00004807      0x1e1 ./src/app_OEIS_ADC.o
 .debug_macro   0x000049e8       0xb3 ./src/app_OEIS_ADC.o
 .debug_macro   0x00004a9b       0x82 ./src/app_OEIS_ADC.o
 .debug_macro   0x00004b1d       0x10 ./src/app_OEIS_ADC.o
 .debug_macro   0x00004b2d       0xd0 ./src/app_OEIS_ADC.o
 .debug_macro   0x00004bfd       0x1d ./src/cr_startup_lpc175x_6x.o
 .debug_macro   0x00004c1a       0x1a ./src/crp.o
 .debug_macro   0x00004c34       0x34 ./src/crp.o
 .debug_macro   0x00004c68      0x3d1 ./src/sysinit.o
 .debug_macro   0x00005039      0x2ac C:\Users\abl\Documents\single-cell-bms-software-c\hal_lib_LPC175x_6x_ADC\Debug\libhal_lib_LPC175x_6x_ADC.a(lpc_175x_6x_hal_ADS8568.o)
 .debug_macro   0x000052e5      0xa72 C:\Users\abl\Documents\single-cell-bms-software-c\hal_lib_LPC175x_6x_ADC\Debug\libhal_lib_LPC175x_6x_ADC.a(lpc_175x_6x_hal_ADS8568.o)
 .debug_macro   0x00005d57       0x10 C:\Users\abl\Documents\single-cell-bms-software-c\hal_lib_LPC175x_6x_ADC\Debug\libhal_lib_LPC175x_6x_ADC.a(lpc_175x_6x_hal_ADS8568.o)
 .debug_macro   0x00005d67      0x12d C:\Users\abl\Documents\single-cell-bms-software-c\hal_lib_LPC175x_6x_ADC\Debug\libhal_lib_LPC175x_6x_ADC.a(lpc_175x_6x_hal_ADS8568.o)
 .debug_macro   0x00005e94      0x5b2 C:\Users\abl\Documents\single-cell-bms-software-c\hal_lib_LPC175x_6x_ADC\Debug\libhal_lib_LPC175x_6x_ADC.a(lpc_175x_6x_hal_ADS8568.o)
 .debug_macro   0x00006446       0x22 C:\Users\abl\Documents\single-cell-bms-software-c\hal_lib_LPC175x_6x_ADC\Debug\libhal_lib_LPC175x_6x_ADC.a(lpc_175x_6x_hal_ADS8568.o)
 .debug_macro   0x00006468       0x9a C:\Users\abl\Documents\single-cell-bms-software-c\hal_lib_LPC175x_6x_ADC\Debug\libhal_lib_LPC175x_6x_ADC.a(lpc_175x_6x_hal_ADS8568.o)
 .debug_macro   0x00006502       0xc4 C:\Users\abl\Documents\single-cell-bms-software-c\hal_lib_LPC175x_6x_ADC\Debug\libhal_lib_LPC175x_6x_ADC.a(lpc_175x_6x_hal_ADS8568.o)
 .debug_macro   0x000065c6       0xca C:\Users\abl\Documents\single-cell-bms-software-c\hal_lib_LPC175x_6x_ADC\Debug\libhal_lib_LPC175x_6x_ADC.a(lpc_175x_6x_hal_ADS8568.o)
 .debug_macro   0x00006690      0x23b C:\Users\abl\Documents\single-cell-bms-software-c\hal_lib_LPC175x_6x_SC\Debug\libhal_lib_LPC175x_6x_SC.a(board.o)
 .debug_macro   0x000068cb      0x23b C:\Users\abl\Documents\single-cell-bms-software-c\hal_lib_LPC175x_6x_SC\Debug\libhal_lib_LPC175x_6x_SC.a(board_sysinit.o)
 .debug_macro   0x00006b06      0x24b C:\Users\abl\Documents\single-cell-bms-software-c\hal_lib_LPC175x_6x_SC\Debug\libhal_lib_LPC175x_6x_SC.a(lpc_175x_6x_hal_can.o)
 .debug_macro   0x00006d51      0x1cd C:\Users\abl\Documents\single-cell-bms-software-c\lpc_chip_175x_6x\Debug\liblpc_chip_175x_6x.a(can_17xx_40xx.o)
 .debug_macro   0x00006f1e      0xa66 C:\Users\abl\Documents\single-cell-bms-software-c\lpc_chip_175x_6x\Debug\liblpc_chip_175x_6x.a(can_17xx_40xx.o)
 .debug_macro   0x00007984      0x1cd C:\Users\abl\Documents\single-cell-bms-software-c\lpc_chip_175x_6x\Debug\liblpc_chip_175x_6x.a(chip_17xx_40xx.o)
 .debug_macro   0x00007b51      0x1cd C:\Users\abl\Documents\single-cell-bms-software-c\lpc_chip_175x_6x\Debug\liblpc_chip_175x_6x.a(clock_17xx_40xx.o)
 .debug_macro   0x00007d1e      0x1cd C:\Users\abl\Documents\single-cell-bms-software-c\lpc_chip_175x_6x\Debug\liblpc_chip_175x_6x.a(gpdma_17xx_40xx.o)
 .debug_macro   0x00007eeb      0x1cd C:\Users\abl\Documents\single-cell-bms-software-c\lpc_chip_175x_6x\Debug\liblpc_chip_175x_6x.a(iocon_17xx_40xx.o)
 .debug_macro   0x000080b8      0x1cd C:\Users\abl\Documents\single-cell-bms-software-c\lpc_chip_175x_6x\Debug\liblpc_chip_175x_6x.a(ssp_17xx_40xx.o)
 .debug_macro   0x00008285      0x1cd C:\Users\abl\Documents\single-cell-bms-software-c\lpc_chip_175x_6x\Debug\liblpc_chip_175x_6x.a(sysinit_17xx_40xx.o)
 .debug_macro   0x00008452      0x1cd C:\Users\abl\Documents\single-cell-bms-software-c\lpc_chip_175x_6x\Debug\liblpc_chip_175x_6x.a(timer_17xx_40xx.o)
 .debug_macro   0x0000861f      0x16e C:\Users\abl\Documents\single-cell-bms-software-c\CMSIS_DSPLIB_CM3\lib\libCMSIS_DSPLIB_CM3.a(arm_rfft_f32.o)
 .debug_macro   0x0000878d      0xa66 C:\Users\abl\Documents\single-cell-bms-software-c\CMSIS_DSPLIB_CM3\lib\libCMSIS_DSPLIB_CM3.a(arm_rfft_f32.o)
 .debug_macro   0x000091f3      0x174 C:\Users\abl\Documents\single-cell-bms-software-c\CMSIS_DSPLIB_CM3\lib\libCMSIS_DSPLIB_CM3.a(arm_rfft_f32.o)
 .debug_macro   0x00009367       0x10 C:\Users\abl\Documents\single-cell-bms-software-c\CMSIS_DSPLIB_CM3\lib\libCMSIS_DSPLIB_CM3.a(arm_rfft_f32.o)
 .debug_macro   0x00009377      0x16e C:\Users\abl\Documents\single-cell-bms-software-c\CMSIS_DSPLIB_CM3\lib\libCMSIS_DSPLIB_CM3.a(arm_rfft_init_f32.o)
 .debug_macro   0x000094e5      0x181 C:\Users\abl\Documents\single-cell-bms-software-c\CMSIS_DSPLIB_CM3\lib\libCMSIS_DSPLIB_CM3.a(arm_bitreversal.o)
 .debug_macro   0x00009666       0x40 C:\Users\abl\Documents\single-cell-bms-software-c\CMSIS_DSPLIB_CM3\lib\libCMSIS_DSPLIB_CM3.a(arm_bitreversal.o)
 .debug_macro   0x000096a6      0x16e C:\Users\abl\Documents\single-cell-bms-software-c\CMSIS_DSPLIB_CM3\lib\libCMSIS_DSPLIB_CM3.a(arm_cfft_radix4_f32.o)
 .debug_macro   0x00009814      0x181 C:\Users\abl\Documents\single-cell-bms-software-c\CMSIS_DSPLIB_CM3\lib\libCMSIS_DSPLIB_CM3.a(arm_cfft_radix4_init_f32.o)
 .debug_macro   0x00009995      0x181 C:\Users\abl\Documents\single-cell-bms-software-c\CMSIS_DSPLIB_CM3\lib\libCMSIS_DSPLIB_CM3.a(arm_common_tables.o)

.debug_line     0x00000000     0x8e33
 .debug_line    0x00000000      0x984 ./src/app_OEIS_ADC.o
 .debug_line    0x00000984       0xd3 ./src/cr_startup_lpc175x_6x.o
 .debug_line    0x00000a57       0xb6 ./src/crp.o
 .debug_line    0x00000b0d      0x82e ./src/sysinit.o
 .debug_line    0x0000133b      0x934 C:\Users\abl\Documents\single-cell-bms-software-c\hal_lib_LPC175x_6x_ADC\Debug\libhal_lib_LPC175x_6x_ADC.a(lpc_175x_6x_hal_ADS8568.o)
 .debug_line    0x00001c6f      0x5e0 C:\Users\abl\Documents\single-cell-bms-software-c\hal_lib_LPC175x_6x_SC\Debug\libhal_lib_LPC175x_6x_SC.a(board.o)
 .debug_line    0x0000224f      0x5e7 C:\Users\abl\Documents\single-cell-bms-software-c\hal_lib_LPC175x_6x_SC\Debug\libhal_lib_LPC175x_6x_SC.a(board_sysinit.o)
 .debug_line    0x00002836      0x774 C:\Users\abl\Documents\single-cell-bms-software-c\hal_lib_LPC175x_6x_SC\Debug\libhal_lib_LPC175x_6x_SC.a(lpc_175x_6x_hal_can.o)
 .debug_line    0x00002faa      0xd11 C:\Users\abl\Documents\single-cell-bms-software-c\lpc_chip_175x_6x\Debug\liblpc_chip_175x_6x.a(can_17xx_40xx.o)
 .debug_line    0x00003cbb      0x4c5 C:\Users\abl\Documents\single-cell-bms-software-c\lpc_chip_175x_6x\Debug\liblpc_chip_175x_6x.a(chip_17xx_40xx.o)
 .debug_line    0x00004180      0x741 C:\Users\abl\Documents\single-cell-bms-software-c\lpc_chip_175x_6x\Debug\liblpc_chip_175x_6x.a(clock_17xx_40xx.o)
 .debug_line    0x000048c1      0x665 C:\Users\abl\Documents\single-cell-bms-software-c\lpc_chip_175x_6x\Debug\liblpc_chip_175x_6x.a(gpdma_17xx_40xx.o)
 .debug_line    0x00004f26      0x4b1 C:\Users\abl\Documents\single-cell-bms-software-c\lpc_chip_175x_6x\Debug\liblpc_chip_175x_6x.a(iocon_17xx_40xx.o)
 .debug_line    0x000053d7      0x7be C:\Users\abl\Documents\single-cell-bms-software-c\lpc_chip_175x_6x\Debug\liblpc_chip_175x_6x.a(ssp_17xx_40xx.o)
 .debug_line    0x00005b95      0x53b C:\Users\abl\Documents\single-cell-bms-software-c\lpc_chip_175x_6x\Debug\liblpc_chip_175x_6x.a(sysinit_17xx_40xx.o)
 .debug_line    0x000060d0      0x4d6 C:\Users\abl\Documents\single-cell-bms-software-c\lpc_chip_175x_6x\Debug\liblpc_chip_175x_6x.a(timer_17xx_40xx.o)
 .debug_line    0x000065a6      0x477 C:\Users\abl\Documents\single-cell-bms-software-c\CMSIS_DSPLIB_CM3\lib\libCMSIS_DSPLIB_CM3.a(arm_rfft_f32.o)
 .debug_line    0x00006a1d      0x436 C:\Users\abl\Documents\single-cell-bms-software-c\CMSIS_DSPLIB_CM3\lib\libCMSIS_DSPLIB_CM3.a(arm_rfft_init_f32.o)
 .debug_line    0x00006e53      0x56a C:\Users\abl\Documents\single-cell-bms-software-c\CMSIS_DSPLIB_CM3\lib\libCMSIS_DSPLIB_CM3.a(arm_bitreversal.o)
 .debug_line    0x000073bd     0x1235 C:\Users\abl\Documents\single-cell-bms-software-c\CMSIS_DSPLIB_CM3\lib\libCMSIS_DSPLIB_CM3.a(arm_cfft_radix4_f32.o)
 .debug_line    0x000085f2      0x465 C:\Users\abl\Documents\single-cell-bms-software-c\CMSIS_DSPLIB_CM3\lib\libCMSIS_DSPLIB_CM3.a(arm_cfft_radix4_init_f32.o)
 .debug_line    0x00008a57      0x3dc C:\Users\abl\Documents\single-cell-bms-software-c\CMSIS_DSPLIB_CM3\lib\libCMSIS_DSPLIB_CM3.a(arm_common_tables.o)

.debug_str      0x00000000    0x1bf7d
 .debug_str     0x00000000    0x16292 ./src/app_OEIS_ADC.o
                              0x165f4 (size before relaxing)
 .debug_str     0x00016292      0x1d6 ./src/cr_startup_lpc175x_6x.o
                               0x2ef5 (size before relaxing)
 .debug_str     0x00016468       0xe9 ./src/crp.o
                               0x2e02 (size before relaxing)
 .debug_str     0x00016551       0x1b ./src/sysinit.o
                              0x159ca (size before relaxing)
 .debug_str     0x0001656c     0x2d7b C:\Users\abl\Documents\single-cell-bms-software-c\hal_lib_LPC175x_6x_ADC\Debug\libhal_lib_LPC175x_6x_ADC.a(lpc_175x_6x_hal_ADS8568.o)
                              0x1343b (size before relaxing)
 .debug_str     0x000192e7      0x351 C:\Users\abl\Documents\single-cell-bms-software-c\hal_lib_LPC175x_6x_SC\Debug\libhal_lib_LPC175x_6x_SC.a(board.o)
                              0x122dc (size before relaxing)
 .debug_str     0x00019638      0x1ff C:\Users\abl\Documents\single-cell-bms-software-c\hal_lib_LPC175x_6x_SC\Debug\libhal_lib_LPC175x_6x_SC.a(board_sysinit.o)
                              0x121f4 (size before relaxing)
 .debug_str     0x00019837      0x369 C:\Users\abl\Documents\single-cell-bms-software-c\hal_lib_LPC175x_6x_SC\Debug\libhal_lib_LPC175x_6x_SC.a(lpc_175x_6x_hal_can.o)
                              0x12795 (size before relaxing)
 .debug_str     0x00019ba0      0x892 C:\Users\abl\Documents\single-cell-bms-software-c\lpc_chip_175x_6x\Debug\liblpc_chip_175x_6x.a(can_17xx_40xx.o)
                              0x11ce7 (size before relaxing)
 .debug_str     0x0001a432       0x73 C:\Users\abl\Documents\single-cell-bms-software-c\lpc_chip_175x_6x\Debug\liblpc_chip_175x_6x.a(chip_17xx_40xx.o)
                              0x11302 (size before relaxing)
 .debug_str     0x0001a4a5      0x5a6 C:\Users\abl\Documents\single-cell-bms-software-c\lpc_chip_175x_6x\Debug\liblpc_chip_175x_6x.a(clock_17xx_40xx.o)
                              0x11980 (size before relaxing)
 .debug_str     0x0001aa4b      0x502 C:\Users\abl\Documents\single-cell-bms-software-c\lpc_chip_175x_6x\Debug\liblpc_chip_175x_6x.a(gpdma_17xx_40xx.o)
                              0x11a45 (size before relaxing)
 .debug_str     0x0001af4d       0x79 C:\Users\abl\Documents\single-cell-bms-software-c\lpc_chip_175x_6x\Debug\liblpc_chip_175x_6x.a(iocon_17xx_40xx.o)
                              0x10dfd (size before relaxing)
 .debug_str     0x0001afc6      0x42c C:\Users\abl\Documents\single-cell-bms-software-c\lpc_chip_175x_6x\Debug\liblpc_chip_175x_6x.a(ssp_17xx_40xx.o)
                              0x1187e (size before relaxing)
 .debug_str     0x0001b3f2       0xc4 C:\Users\abl\Documents\single-cell-bms-software-c\lpc_chip_175x_6x\Debug\liblpc_chip_175x_6x.a(sysinit_17xx_40xx.o)
                              0x10fe5 (size before relaxing)
 .debug_str     0x0001b4b6      0x12c C:\Users\abl\Documents\single-cell-bms-software-c\lpc_chip_175x_6x\Debug\liblpc_chip_175x_6x.a(timer_17xx_40xx.o)
                              0x1112e (size before relaxing)
 .debug_str     0x0001b5e2      0x276 C:\Users\abl\Documents\single-cell-bms-software-c\CMSIS_DSPLIB_CM3\lib\libCMSIS_DSPLIB_CM3.a(arm_rfft_f32.o)
                               0x7d69 (size before relaxing)
 .debug_str     0x0001b858       0x75 C:\Users\abl\Documents\single-cell-bms-software-c\CMSIS_DSPLIB_CM3\lib\libCMSIS_DSPLIB_CM3.a(arm_rfft_init_f32.o)
                               0x7d63 (size before relaxing)
 .debug_str     0x0001b8cd      0x50e C:\Users\abl\Documents\single-cell-bms-software-c\CMSIS_DSPLIB_CM3\lib\libCMSIS_DSPLIB_CM3.a(arm_bitreversal.o)
                               0x80bd (size before relaxing)
 .debug_str     0x0001bddb      0x135 C:\Users\abl\Documents\single-cell-bms-software-c\CMSIS_DSPLIB_CM3\lib\libCMSIS_DSPLIB_CM3.a(arm_cfft_radix4_f32.o)
                               0x7d56 (size before relaxing)
 .debug_str     0x0001bf10       0x3d C:\Users\abl\Documents\single-cell-bms-software-c\CMSIS_DSPLIB_CM3\lib\libCMSIS_DSPLIB_CM3.a(arm_cfft_radix4_init_f32.o)
                               0x8167 (size before relaxing)
 .debug_str     0x0001bf4d       0x30 C:\Users\abl\Documents\single-cell-bms-software-c\CMSIS_DSPLIB_CM3\lib\libCMSIS_DSPLIB_CM3.a(arm_common_tables.o)
                               0x8013 (size before relaxing)

.comment        0x00000000       0x7f
 .comment       0x00000000       0x7f ./src/app_OEIS_ADC.o
                                 0x80 (size before relaxing)
 .comment       0x0000007f       0x80 ./src/cr_startup_lpc175x_6x.o
 .comment       0x0000007f       0x80 ./src/crp.o
 .comment       0x0000007f       0x80 ./src/sysinit.o
 .comment       0x0000007f       0x80 C:\Users\abl\Documents\single-cell-bms-software-c\hal_lib_LPC175x_6x_ADC\Debug\libhal_lib_LPC175x_6x_ADC.a(lpc_175x_6x_hal_ADS8568.o)
 .comment       0x0000007f       0x80 C:\Users\abl\Documents\single-cell-bms-software-c\hal_lib_LPC175x_6x_SC\Debug\libhal_lib_LPC175x_6x_SC.a(board.o)
 .comment       0x0000007f       0x80 C:\Users\abl\Documents\single-cell-bms-software-c\hal_lib_LPC175x_6x_SC\Debug\libhal_lib_LPC175x_6x_SC.a(board_sysinit.o)
 .comment       0x0000007f       0x80 C:\Users\abl\Documents\single-cell-bms-software-c\hal_lib_LPC175x_6x_SC\Debug\libhal_lib_LPC175x_6x_SC.a(lpc_175x_6x_hal_can.o)
 .comment       0x0000007f       0x80 C:\Users\abl\Documents\single-cell-bms-software-c\lpc_chip_175x_6x\Debug\liblpc_chip_175x_6x.a(can_17xx_40xx.o)
 .comment       0x0000007f       0x80 C:\Users\abl\Documents\single-cell-bms-software-c\lpc_chip_175x_6x\Debug\liblpc_chip_175x_6x.a(chip_17xx_40xx.o)
 .comment       0x0000007f       0x80 C:\Users\abl\Documents\single-cell-bms-software-c\lpc_chip_175x_6x\Debug\liblpc_chip_175x_6x.a(clock_17xx_40xx.o)
 .comment       0x0000007f       0x80 C:\Users\abl\Documents\single-cell-bms-software-c\lpc_chip_175x_6x\Debug\liblpc_chip_175x_6x.a(gpdma_17xx_40xx.o)
 .comment       0x0000007f       0x80 C:\Users\abl\Documents\single-cell-bms-software-c\lpc_chip_175x_6x\Debug\liblpc_chip_175x_6x.a(iocon_17xx_40xx.o)
 .comment       0x0000007f       0x80 C:\Users\abl\Documents\single-cell-bms-software-c\lpc_chip_175x_6x\Debug\liblpc_chip_175x_6x.a(ssp_17xx_40xx.o)
 .comment       0x0000007f       0x80 C:\Users\abl\Documents\single-cell-bms-software-c\lpc_chip_175x_6x\Debug\liblpc_chip_175x_6x.a(sysinit_17xx_40xx.o)
 .comment       0x0000007f       0x80 C:\Users\abl\Documents\single-cell-bms-software-c\lpc_chip_175x_6x\Debug\liblpc_chip_175x_6x.a(timer_17xx_40xx.o)
 .comment       0x0000007f       0x80 C:\Users\abl\Documents\single-cell-bms-software-c\CMSIS_DSPLIB_CM3\lib\libCMSIS_DSPLIB_CM3.a(arm_rfft_f32.o)
 .comment       0x0000007f       0x80 C:\Users\abl\Documents\single-cell-bms-software-c\CMSIS_DSPLIB_CM3\lib\libCMSIS_DSPLIB_CM3.a(arm_rfft_init_f32.o)
 .comment       0x0000007f       0x80 C:\Users\abl\Documents\single-cell-bms-software-c\CMSIS_DSPLIB_CM3\lib\libCMSIS_DSPLIB_CM3.a(arm_bitreversal.o)
 .comment       0x0000007f       0x80 C:\Users\abl\Documents\single-cell-bms-software-c\CMSIS_DSPLIB_CM3\lib\libCMSIS_DSPLIB_CM3.a(arm_cfft_radix4_f32.o)
 .comment       0x0000007f       0x80 C:\Users\abl\Documents\single-cell-bms-software-c\CMSIS_DSPLIB_CM3\lib\libCMSIS_DSPLIB_CM3.a(arm_cfft_radix4_init_f32.o)
 .comment       0x0000007f       0x80 C:\Users\abl\Documents\single-cell-bms-software-c\CMSIS_DSPLIB_CM3\lib\libCMSIS_DSPLIB_CM3.a(arm_common_tables.o)

.ARM.attributes
                0x00000000       0x31
 .ARM.attributes
                0x00000000       0x33 ./src/app_OEIS_ADC.o
 .ARM.attributes
                0x00000033       0x33 ./src/cr_startup_lpc175x_6x.o
 .ARM.attributes
                0x00000066       0x33 ./src/crp.o
 .ARM.attributes
                0x00000099       0x33 ./src/sysinit.o
 .ARM.attributes
                0x000000cc       0x33 C:\Users\abl\Documents\single-cell-bms-software-c\hal_lib_LPC175x_6x_ADC\Debug\libhal_lib_LPC175x_6x_ADC.a(lpc_175x_6x_hal_ADS8568.o)
 .ARM.attributes
                0x000000ff       0x33 C:\Users\abl\Documents\single-cell-bms-software-c\hal_lib_LPC175x_6x_SC\Debug\libhal_lib_LPC175x_6x_SC.a(board.o)
 .ARM.attributes
                0x00000132       0x33 C:\Users\abl\Documents\single-cell-bms-software-c\hal_lib_LPC175x_6x_SC\Debug\libhal_lib_LPC175x_6x_SC.a(board_sysinit.o)
 .ARM.attributes
                0x00000165       0x33 C:\Users\abl\Documents\single-cell-bms-software-c\hal_lib_LPC175x_6x_SC\Debug\libhal_lib_LPC175x_6x_SC.a(lpc_175x_6x_hal_can.o)
 .ARM.attributes
                0x00000198       0x33 C:\Users\abl\Documents\single-cell-bms-software-c\lpc_chip_175x_6x\Debug\liblpc_chip_175x_6x.a(can_17xx_40xx.o)
 .ARM.attributes
                0x000001cb       0x33 C:\Users\abl\Documents\single-cell-bms-software-c\lpc_chip_175x_6x\Debug\liblpc_chip_175x_6x.a(chip_17xx_40xx.o)
 .ARM.attributes
                0x000001fe       0x33 C:\Users\abl\Documents\single-cell-bms-software-c\lpc_chip_175x_6x\Debug\liblpc_chip_175x_6x.a(clock_17xx_40xx.o)
 .ARM.attributes
                0x00000231       0x33 C:\Users\abl\Documents\single-cell-bms-software-c\lpc_chip_175x_6x\Debug\liblpc_chip_175x_6x.a(gpdma_17xx_40xx.o)
 .ARM.attributes
                0x00000264       0x33 C:\Users\abl\Documents\single-cell-bms-software-c\lpc_chip_175x_6x\Debug\liblpc_chip_175x_6x.a(iocon_17xx_40xx.o)
 .ARM.attributes
                0x00000297       0x33 C:\Users\abl\Documents\single-cell-bms-software-c\lpc_chip_175x_6x\Debug\liblpc_chip_175x_6x.a(ssp_17xx_40xx.o)
 .ARM.attributes
                0x000002ca       0x33 C:\Users\abl\Documents\single-cell-bms-software-c\lpc_chip_175x_6x\Debug\liblpc_chip_175x_6x.a(sysinit_17xx_40xx.o)
 .ARM.attributes
                0x000002fd       0x33 C:\Users\abl\Documents\single-cell-bms-software-c\lpc_chip_175x_6x\Debug\liblpc_chip_175x_6x.a(timer_17xx_40xx.o)
 .ARM.attributes
                0x00000330       0x33 C:\Users\abl\Documents\single-cell-bms-software-c\CMSIS_DSPLIB_CM3\lib\libCMSIS_DSPLIB_CM3.a(arm_rfft_f32.o)
 .ARM.attributes
                0x00000363       0x33 C:\Users\abl\Documents\single-cell-bms-software-c\CMSIS_DSPLIB_CM3\lib\libCMSIS_DSPLIB_CM3.a(arm_rfft_init_f32.o)
 .ARM.attributes
                0x00000396       0x33 C:\Users\abl\Documents\single-cell-bms-software-c\CMSIS_DSPLIB_CM3\lib\libCMSIS_DSPLIB_CM3.a(arm_bitreversal.o)
 .ARM.attributes
                0x000003c9       0x33 C:\Users\abl\Documents\single-cell-bms-software-c\CMSIS_DSPLIB_CM3\lib\libCMSIS_DSPLIB_CM3.a(arm_cfft_radix4_f32.o)
 .ARM.attributes
                0x000003fc       0x33 C:\Users\abl\Documents\single-cell-bms-software-c\CMSIS_DSPLIB_CM3\lib\libCMSIS_DSPLIB_CM3.a(arm_cfft_radix4_init_f32.o)
 .ARM.attributes
                0x0000042f       0x33 C:\Users\abl\Documents\single-cell-bms-software-c\CMSIS_DSPLIB_CM3\lib\libCMSIS_DSPLIB_CM3.a(arm_common_tables.o)
 .ARM.attributes
                0x00000462       0x1d c:/nxp/mcuxpressoide_10.3.1_2233/ide/plugins/com.nxp.mcuxpresso.tools.win32_10.3.0.201811011841/tools/bin/../lib/gcc/arm-none-eabi/7.3.1/thumb/v7-m\libgcc.a(_arm_addsubsf3.o)
 .ARM.attributes
                0x0000047f       0x1d c:/nxp/mcuxpressoide_10.3.1_2233/ide/plugins/com.nxp.mcuxpresso.tools.win32_10.3.0.201811011841/tools/bin/../lib/gcc/arm-none-eabi/7.3.1/thumb/v7-m\libgcc.a(_arm_muldivsf3.o)
 .ARM.attributes
                0x0000049c       0x1b c:/nxp/mcuxpressoide_10.3.1_2233/ide/plugins/com.nxp.mcuxpresso.tools.win32_10.3.0.201811011841/tools/bin/../lib/gcc/arm-none-eabi/7.3.1/../../../../arm-none-eabi/lib/thumb/v7-m\libc.a(lib_a-memcpy.o)

.debug_frame    0x00000000     0x23c0
 .debug_frame   0x00000000       0x4c ./src/app_OEIS_ADC.o
 .debug_frame   0x0000004c      0x170 ./src/cr_startup_lpc175x_6x.o
 .debug_frame   0x000001bc       0x34 ./src/sysinit.o
 .debug_frame   0x000001f0      0x4d8 C:\Users\abl\Documents\single-cell-bms-software-c\hal_lib_LPC175x_6x_ADC\Debug\libhal_lib_LPC175x_6x_ADC.a(lpc_175x_6x_hal_ADS8568.o)
 .debug_frame   0x000006c8       0x90 C:\Users\abl\Documents\single-cell-bms-software-c\hal_lib_LPC175x_6x_SC\Debug\libhal_lib_LPC175x_6x_SC.a(board.o)
 .debug_frame   0x00000758       0x8c C:\Users\abl\Documents\single-cell-bms-software-c\hal_lib_LPC175x_6x_SC\Debug\libhal_lib_LPC175x_6x_SC.a(board_sysinit.o)
 .debug_frame   0x000007e4      0x2a4 C:\Users\abl\Documents\single-cell-bms-software-c\hal_lib_LPC175x_6x_SC\Debug\libhal_lib_LPC175x_6x_SC.a(lpc_175x_6x_hal_can.o)
 .debug_frame   0x00000a88      0x8a4 C:\Users\abl\Documents\single-cell-bms-software-c\lpc_chip_175x_6x\Debug\liblpc_chip_175x_6x.a(can_17xx_40xx.o)
 .debug_frame   0x0000132c       0x88 C:\Users\abl\Documents\single-cell-bms-software-c\lpc_chip_175x_6x\Debug\liblpc_chip_175x_6x.a(chip_17xx_40xx.o)
 .debug_frame   0x000013b4      0x490 C:\Users\abl\Documents\single-cell-bms-software-c\lpc_chip_175x_6x\Debug\liblpc_chip_175x_6x.a(clock_17xx_40xx.o)
 .debug_frame   0x00001844      0x25c C:\Users\abl\Documents\single-cell-bms-software-c\lpc_chip_175x_6x\Debug\liblpc_chip_175x_6x.a(gpdma_17xx_40xx.o)
 .debug_frame   0x00001aa0       0x80 C:\Users\abl\Documents\single-cell-bms-software-c\lpc_chip_175x_6x\Debug\liblpc_chip_175x_6x.a(iocon_17xx_40xx.o)
 .debug_frame   0x00001b20      0x3e8 C:\Users\abl\Documents\single-cell-bms-software-c\lpc_chip_175x_6x\Debug\liblpc_chip_175x_6x.a(ssp_17xx_40xx.o)
 .debug_frame   0x00001f08      0x12c C:\Users\abl\Documents\single-cell-bms-software-c\lpc_chip_175x_6x\Debug\liblpc_chip_175x_6x.a(sysinit_17xx_40xx.o)
 .debug_frame   0x00002034       0xd0 C:\Users\abl\Documents\single-cell-bms-software-c\lpc_chip_175x_6x\Debug\liblpc_chip_175x_6x.a(timer_17xx_40xx.o)
 .debug_frame   0x00002104       0x9c C:\Users\abl\Documents\single-cell-bms-software-c\CMSIS_DSPLIB_CM3\lib\libCMSIS_DSPLIB_CM3.a(arm_rfft_f32.o)
 .debug_frame   0x000021a0       0x2c C:\Users\abl\Documents\single-cell-bms-software-c\CMSIS_DSPLIB_CM3\lib\libCMSIS_DSPLIB_CM3.a(arm_rfft_init_f32.o)
 .debug_frame   0x000021cc       0x88 C:\Users\abl\Documents\single-cell-bms-software-c\CMSIS_DSPLIB_CM3\lib\libCMSIS_DSPLIB_CM3.a(arm_bitreversal.o)
 .debug_frame   0x00002254       0x9c C:\Users\abl\Documents\single-cell-bms-software-c\CMSIS_DSPLIB_CM3\lib\libCMSIS_DSPLIB_CM3.a(arm_cfft_radix4_f32.o)
 .debug_frame   0x000022f0       0x4c C:\Users\abl\Documents\single-cell-bms-software-c\CMSIS_DSPLIB_CM3\lib\libCMSIS_DSPLIB_CM3.a(arm_cfft_radix4_init_f32.o)
 .debug_frame   0x0000233c       0x4c c:/nxp/mcuxpressoide_10.3.1_2233/ide/plugins/com.nxp.mcuxpresso.tools.win32_10.3.0.201811011841/tools/bin/../lib/gcc/arm-none-eabi/7.3.1/thumb/v7-m\libgcc.a(_arm_addsubsf3.o)
 .debug_frame   0x00002388       0x38 c:/nxp/mcuxpressoide_10.3.1_2233/ide/plugins/com.nxp.mcuxpresso.tools.win32_10.3.0.201811011841/tools/bin/../lib/gcc/arm-none-eabi/7.3.1/thumb/v7-m\libgcc.a(_arm_muldivsf3.o)

.debug_loc      0x00000000     0x29e0
 .debug_loc     0x00000000      0x7b2 C:\Users\abl\Documents\single-cell-bms-software-c\CMSIS_DSPLIB_CM3\lib\libCMSIS_DSPLIB_CM3.a(arm_rfft_f32.o)
 .debug_loc     0x000007b2      0x17e C:\Users\abl\Documents\single-cell-bms-software-c\CMSIS_DSPLIB_CM3\lib\libCMSIS_DSPLIB_CM3.a(arm_rfft_init_f32.o)
 .debug_loc     0x00000930      0x281 C:\Users\abl\Documents\single-cell-bms-software-c\CMSIS_DSPLIB_CM3\lib\libCMSIS_DSPLIB_CM3.a(arm_bitreversal.o)
 .debug_loc     0x00000bb1     0x1ab7 C:\Users\abl\Documents\single-cell-bms-software-c\CMSIS_DSPLIB_CM3\lib\libCMSIS_DSPLIB_CM3.a(arm_cfft_radix4_f32.o)
 .debug_loc     0x00002668      0x378 C:\Users\abl\Documents\single-cell-bms-software-c\CMSIS_DSPLIB_CM3\lib\libCMSIS_DSPLIB_CM3.a(arm_cfft_radix4_init_f32.o)