Archive member included to satisfy reference by file (symbol)

E:\RWTH Aachen\Sem 3\ISEA\single-cell-bms-software-c\hal_lib_LPC175x_6x_DAC\Debug\libhal_lib_LPC175x_6x_DAC.a(lpc_175x_6x_hal_AD5541A.o)
                              ./src/app_OEIS_DAC.o (AD5541A_init)
E:\RWTH Aachen\Sem 3\ISEA\single-cell-bms-software-c\hal_lib_LPC175x_6x_SC\Debug\libhal_lib_LPC175x_6x_SC.a(board.o)
                              ./src/app_OEIS_DAC.o (Board_Init)
E:\RWTH Aachen\Sem 3\ISEA\single-cell-bms-software-c\hal_lib_LPC175x_6x_SC\Debug\libhal_lib_LPC175x_6x_SC.a(board_sysinit.o)
                              ./src/sysinit.o (Board_SystemInit)
E:\RWTH Aachen\Sem 3\ISEA\single-cell-bms-software-c\hal_lib_LPC175x_6x_SC\Debug\libhal_lib_LPC175x_6x_SC.a(lpc_175x_6x_hal_can.o)
                              ./src/app_OEIS_DAC.o (init_can)
E:\RWTH Aachen\Sem 3\ISEA\single-cell-bms-software-c\lpc_chip_175x_6x\Debug\liblpc_chip_175x_6x.a(can_17xx_40xx.o)
                              E:\RWTH Aachen\Sem 3\ISEA\single-cell-bms-software-c\hal_lib_LPC175x_6x_SC\Debug\libhal_lib_LPC175x_6x_SC.a(lpc_175x_6x_hal_can.o) (Chip_CAN_Init)
E:\RWTH Aachen\Sem 3\ISEA\single-cell-bms-software-c\lpc_chip_175x_6x\Debug\liblpc_chip_175x_6x.a(chip_17xx_40xx.o)
                              ./src/app_OEIS_DAC.o (SystemCoreClockUpdate)
E:\RWTH Aachen\Sem 3\ISEA\single-cell-bms-software-c\lpc_chip_175x_6x\Debug\liblpc_chip_175x_6x.a(clock_17xx_40xx.o)
                              E:\RWTH Aachen\Sem 3\ISEA\single-cell-bms-software-c\lpc_chip_175x_6x\Debug\liblpc_chip_175x_6x.a(chip_17xx_40xx.o) (Chip_Clock_EnablePLL)
E:\RWTH Aachen\Sem 3\ISEA\single-cell-bms-software-c\lpc_chip_175x_6x\Debug\liblpc_chip_175x_6x.a(gpdma_17xx_40xx.o)
                              E:\RWTH Aachen\Sem 3\ISEA\single-cell-bms-software-c\hal_lib_LPC175x_6x_DAC\Debug\libhal_lib_LPC175x_6x_DAC.a(lpc_175x_6x_hal_AD5541A.o) (Chip_GPDMA_Init)
E:\RWTH Aachen\Sem 3\ISEA\single-cell-bms-software-c\lpc_chip_175x_6x\Debug\liblpc_chip_175x_6x.a(iocon_17xx_40xx.o)
                              E:\RWTH Aachen\Sem 3\ISEA\single-cell-bms-software-c\hal_lib_LPC175x_6x_SC\Debug\libhal_lib_LPC175x_6x_SC.a(lpc_175x_6x_hal_can.o) (Chip_IOCON_PinMuxSet)
E:\RWTH Aachen\Sem 3\ISEA\single-cell-bms-software-c\lpc_chip_175x_6x\Debug\liblpc_chip_175x_6x.a(ssp_17xx_40xx.o)
                              E:\RWTH Aachen\Sem 3\ISEA\single-cell-bms-software-c\hal_lib_LPC175x_6x_DAC\Debug\libhal_lib_LPC175x_6x_DAC.a(lpc_175x_6x_hal_AD5541A.o) (Chip_SSP_RWFrames_Blocking)
E:\RWTH Aachen\Sem 3\ISEA\single-cell-bms-software-c\lpc_chip_175x_6x\Debug\liblpc_chip_175x_6x.a(sysinit_17xx_40xx.o)
                              E:\RWTH Aachen\Sem 3\ISEA\single-cell-bms-software-c\hal_lib_LPC175x_6x_SC\Debug\libhal_lib_LPC175x_6x_SC.a(board.o) (Chip_SetupXtalClocking)
E:\RWTH Aachen\Sem 3\ISEA\single-cell-bms-software-c\lpc_chip_175x_6x\Debug\liblpc_chip_175x_6x.a(timer_17xx_40xx.o)
                              E:\RWTH Aachen\Sem 3\ISEA\single-cell-bms-software-c\hal_lib_LPC175x_6x_DAC\Debug\libhal_lib_LPC175x_6x_DAC.a(lpc_175x_6x_hal_AD5541A.o) (Chip_TIMER_Init)
E:\RWTH Aachen\Sem 3\ISEA\single-cell-bms-software-c\CMSIS_DSPLIB_CM3\lib\libCMSIS_DSPLIB_CM3.a(arm_sin_f32.o)
                              E:\RWTH Aachen\Sem 3\ISEA\single-cell-bms-software-c\hal_lib_LPC175x_6x_DAC\Debug\libhal_lib_LPC175x_6x_DAC.a(lpc_175x_6x_hal_AD5541A.o) (arm_sin_f32)
c:/nxp/mcuxpressoide_10.3.1_2233/ide/plugins/com.nxp.mcuxpresso.tools.win32_10.3.0.201811011841/tools/bin/../lib/gcc/arm-none-eabi/7.3.1/thumb/v7-m\libgcc.a(_arm_addsubdf3.o)
                              E:\RWTH Aachen\Sem 3\ISEA\single-cell-bms-software-c\hal_lib_LPC175x_6x_DAC\Debug\libhal_lib_LPC175x_6x_DAC.a(lpc_175x_6x_hal_AD5541A.o) (__aeabi_dadd)
c:/nxp/mcuxpressoide_10.3.1_2233/ide/plugins/com.nxp.mcuxpresso.tools.win32_10.3.0.201811011841/tools/bin/../lib/gcc/arm-none-eabi/7.3.1/thumb/v7-m\libgcc.a(_arm_muldivdf3.o)
                              E:\RWTH Aachen\Sem 3\ISEA\single-cell-bms-software-c\hal_lib_LPC175x_6x_DAC\Debug\libhal_lib_LPC175x_6x_DAC.a(lpc_175x_6x_hal_AD5541A.o) (__aeabi_dmul)
c:/nxp/mcuxpressoide_10.3.1_2233/ide/plugins/com.nxp.mcuxpresso.tools.win32_10.3.0.201811011841/tools/bin/../lib/gcc/arm-none-eabi/7.3.1/thumb/v7-m\libgcc.a(_arm_fixunsdfsi.o)
                              E:\RWTH Aachen\Sem 3\ISEA\single-cell-bms-software-c\hal_lib_LPC175x_6x_DAC\Debug\libhal_lib_LPC175x_6x_DAC.a(lpc_175x_6x_hal_AD5541A.o) (__aeabi_d2uiz)
c:/nxp/mcuxpressoide_10.3.1_2233/ide/plugins/com.nxp.mcuxpresso.tools.win32_10.3.0.201811011841/tools/bin/../lib/gcc/arm-none-eabi/7.3.1/thumb/v7-m\libgcc.a(_arm_truncdfsf2.o)
                              E:\RWTH Aachen\Sem 3\ISEA\single-cell-bms-software-c\hal_lib_LPC175x_6x_DAC\Debug\libhal_lib_LPC175x_6x_DAC.a(lpc_175x_6x_hal_AD5541A.o) (__aeabi_d2f)
[...]
Memory Configuration

Name             Origin             Length             Attributes
MFlash512        0x00000000         0x00080000         xr
RamLoc32         0x10000000         0x00008000         xrw
RamAHB32         0x2007c000         0x00008000         xrw
*default*        0x00000000         0xffffffff

Linker script and memory map

LOAD ./src/app_OEIS_DAC.o
LOAD ./src/cr_startup_lpc175x_6x.o
LOAD ./src/crp.o
LOAD ./src/sysinit.o
LOAD E:\RWTH Aachen\Sem 3\ISEA\single-cell-bms-software-c\rtos_lib_LPC175x_6x\Debug\librtos_lib_LPC175x_6x.a
LOAD E:\RWTH Aachen\Sem 3\ISEA\single-cell-bms-software-c\hal_lib_LPC175x_6x_DAC\Debug\libhal_lib_LPC175x_6x_DAC.a
LOAD E:\RWTH Aachen\Sem 3\ISEA\single-cell-bms-software-c\hal_lib_LPC175x_6x_SC\Debug\libhal_lib_LPC175x_6x_SC.a
LOAD E:\RWTH Aachen\Sem 3\ISEA\single-cell-bms-software-c\lpc_chip_175x_6x\Debug\liblpc_chip_175x_6x.a
LOAD E:\RWTH Aachen\Sem 3\ISEA\single-cell-bms-software-c\CMSIS_DSPLIB_CM3\lib\libCMSIS_DSPLIB_CM3.a
START GROUP
LOAD c:/nxp/mcuxpressoide_10.3.1_2233/ide/plugins/com.nxp.mcuxpresso.tools.win32_10.3.0.201811011841/tools/bin/../lib/gcc/arm-none-eabi/7.3.1/thumb/v7-m\libgcc.a
LOAD c:/nxp/mcuxpressoide_10.3.1_2233/ide/plugins/com.nxp.mcuxpresso.tools.win32_10.3.0.201811011841/tools/bin/../lib/gcc/arm-none-eabi/7.3.1/../../../../arm-none-eabi/lib/thumb/v7-m\libc.a
LOAD c:/nxp/mcuxpressoide_10.3.1_2233/ide/plugins/com.nxp.mcuxpresso.tools.win32_10.3.0.201811011841/tools/bin/../lib/gcc/arm-none-eabi/7.3.1/../../../../arm-none-eabi/lib/thumb/v7-m\libm.a
LOAD c:/nxp/mcuxpressoide_10.3.1_2233/ide/plugins/com.nxp.mcuxpresso.tools.win32_10.3.0.201811011841/tools/bin/../lib/gcc/arm-none-eabi/7.3.1/../../../../arm-none-eabi/lib/thumb/v7-m\libcr_newlib_none.a
END GROUP
                0x00000000                __base_MFlash512 = 0x0
                0x00000000                __base_Flash = 0x0
                0x00080000                __top_MFlash512 = 0x80000
                0x00080000                __top_Flash = 0x80000
                0x10000000                __base_RamLoc32 = 0x10000000
                0x10000000                __base_RAM = 0x10000000
                0x10008000                __top_RamLoc32 = 0x10008000
                0x10008000                __top_RAM = 0x10008000
                0x2007c000                __base_RamAHB32 = 0x2007c000
                0x2007c000                __base_RAM2 = 0x2007c000
                0x20084000                __top_RamAHB32 = 0x20084000
                0x20084000                __top_RAM2 = 0x20084000

.text           0x00000000     0x43e4
 FILL mask 0xff
                0x00000000                __vectors_start__ = ABSOLUTE (.)
 *(.isr_vector)
 .isr_vector    0x00000000       0xcc ./src/cr_startup_lpc175x_6x.o
                0x00000000                g_pfnVectors
                0x000000cc                . = ALIGN (0x4)
                0x000000cc                __section_table_start = .
                0x000000cc                __data_section_table = .
                0x000000cc        0x4 LONG 0x43e4 LOADADDR (.data)
                0x000000d0        0x4 LONG 0x10000000 ADDR (.data)
                0x000000d4        0x4 LONG 0x9c SIZEOF (.data)
                0x000000d8        0x4 LONG 0x43e4 LOADADDR (.data_RAM2)
                0x000000dc        0x4 LONG 0x2007c000 ADDR (.data_RAM2)
                0x000000e0        0x4 LONG 0x0 SIZEOF (.data_RAM2)
                0x000000e4                __data_section_table_end = .
                0x000000e4                __bss_section_table = .
                0x000000e4        0x4 LONG 0x1000009c ADDR (.bss)
                0x000000e8        0x4 LONG 0x7e18 SIZEOF (.bss)
                0x000000ec        0x4 LONG 0x2007c000 ADDR (.bss_RAM2)
                0x000000f0        0x4 LONG 0x0 SIZEOF (.bss_RAM2)
                0x000000f4                __bss_section_table_end = .
                0x000000f4                __section_table_end = .
 *(.after_vectors*)
 .after_vectors
                0x000000f4      0x12c ./src/cr_startup_lpc175x_6x.o
                0x000000f4                data_init
                0x00000136                bss_init
                0x0000016c                ResetISR
                0x000001e4                NMI_Handler
                0x000001ea                HardFault_Handler
                0x000001f0                MemManage_Handler
                0x000001f6                BusFault_Handler
                0x000001fc                UsageFault_Handler
                0x00000202                SVC_Handler
                0x00000208                DebugMon_Handler
                0x0000020e                PendSV_Handler
                0x00000214                SysTick_Handler
                0x0000021a                EINT3_IRQHandler
                0x0000021a                CANActivity_IRQHandler
                0x0000021a                TIMER3_IRQHandler
                0x0000021a                UART0_IRQHandler
                0x0000021a                UART1_IRQHandler
                0x0000021a                EINT2_IRQHandler
                0x0000021a                USBActivity_IRQHandler
                0x0000021a                IntDefaultHandler
                0x0000021a                PLL0_IRQHandler
                0x0000021a                I2C1_IRQHandler
                0x0000021a                SSP0_IRQHandler
                0x0000021a                I2S_IRQHandler
                0x0000021a                I2C2_IRQHandler
                0x0000021a                RTC_IRQHandler
                0x0000021a                SPI_IRQHandler
                0x0000021a                RIT_IRQHandler
                0x0000021a                EINT1_IRQHandler
                0x0000021a                TIMER1_IRQHandler
                0x0000021a                UART2_IRQHandler
                0x0000021a                ADC_IRQHandler
                0x0000021a                SSP1_IRQHandler
                0x0000021a                USB_IRQHandler
                0x0000021a                BOD_IRQHandler
                0x0000021a                I2C0_IRQHandler
                0x0000021a                WDT_IRQHandler
                0x0000021a                PWM1_IRQHandler
                0x0000021a                QEI_IRQHandler
                0x0000021a                EINT0_IRQHandler
                0x0000021a                ETH_IRQHandler
                0x0000021a                PLL1_IRQHandler
                0x0000021a                TIMER2_IRQHandler
                0x0000021a                UART3_IRQHandler
                0x0000021a                MCPWM_IRQHandler
                0x000002fc                . = 0x2fc
 *fill*         0x00000220       0xdc ff
                0x000002fc                PROVIDE (__CRP_WORD_START__ = .)
 *(.crp)
 .crp           0x000002fc        0x4 ./src/crp.o
                0x000002fc                CRP_WORD
                0x00000300                PROVIDE (__CRP_WORD_END__ = .)
                0x00000001                ASSERT (! ((__CRP_WORD_START__ == __CRP_WORD_END__)), Linker CRP Enabled, but no CRP_WORD provided within application)
 *(.text*)
 .text.app_OIS_DAC_init
                0x00000300       0x14 ./src/app_OEIS_DAC.o
                0x00000300                app_OIS_DAC_init
 .text.main     0x00000314       0x9a ./src/app_OEIS_DAC.o
                0x00000314                main
 *fill*         0x000003ae        0x2 ff
 .text.SystemInit
                0x000003b0       0x24 ./src/sysinit.o
                0x000003b0                SystemInit
 .text.NVIC_EnableIRQ
                0x000003d4       0x30 E:\RWTH Aachen\Sem 3\ISEA\single-cell-bms-software-c\hal_lib_LPC175x_6x_DAC\Debug\libhal_lib_LPC175x_6x_DAC.a(lpc_175x_6x_hal_AD5541A.o)
 .text.NVIC_DisableIRQ
                0x00000404       0x34 E:\RWTH Aachen\Sem 3\ISEA\single-cell-bms-software-c\hal_lib_LPC175x_6x_DAC\Debug\libhal_lib_LPC175x_6x_DAC.a(lpc_175x_6x_hal_AD5541A.o)
 .text.NVIC_ClearPendingIRQ
                0x00000438       0x34 E:\RWTH Aachen\Sem 3\ISEA\single-cell-bms-software-c\hal_lib_LPC175x_6x_DAC\Debug\libhal_lib_LPC175x_6x_DAC.a(lpc_175x_6x_hal_AD5541A.o)
 .text.NVIC_SetPriority
                0x0000046c       0x54 E:\RWTH Aachen\Sem 3\ISEA\single-cell-bms-software-c\hal_lib_LPC175x_6x_DAC\Debug\libhal_lib_LPC175x_6x_DAC.a(lpc_175x_6x_hal_AD5541A.o)
 .text.Chip_GPIO_SetPinState
                0x000004c0       0x64 E:\RWTH Aachen\Sem 3\ISEA\single-cell-bms-software-c\hal_lib_LPC175x_6x_DAC\Debug\libhal_lib_LPC175x_6x_DAC.a(lpc_175x_6x_hal_AD5541A.o)
 .text.Chip_GPIO_WritePortBit
                0x00000524       0x2c E:\RWTH Aachen\Sem 3\ISEA\single-cell-bms-software-c\hal_lib_LPC175x_6x_DAC\Debug\libhal_lib_LPC175x_6x_DAC.a(lpc_175x_6x_hal_AD5541A.o)
 .text.Chip_GPIO_SetPinDIROutput
                0x00000550       0x36 E:\RWTH Aachen\Sem 3\ISEA\single-cell-bms-software-c\hal_lib_LPC175x_6x_DAC\Debug\libhal_lib_LPC175x_6x_DAC.a(lpc_175x_6x_hal_AD5541A.o)
 .text.Chip_SSP_Enable
                0x00000586       0x1e E:\RWTH Aachen\Sem 3\ISEA\single-cell-bms-software-c\hal_lib_LPC175x_6x_DAC\Debug\libhal_lib_LPC175x_6x_DAC.a(lpc_175x_6x_hal_AD5541A.o)
 .text.Chip_SSP_SetFormat
                0x000005a4       0x30 E:\RWTH Aachen\Sem 3\ISEA\single-cell-bms-software-c\hal_lib_LPC175x_6x_DAC\Debug\libhal_lib_LPC175x_6x_DAC.a(lpc_175x_6x_hal_AD5541A.o)
 .text.Chip_TIMER_MatchPending
                0x000005d4       0x32 E:\RWTH Aachen\Sem 3\ISEA\single-cell-bms-software-c\hal_lib_LPC175x_6x_DAC\Debug\libhal_lib_LPC175x_6x_DAC.a(lpc_175x_6x_hal_AD5541A.o)
 .text.Chip_TIMER_ClearMatch
                0x00000606       0x26 E:\RWTH Aachen\Sem 3\ISEA\single-cell-bms-software-c\hal_lib_LPC175x_6x_DAC\Debug\libhal_lib_LPC175x_6x_DAC.a(lpc_175x_6x_hal_AD5541A.o)
 .text.Chip_TIMER_Enable
                0x0000062c       0x1e E:\RWTH Aachen\Sem 3\ISEA\single-cell-bms-software-c\hal_lib_LPC175x_6x_DAC\Debug\libhal_lib_LPC175x_6x_DAC.a(lpc_175x_6x_hal_AD5541A.o)
 .text.Chip_TIMER_SetMatch
                0x0000064a       0x26 E:\RWTH Aachen\Sem 3\ISEA\single-cell-bms-software-c\hal_lib_LPC175x_6x_DAC\Debug\libhal_lib_LPC175x_6x_DAC.a(lpc_175x_6x_hal_AD5541A.o)
 .text.Chip_TIMER_MatchEnableInt
                0x00000670       0x32 E:\RWTH Aachen\Sem 3\ISEA\single-cell-bms-software-c\hal_lib_LPC175x_6x_DAC\Debug\libhal_lib_LPC175x_6x_DAC.a(lpc_175x_6x_hal_AD5541A.o)
 .text.Chip_TIMER_ResetOnMatchEnable
                0x000006a2       0x34 E:\RWTH Aachen\Sem 3\ISEA\single-cell-bms-software-c\hal_lib_LPC175x_6x_DAC\Debug\libhal_lib_LPC175x_6x_DAC.a(lpc_175x_6x_hal_AD5541A.o)
 *fill*         0x000006d6        0x2 ff
 .text.Buffer_Init
                0x000006d8       0x48 E:\RWTH Aachen\Sem 3\ISEA\single-cell-bms-software-c\hal_lib_LPC175x_6x_DAC\Debug\libhal_lib_LPC175x_6x_DAC.a(lpc_175x_6x_hal_AD5541A.o)
 .text.Buffer_Verify
                0x00000720       0xc4 E:\RWTH Aachen\Sem 3\ISEA\single-cell-bms-software-c\hal_lib_LPC175x_6x_DAC\Debug\libhal_lib_LPC175x_6x_DAC.a(lpc_175x_6x_hal_AD5541A.o)
 .text.appSSPRun
                0x000007e4       0x90 E:\RWTH Aachen\Sem 3\ISEA\single-cell-bms-software-c\hal_lib_LPC175x_6x_DAC\Debug\libhal_lib_LPC175x_6x_DAC.a(lpc_175x_6x_hal_AD5541A.o)
 .text.AD5541A_init
                0x00000874       0xd4 E:\RWTH Aachen\Sem 3\ISEA\single-cell-bms-software-c\hal_lib_LPC175x_6x_DAC\Debug\libhal_lib_LPC175x_6x_DAC.a(lpc_175x_6x_hal_AD5541A.o)
                0x00000874                AD5541A_init
 .text.DMA_IRQHandler
                0x00000948       0x4c E:\RWTH Aachen\Sem 3\ISEA\single-cell-bms-software-c\hal_lib_LPC175x_6x_DAC\Debug\libhal_lib_LPC175x_6x_DAC.a(lpc_175x_6x_hal_AD5541A.o)
                0x00000948                DMA_IRQHandler
 .text.DMA_init
                0x00000994       0x50 E:\RWTH Aachen\Sem 3\ISEA\single-cell-bms-software-c\hal_lib_LPC175x_6x_DAC\Debug\libhal_lib_LPC175x_6x_DAC.a(lpc_175x_6x_hal_AD5541A.o)
                0x00000994                DMA_init
 .text.TIMER0_IRQHandler
                0x000009e4      0x134 E:\RWTH Aachen\Sem 3\ISEA\single-cell-bms-software-c\hal_lib_LPC175x_6x_DAC\Debug\libhal_lib_LPC175x_6x_DAC.a(lpc_175x_6x_hal_AD5541A.o)
                0x000009e4                TIMER0_IRQHandler
 .text.TIMER0_init
                0x00000b18       0xb8 E:\RWTH Aachen\Sem 3\ISEA\single-cell-bms-software-c\hal_lib_LPC175x_6x_DAC\Debug\libhal_lib_LPC175x_6x_DAC.a(lpc_175x_6x_hal_AD5541A.o)
                0x00000b18                TIMER0_init
 .text.applySineWave
                0x00000bd0       0xa8 E:\RWTH Aachen\Sem 3\ISEA\single-cell-bms-software-c\hal_lib_LPC175x_6x_DAC\Debug\libhal_lib_LPC175x_6x_DAC.a(lpc_175x_6x_hal_AD5541A.o)
                0x00000bd0                applySineWave
 .text.createSineTable
                0x00000c78      0x140 E:\RWTH Aachen\Sem 3\ISEA\single-cell-bms-software-c\hal_lib_LPC175x_6x_DAC\Debug\libhal_lib_LPC175x_6x_DAC.a(lpc_175x_6x_hal_AD5541A.o)
                0x00000c78                createSineTable
 .text.createSinWave
                0x00000db8       0xe8 E:\RWTH Aachen\Sem 3\ISEA\single-cell-bms-software-c\hal_lib_LPC175x_6x_DAC\Debug\libhal_lib_LPC175x_6x_DAC.a(lpc_175x_6x_hal_AD5541A.o)
                0x00000db8                createSinWave
 .text.sineQueueStore
                0x00000ea0       0x80 E:\RWTH Aachen\Sem 3\ISEA\single-cell-bms-software-c\hal_lib_LPC175x_6x_DAC\Debug\libhal_lib_LPC175x_6x_DAC.a(lpc_175x_6x_hal_AD5541A.o)
                0x00000ea0                sineQueueStore
 .text.sineQueueClear
                0x00000f20       0x80 E:\RWTH Aachen\Sem 3\ISEA\single-cell-bms-software-c\hal_lib_LPC175x_6x_DAC\Debug\libhal_lib_LPC175x_6x_DAC.a(lpc_175x_6x_hal_AD5541A.o)
                0x00000f20                sineQueueClear
 .text.zeroVolt
                0x00000fa0       0x24 E:\RWTH Aachen\Sem 3\ISEA\single-cell-bms-software-c\hal_lib_LPC175x_6x_DAC\Debug\libhal_lib_LPC175x_6x_DAC.a(lpc_175x_6x_hal_AD5541A.o)
                0x00000fa0                zeroVolt
 .text.Chip_IOCON_Init
                0x00000fc4       0x16 E:\RWTH Aachen\Sem 3\ISEA\single-cell-bms-software-c\hal_lib_LPC175x_6x_SC\Debug\libhal_lib_LPC175x_6x_SC.a(board.o)
 .text.Chip_GPIO_Init
                0x00000fda       0x16 E:\RWTH Aachen\Sem 3\ISEA\single-cell-bms-software-c\hal_lib_LPC175x_6x_SC\Debug\libhal_lib_LPC175x_6x_SC.a(board.o)
 .text.Board_Init
                0x00000ff0       0x24 E:\RWTH Aachen\Sem 3\ISEA\single-cell-bms-software-c\hal_lib_LPC175x_6x_SC\Debug\libhal_lib_LPC175x_6x_SC.a(board.o)
                0x00000ff0                Board_Init
 .text.Chip_SYSCTL_SetFLASHAccess
                0x00001014       0x30 E:\RWTH Aachen\Sem 3\ISEA\single-cell-bms-software-c\hal_lib_LPC175x_6x_SC\Debug\libhal_lib_LPC175x_6x_SC.a(board_sysinit.o)
 .text.Board_SetupMuxing
                0x00001044       0x1c E:\RWTH Aachen\Sem 3\ISEA\single-cell-bms-software-c\hal_lib_LPC175x_6x_SC\Debug\libhal_lib_LPC175x_6x_SC.a(board_sysinit.o)
                0x00001044                Board_SetupMuxing
 .text.Board_SetupClocking
                0x00001060       0x12 E:\RWTH Aachen\Sem 3\ISEA\single-cell-bms-software-c\hal_lib_LPC175x_6x_SC\Debug\libhal_lib_LPC175x_6x_SC.a(board_sysinit.o)
                0x00001060                Board_SetupClocking
 .text.Board_SystemInit
                0x00001072       0x10 E:\RWTH Aachen\Sem 3\ISEA\single-cell-bms-software-c\hal_lib_LPC175x_6x_SC\Debug\libhal_lib_LPC175x_6x_SC.a(board_sysinit.o)
                0x00001072                Board_SystemInit
 *fill*         0x00001082        0x2 ff
 .text.NVIC_EnableIRQ
                0x00001084       0x30 E:\RWTH Aachen\Sem 3\ISEA\single-cell-bms-software-c\hal_lib_LPC175x_6x_SC\Debug\libhal_lib_LPC175x_6x_SC.a(lpc_175x_6x_hal_can.o)
 .text.Chip_CAN_EnableInt
                0x000010b4       0x20 E:\RWTH Aachen\Sem 3\ISEA\single-cell-bms-software-c\hal_lib_LPC175x_6x_SC\Debug\libhal_lib_LPC175x_6x_SC.a(lpc_175x_6x_hal_can.o)
 .text.Chip_CAN_GetIntStatus
                0x000010d4       0x16 E:\RWTH Aachen\Sem 3\ISEA\single-cell-bms-software-c\hal_lib_LPC175x_6x_SC\Debug\libhal_lib_LPC175x_6x_SC.a(lpc_175x_6x_hal_can.o)
 .text.Chip_CAN_SetAFMode
                0x000010ea       0x1c E:\RWTH Aachen\Sem 3\ISEA\single-cell-bms-software-c\hal_lib_LPC175x_6x_SC\Debug\libhal_lib_LPC175x_6x_SC.a(lpc_175x_6x_hal_can.o)
 .text.Chip_GPIO_SetPinState
                0x00001106       0x64 E:\RWTH Aachen\Sem 3\ISEA\single-cell-bms-software-c\hal_lib_LPC175x_6x_SC\Debug\libhal_lib_LPC175x_6x_SC.a(lpc_175x_6x_hal_can.o)
 .text.Chip_GPIO_WritePortBit
                0x0000116a       0x2c E:\RWTH Aachen\Sem 3\ISEA\single-cell-bms-software-c\hal_lib_LPC175x_6x_SC\Debug\libhal_lib_LPC175x_6x_SC.a(lpc_175x_6x_hal_can.o)
 .text.Chip_GPIO_SetPinDIROutput
                0x00001196       0x36 E:\RWTH Aachen\Sem 3\ISEA\single-cell-bms-software-c\hal_lib_LPC175x_6x_SC\Debug\libhal_lib_LPC175x_6x_SC.a(lpc_175x_6x_hal_can.o)
 .text.Chip_GPIO_SetPinDIRInput
                0x000011cc       0x3a E:\RWTH Aachen\Sem 3\ISEA\single-cell-bms-software-c\hal_lib_LPC175x_6x_SC\Debug\libhal_lib_LPC175x_6x_SC.a(lpc_175x_6x_hal_can.o)
 .text.Chip_GPIO_SetPinDIR
                0x00001206       0x42 E:\RWTH Aachen\Sem 3\ISEA\single-cell-bms-software-c\hal_lib_LPC175x_6x_SC\Debug\libhal_lib_LPC175x_6x_SC.a(lpc_175x_6x_hal_can.o)
 .text.Chip_GPIO_WriteDirBit
                0x00001248       0x2e E:\RWTH Aachen\Sem 3\ISEA\single-cell-bms-software-c\hal_lib_LPC175x_6x_SC\Debug\libhal_lib_LPC175x_6x_SC.a(lpc_175x_6x_hal_can.o)
 *fill*         0x00001276        0x2 ff
 .text.init_can
                0x00001278       0x90 E:\RWTH Aachen\Sem 3\ISEA\single-cell-bms-software-c\hal_lib_LPC175x_6x_SC\Debug\libhal_lib_LPC175x_6x_SC.a(lpc_175x_6x_hal_can.o)
                0x00001278                init_can
 .text.CAN_IRQHandler
                0x00001308       0xb0 E:\RWTH Aachen\Sem 3\ISEA\single-cell-bms-software-c\hal_lib_LPC175x_6x_SC\Debug\libhal_lib_LPC175x_6x_SC.a(lpc_175x_6x_hal_can.o)
                0x00001308                CAN_IRQHandler
 .text.process_CAN_message
                0x000013b8       0x50 E:\RWTH Aachen\Sem 3\ISEA\single-cell-bms-software-c\hal_lib_LPC175x_6x_SC\Debug\libhal_lib_LPC175x_6x_SC.a(lpc_175x_6x_hal_can.o)
                0x000013b8                process_CAN_message
 .text.process_CAN_message_DAC
                0x00001408      0x140 E:\RWTH Aachen\Sem 3\ISEA\single-cell-bms-software-c\hal_lib_LPC175x_6x_SC\Debug\libhal_lib_LPC175x_6x_SC.a(lpc_175x_6x_hal_can.o)
                0x00001408                process_CAN_message_DAC
 .text.checkCANErrorInfo
                0x00001548       0x1a E:\RWTH Aachen\Sem 3\ISEA\single-cell-bms-software-c\hal_lib_LPC175x_6x_SC\Debug\libhal_lib_LPC175x_6x_SC.a(lpc_175x_6x_hal_can.o)
                0x00001548                checkCANErrorInfo
 .text.Chip_CAN_SetCmd
                0x00001562       0x1a E:\RWTH Aachen\Sem 3\ISEA\single-cell-bms-software-c\lpc_chip_175x_6x\Debug\liblpc_chip_175x_6x.a(can_17xx_40xx.o)
 .text.Chip_CAN_SetAFMode
                0x0000157c       0x1c E:\RWTH Aachen\Sem 3\ISEA\single-cell-bms-software-c\lpc_chip_175x_6x\Debug\liblpc_chip_175x_6x.a(can_17xx_40xx.o)
 .text.Chip_CAN_GetAFMode
                0x00001598       0x18 E:\RWTH Aachen\Sem 3\ISEA\single-cell-bms-software-c\lpc_chip_175x_6x\Debug\liblpc_chip_175x_6x.a(can_17xx_40xx.o)
 .text.setBusTiming
                0x000015b0       0x68 E:\RWTH Aachen\Sem 3\ISEA\single-cell-bms-software-c\lpc_chip_175x_6x\Debug\liblpc_chip_175x_6x.a(can_17xx_40xx.o)
 .text.getSectionAddress
                0x00001618       0x78 E:\RWTH Aachen\Sem 3\ISEA\single-cell-bms-software-c\lpc_chip_175x_6x\Debug\liblpc_chip_175x_6x.a(can_17xx_40xx.o)
 .text.getTotalEntryNum
                0x00001690       0x20 E:\RWTH Aachen\Sem 3\ISEA\single-cell-bms-software-c\lpc_chip_175x_6x\Debug\liblpc_chip_175x_6x.a(can_17xx_40xx.o)
 .text.setSectionEndAddress
                0x000016b0       0x30 E:\RWTH Aachen\Sem 3\ISEA\single-cell-bms-software-c\lpc_chip_175x_6x\Debug\liblpc_chip_175x_6x.a(can_17xx_40xx.o)
 .text.getReceiveFrameInfo
                0x000016e0       0x34 E:\RWTH Aachen\Sem 3\ISEA\single-cell-bms-software-c\lpc_chip_175x_6x\Debug\liblpc_chip_175x_6x.a(can_17xx_40xx.o)
 .text.createStdIDEntry
                0x00001714       0x60 E:\RWTH Aachen\Sem 3\ISEA\single-cell-bms-software-c\lpc_chip_175x_6x\Debug\liblpc_chip_175x_6x.a(can_17xx_40xx.o)
 .text.createUnUsedSTDEntry
                0x00001774       0x22 E:\RWTH Aachen\Sem 3\ISEA\single-cell-bms-software-c\lpc_chip_175x_6x\Debug\liblpc_chip_175x_6x.a(can_17xx_40xx.o)
 .text.setupSTDSection
                0x00001796      0x10e E:\RWTH Aachen\Sem 3\ISEA\single-cell-bms-software-c\lpc_chip_175x_6x\Debug\liblpc_chip_175x_6x.a(can_17xx_40xx.o)
 .text.setupSTDRangeSection
                0x000018a4       0x28 E:\RWTH Aachen\Sem 3\ISEA\single-cell-bms-software-c\lpc_chip_175x_6x\Debug\liblpc_chip_175x_6x.a(can_17xx_40xx.o)
 .text.createExtIDEntry
                0x000018cc       0x2e E:\RWTH Aachen\Sem 3\ISEA\single-cell-bms-software-c\lpc_chip_175x_6x\Debug\liblpc_chip_175x_6x.a(can_17xx_40xx.o)
 .text.setupEXTSection
                0x000018fa       0x76 E:\RWTH Aachen\Sem 3\ISEA\single-cell-bms-software-c\lpc_chip_175x_6x\Debug\liblpc_chip_175x_6x.a(can_17xx_40xx.o)
 .text.setupEXTRangeSection
                0x00001970       0x28 E:\RWTH Aachen\Sem 3\ISEA\single-cell-bms-software-c\lpc_chip_175x_6x\Debug\liblpc_chip_175x_6x.a(can_17xx_40xx.o)
 .text.clearAFLUT
                0x00001998       0x82 E:\RWTH Aachen\Sem 3\ISEA\single-cell-bms-software-c\lpc_chip_175x_6x\Debug\liblpc_chip_175x_6x.a(can_17xx_40xx.o)
                0x00001998                clearAFLUT
 *fill*         0x00001a1a        0x2 ff
 .text.Chip_CAN_GetClockIndex
                0x00001a1c       0x2c E:\RWTH Aachen\Sem 3\ISEA\single-cell-bms-software-c\lpc_chip_175x_6x\Debug\liblpc_chip_175x_6x.a(can_17xx_40xx.o)
 .text.Chip_CAN_GetClkIndex
                0x00001a48       0x2c E:\RWTH Aachen\Sem 3\ISEA\single-cell-bms-software-c\lpc_chip_175x_6x\Debug\liblpc_chip_175x_6x.a(can_17xx_40xx.o)
 .text.Chip_CAN_Init
                0x00001a74       0x5e E:\RWTH Aachen\Sem 3\ISEA\single-cell-bms-software-c\lpc_chip_175x_6x\Debug\liblpc_chip_175x_6x.a(can_17xx_40xx.o)
                0x00001a74                Chip_CAN_Init
 *fill*         0x00001ad2        0x2 ff
 .text.Chip_CAN_SetBitRate
                0x00001ad4       0xd0 E:\RWTH Aachen\Sem 3\ISEA\single-cell-bms-software-c\lpc_chip_175x_6x\Debug\liblpc_chip_175x_6x.a(can_17xx_40xx.o)
                0x00001ad4                Chip_CAN_SetBitRate
 .text.Chip_CAN_SetMode
                0x00001ba4       0x94 E:\RWTH Aachen\Sem 3\ISEA\single-cell-bms-software-c\lpc_chip_175x_6x\Debug\liblpc_chip_175x_6x.a(can_17xx_40xx.o)
                0x00001ba4                Chip_CAN_SetMode
 .text.Chip_CAN_SetAFLUT
                0x00001c38      0x1ca E:\RWTH Aachen\Sem 3\ISEA\single-cell-bms-software-c\lpc_chip_175x_6x\Debug\liblpc_chip_175x_6x.a(can_17xx_40xx.o)
                0x00001c38                Chip_CAN_SetAFLUT
 .text.Chip_CAN_GetEntriesNum
                0x00001e02       0xb2 E:\RWTH Aachen\Sem 3\ISEA\single-cell-bms-software-c\lpc_chip_175x_6x\Debug\liblpc_chip_175x_6x.a(can_17xx_40xx.o)
                0x00001e02                Chip_CAN_GetEntriesNum
 .text.Chip_CAN_Receive
                0x00001eb4       0xd8 E:\RWTH Aachen\Sem 3\ISEA\single-cell-bms-software-c\lpc_chip_175x_6x\Debug\liblpc_chip_175x_6x.a(can_17xx_40xx.o)
                0x00001eb4                Chip_CAN_Receive
 .text.Chip_CAN_ConfigFullCANInt
                0x00001f8c       0x4e E:\RWTH Aachen\Sem 3\ISEA\single-cell-bms-software-c\lpc_chip_175x_6x\Debug\liblpc_chip_175x_6x.a(can_17xx_40xx.o)
                0x00001f8c                Chip_CAN_ConfigFullCANInt
 .text.Chip_CAN_GetFullCANIntStatus
                0x00001fda       0x48 E:\RWTH Aachen\Sem 3\ISEA\single-cell-bms-software-c\lpc_chip_175x_6x\Debug\liblpc_chip_175x_6x.a(can_17xx_40xx.o)
                0x00001fda                Chip_CAN_GetFullCANIntStatus
 .text.Chip_CAN_FullCANReceive
                0x00002022       0xc0 E:\RWTH Aachen\Sem 3\ISEA\single-cell-bms-software-c\lpc_chip_175x_6x\Debug\liblpc_chip_175x_6x.a(can_17xx_40xx.o)
                0x00002022                Chip_CAN_FullCANReceive
 *fill*         0x000020e2        0x2 ff
 .text.SystemCoreClockUpdate
                0x000020e4       0x18 E:\RWTH Aachen\Sem 3\ISEA\single-cell-bms-software-c\lpc_chip_175x_6x\Debug\liblpc_chip_175x_6x.a(chip_17xx_40xx.o)
                0x000020e4                SystemCoreClockUpdate
 .text.Chip_Clock_IsMainPLLEnabled
                0x000020fc       0x24 E:\RWTH Aachen\Sem 3\ISEA\single-cell-bms-software-c\lpc_chip_175x_6x\Debug\liblpc_chip_175x_6x.a(clock_17xx_40xx.o)
 .text.Chip_Clock_IsMainPLLConnected
                0x00002120       0x24 E:\RWTH Aachen\Sem 3\ISEA\single-cell-bms-software-c\lpc_chip_175x_6x\Debug\liblpc_chip_175x_6x.a(clock_17xx_40xx.o)
 .text.Chip_Clock_FeedPLL
                0x00002144       0x34 E:\RWTH Aachen\Sem 3\ISEA\single-cell-bms-software-c\lpc_chip_175x_6x\Debug\liblpc_chip_175x_6x.a(clock_17xx_40xx.o)
 .text.Chip_Clock_GetMainPLLSource
                0x00002178       0x20 E:\RWTH Aachen\Sem 3\ISEA\single-cell-bms-software-c\lpc_chip_175x_6x\Debug\liblpc_chip_175x_6x.a(clock_17xx_40xx.o)
 .text.Chip_Clock_GetMainOscRate
                0x00002198       0x14 E:\RWTH Aachen\Sem 3\ISEA\single-cell-bms-software-c\lpc_chip_175x_6x\Debug\liblpc_chip_175x_6x.a(clock_17xx_40xx.o)
 .text.Chip_Clock_GetIntOscRate
                0x000021ac       0x14 E:\RWTH Aachen\Sem 3\ISEA\single-cell-bms-software-c\lpc_chip_175x_6x\Debug\liblpc_chip_175x_6x.a(clock_17xx_40xx.o)
 .text.Chip_Clock_GetRTCOscRate
                0x000021c0       0x14 E:\RWTH Aachen\Sem 3\ISEA\single-cell-bms-software-c\lpc_chip_175x_6x\Debug\liblpc_chip_175x_6x.a(clock_17xx_40xx.o)
 .text.Chip_Clock_GetMainPLLInClockRate
                0x000021d4        0xe E:\RWTH Aachen\Sem 3\ISEA\single-cell-bms-software-c\lpc_chip_175x_6x\Debug\liblpc_chip_175x_6x.a(clock_17xx_40xx.o)
 *fill*         0x000021e2        0x2 ff
 .text.Chip_Clock_EnablePLL
                0x000021e4       0x44 E:\RWTH Aachen\Sem 3\ISEA\single-cell-bms-software-c\lpc_chip_175x_6x\Debug\liblpc_chip_175x_6x.a(clock_17xx_40xx.o)
                0x000021e4                Chip_Clock_EnablePLL
 .text.Chip_Clock_DisablePLL
                0x00002228       0x48 E:\RWTH Aachen\Sem 3\ISEA\single-cell-bms-software-c\lpc_chip_175x_6x\Debug\liblpc_chip_175x_6x.a(clock_17xx_40xx.o)
                0x00002228                Chip_Clock_DisablePLL
 .text.Chip_Clock_SetupPLL
                0x00002270       0x5c E:\RWTH Aachen\Sem 3\ISEA\single-cell-bms-software-c\lpc_chip_175x_6x\Debug\liblpc_chip_175x_6x.a(clock_17xx_40xx.o)
                0x00002270                Chip_Clock_SetupPLL
 .text.Chip_Clock_EnablePeriphClock
                0x000022cc       0x34 E:\RWTH Aachen\Sem 3\ISEA\single-cell-bms-software-c\lpc_chip_175x_6x\Debug\liblpc_chip_175x_6x.a(clock_17xx_40xx.o)
                0x000022cc                Chip_Clock_EnablePeriphClock
 .text.Chip_Clock_GetCPUClockSource
                0x00002300       0x24 E:\RWTH Aachen\Sem 3\ISEA\single-cell-bms-software-c\lpc_chip_175x_6x\Debug\liblpc_chip_175x_6x.a(clock_17xx_40xx.o)
                0x00002300                Chip_Clock_GetCPUClockSource
 .text.Chip_Clock_SetCPUClockDiv
                0x00002324       0x20 E:\RWTH Aachen\Sem 3\ISEA\single-cell-bms-software-c\lpc_chip_175x_6x\Debug\liblpc_chip_175x_6x.a(clock_17xx_40xx.o)
                0x00002324                Chip_Clock_SetCPUClockDiv
 .text.Chip_Clock_GetCPUClockDiv
                0x00002344       0x1c E:\RWTH Aachen\Sem 3\ISEA\single-cell-bms-software-c\lpc_chip_175x_6x\Debug\liblpc_chip_175x_6x.a(clock_17xx_40xx.o)
                0x00002344                Chip_Clock_GetCPUClockDiv
 .text.Chip_Clock_SetPCLKDiv
                0x00002360       0x64 E:\RWTH Aachen\Sem 3\ISEA\single-cell-bms-software-c\lpc_chip_175x_6x\Debug\liblpc_chip_175x_6x.a(clock_17xx_40xx.o)
                0x00002360                Chip_Clock_SetPCLKDiv
 .text.Chip_Clock_GetPCLKDiv
                0x000023c4       0x8c E:\RWTH Aachen\Sem 3\ISEA\single-cell-bms-software-c\lpc_chip_175x_6x\Debug\liblpc_chip_175x_6x.a(clock_17xx_40xx.o)
                0x000023c4                Chip_Clock_GetPCLKDiv
 .text.Chip_Clock_GetSYSCLKRate
                0x00002450       0x34 E:\RWTH Aachen\Sem 3\ISEA\single-cell-bms-software-c\lpc_chip_175x_6x\Debug\liblpc_chip_175x_6x.a(clock_17xx_40xx.o)
                0x00002450                Chip_Clock_GetSYSCLKRate
 .text.Chip_Clock_GetMainPLLOutClockRate
                0x00002484       0x54 E:\RWTH Aachen\Sem 3\ISEA\single-cell-bms-software-c\lpc_chip_175x_6x\Debug\liblpc_chip_175x_6x.a(clock_17xx_40xx.o)
                0x00002484                Chip_Clock_GetMainPLLOutClockRate
 .text.Chip_Clock_GetMainClockRate
                0x000024d8       0x28 E:\RWTH Aachen\Sem 3\ISEA\single-cell-bms-software-c\lpc_chip_175x_6x\Debug\liblpc_chip_175x_6x.a(clock_17xx_40xx.o)
                0x000024d8                Chip_Clock_GetMainClockRate
 .text.Chip_Clock_GetSystemClockRate
                0x00002500       0x18 E:\RWTH Aachen\Sem 3\ISEA\single-cell-bms-software-c\lpc_chip_175x_6x\Debug\liblpc_chip_175x_6x.a(clock_17xx_40xx.o)
                0x00002500                Chip_Clock_GetSystemClockRate
 .text.Chip_Clock_GetPeripheralClockRate
                0x00002518       0x26 E:\RWTH Aachen\Sem 3\ISEA\single-cell-bms-software-c\lpc_chip_175x_6x\Debug\liblpc_chip_175x_6x.a(clock_17xx_40xx.o)
                0x00002518                Chip_Clock_GetPeripheralClockRate
 *fill*         0x0000253e        0x2 ff
 .text.Chip_GPDMA_Init
                0x00002540       0x64 E:\RWTH Aachen\Sem 3\ISEA\single-cell-bms-software-c\lpc_chip_175x_6x\Debug\liblpc_chip_175x_6x.a(gpdma_17xx_40xx.o)
                0x00002540                Chip_GPDMA_Init
 .text.Chip_GPDMA_Interrupt
                0x000025a4       0x6c E:\RWTH Aachen\Sem 3\ISEA\single-cell-bms-software-c\lpc_chip_175x_6x\Debug\liblpc_chip_175x_6x.a(gpdma_17xx_40xx.o)
                0x000025a4                Chip_GPDMA_Interrupt
 .text.Chip_GPDMA_IntGetStatus
                0x00002610       0xbc E:\RWTH Aachen\Sem 3\ISEA\single-cell-bms-software-c\lpc_chip_175x_6x\Debug\liblpc_chip_175x_6x.a(gpdma_17xx_40xx.o)
                0x00002610                Chip_GPDMA_IntGetStatus
 .text.Chip_GPDMA_ClearIntPending
                0x000026cc       0x3e E:\RWTH Aachen\Sem 3\ISEA\single-cell-bms-software-c\lpc_chip_175x_6x\Debug\liblpc_chip_175x_6x.a(gpdma_17xx_40xx.o)
                0x000026cc                Chip_GPDMA_ClearIntPending
 *fill*         0x0000270a        0x2 ff
 .text.Chip_GPDMA_GetFreeChannel
                0x0000270c       0x58 E:\RWTH Aachen\Sem 3\ISEA\single-cell-bms-software-c\lpc_chip_175x_6x\Debug\liblpc_chip_175x_6x.a(gpdma_17xx_40xx.o)
                0x0000270c                Chip_GPDMA_GetFreeChannel
 .text.Chip_IOCON_PinMuxSet
                0x00002764       0x36 E:\RWTH Aachen\Sem 3\ISEA\single-cell-bms-software-c\lpc_chip_175x_6x\Debug\liblpc_chip_175x_6x.a(iocon_17xx_40xx.o)
                0x00002764                Chip_IOCON_PinMuxSet
 .text.Chip_IOCON_PinMux
                0x0000279a       0x94 E:\RWTH Aachen\Sem 3\ISEA\single-cell-bms-software-c\lpc_chip_175x_6x\Debug\liblpc_chip_175x_6x.a(iocon_17xx_40xx.o)
                0x0000279a                Chip_IOCON_PinMux
 .text.Chip_IOCON_SetPinMuxing
                0x0000282e       0x62 E:\RWTH Aachen\Sem 3\ISEA\single-cell-bms-software-c\lpc_chip_175x_6x\Debug\liblpc_chip_175x_6x.a(iocon_17xx_40xx.o)
                0x0000282e                Chip_IOCON_SetPinMuxing
 .text.Chip_SSP_GetStatus
                0x00002890       0x28 E:\RWTH Aachen\Sem 3\ISEA\single-cell-bms-software-c\lpc_chip_175x_6x\Debug\liblpc_chip_175x_6x.a(ssp_17xx_40xx.o)
 .text.Chip_SSP_GetRawIntStatus
                0x000028b8       0x28 E:\RWTH Aachen\Sem 3\ISEA\single-cell-bms-software-c\lpc_chip_175x_6x\Debug\liblpc_chip_175x_6x.a(ssp_17xx_40xx.o)
 .text.Chip_SSP_GetDataSize
                0x000028e0       0x1e E:\RWTH Aachen\Sem 3\ISEA\single-cell-bms-software-c\lpc_chip_175x_6x\Debug\liblpc_chip_175x_6x.a(ssp_17xx_40xx.o)
 .text.Chip_SSP_ClearIntPending
                0x000028fe       0x1c E:\RWTH Aachen\Sem 3\ISEA\single-cell-bms-software-c\lpc_chip_175x_6x\Debug\liblpc_chip_175x_6x.a(ssp_17xx_40xx.o)
 .text.Chip_SSP_ReceiveFrame
                0x0000291a       0x18 E:\RWTH Aachen\Sem 3\ISEA\single-cell-bms-software-c\lpc_chip_175x_6x\Debug\liblpc_chip_175x_6x.a(ssp_17xx_40xx.o)
 .text.Chip_SSP_SendFrame
                0x00002932       0x1c E:\RWTH Aachen\Sem 3\ISEA\single-cell-bms-software-c\lpc_chip_175x_6x\Debug\liblpc_chip_175x_6x.a(ssp_17xx_40xx.o)
 .text.Chip_SSP_SetFormat
                0x0000294e       0x30 E:\RWTH Aachen\Sem 3\ISEA\single-cell-bms-software-c\lpc_chip_175x_6x\Debug\liblpc_chip_175x_6x.a(ssp_17xx_40xx.o)
 .text.Chip_SSP_Set_Mode
                0x0000297e       0x24 E:\RWTH Aachen\Sem 3\ISEA\single-cell-bms-software-c\lpc_chip_175x_6x\Debug\liblpc_chip_175x_6x.a(ssp_17xx_40xx.o)
 .text.SSP_Write2BFifo
                0x000029a2       0x46 E:\RWTH Aachen\Sem 3\ISEA\single-cell-bms-software-c\lpc_chip_175x_6x\Debug\liblpc_chip_175x_6x.a(ssp_17xx_40xx.o)
 .text.SSP_Write1BFifo
                0x000029e8       0x46 E:\RWTH Aachen\Sem 3\ISEA\single-cell-bms-software-c\lpc_chip_175x_6x\Debug\liblpc_chip_175x_6x.a(ssp_17xx_40xx.o)
 .text.SSP_Read2BFifo
                0x00002a2e       0x5c E:\RWTH Aachen\Sem 3\ISEA\single-cell-bms-software-c\lpc_chip_175x_6x\Debug\liblpc_chip_175x_6x.a(ssp_17xx_40xx.o)
 .text.SSP_Read1BFifo
                0x00002a8a       0x5c E:\RWTH Aachen\Sem 3\ISEA\single-cell-bms-software-c\lpc_chip_175x_6x\Debug\liblpc_chip_175x_6x.a(ssp_17xx_40xx.o)
 *fill*         0x00002ae6        0x2 ff
 .text.Chip_SSP_GetClockIndex
                0x00002ae8       0x2c E:\RWTH Aachen\Sem 3\ISEA\single-cell-bms-software-c\lpc_chip_175x_6x\Debug\liblpc_chip_175x_6x.a(ssp_17xx_40xx.o)
 .text.Chip_SSP_GetClkIndex
                0x00002b14       0x2c E:\RWTH Aachen\Sem 3\ISEA\single-cell-bms-software-c\lpc_chip_175x_6x\Debug\liblpc_chip_175x_6x.a(ssp_17xx_40xx.o)
 .text.Chip_SSP_SetClockRate
                0x00002b40       0x34 E:\RWTH Aachen\Sem 3\ISEA\single-cell-bms-software-c\lpc_chip_175x_6x\Debug\liblpc_chip_175x_6x.a(ssp_17xx_40xx.o)
                0x00002b40                Chip_SSP_SetClockRate
 .text.Chip_SSP_RWFrames_Blocking
                0x00002b74      0x106 E:\RWTH Aachen\Sem 3\ISEA\single-cell-bms-software-c\lpc_chip_175x_6x\Debug\liblpc_chip_175x_6x.a(ssp_17xx_40xx.o)
                0x00002b74                Chip_SSP_RWFrames_Blocking
 .text.Chip_SSP_SetMaster
                0x00002c7a       0x2c E:\RWTH Aachen\Sem 3\ISEA\single-cell-bms-software-c\lpc_chip_175x_6x\Debug\liblpc_chip_175x_6x.a(ssp_17xx_40xx.o)
                0x00002c7a                Chip_SSP_SetMaster
 .text.Chip_SSP_SetBitRate
                0x00002ca6       0x74 E:\RWTH Aachen\Sem 3\ISEA\single-cell-bms-software-c\lpc_chip_175x_6x\Debug\liblpc_chip_175x_6x.a(ssp_17xx_40xx.o)
                0x00002ca6                Chip_SSP_SetBitRate
 *fill*         0x00002d1a        0x2 ff
 .text.Chip_SSP_Init
                0x00002d1c       0x40 E:\RWTH Aachen\Sem 3\ISEA\single-cell-bms-software-c\lpc_chip_175x_6x\Debug\liblpc_chip_175x_6x.a(ssp_17xx_40xx.o)
                0x00002d1c                Chip_SSP_Init
 .text.Chip_Clock_IsMainPLLEnabled
                0x00002d5c       0x24 E:\RWTH Aachen\Sem 3\ISEA\single-cell-bms-software-c\lpc_chip_175x_6x\Debug\liblpc_chip_175x_6x.a(sysinit_17xx_40xx.o)
 .text.Chip_Clock_IsMainPLLLocked
                0x00002d80       0x24 E:\RWTH Aachen\Sem 3\ISEA\single-cell-bms-software-c\lpc_chip_175x_6x\Debug\liblpc_chip_175x_6x.a(sysinit_17xx_40xx.o)
 .text.Chip_Clock_IsMainPLLConnected
                0x00002da4       0x24 E:\RWTH Aachen\Sem 3\ISEA\single-cell-bms-software-c\lpc_chip_175x_6x\Debug\liblpc_chip_175x_6x.a(sysinit_17xx_40xx.o)
 .text.Chip_Clock_EnableCrystal
                0x00002dc8       0x20 E:\RWTH Aachen\Sem 3\ISEA\single-cell-bms-software-c\lpc_chip_175x_6x\Debug\liblpc_chip_175x_6x.a(sysinit_17xx_40xx.o)
 .text.Chip_Clock_IsCrystalEnabled
                0x00002de8       0x24 E:\RWTH Aachen\Sem 3\ISEA\single-cell-bms-software-c\lpc_chip_175x_6x\Debug\liblpc_chip_175x_6x.a(sysinit_17xx_40xx.o)
 .text.Chip_Clock_SetMainPLLSource
                0x00002e0c       0x20 E:\RWTH Aachen\Sem 3\ISEA\single-cell-bms-software-c\lpc_chip_175x_6x\Debug\liblpc_chip_175x_6x.a(sysinit_17xx_40xx.o)
 .text.Chip_SetupXtalClocking
                0x00002e2c       0x90 E:\RWTH Aachen\Sem 3\ISEA\single-cell-bms-software-c\lpc_chip_175x_6x\Debug\liblpc_chip_175x_6x.a(sysinit_17xx_40xx.o)
                0x00002e2c                Chip_SetupXtalClocking
 .text.Chip_Timer_GetClockIndex
                0x00002ebc       0x50 E:\RWTH Aachen\Sem 3\ISEA\single-cell-bms-software-c\lpc_chip_175x_6x\Debug\liblpc_chip_175x_6x.a(timer_17xx_40xx.o)
 .text.Chip_TIMER_Init
                0x00002f0c       0x1e E:\RWTH Aachen\Sem 3\ISEA\single-cell-bms-software-c\lpc_chip_175x_6x\Debug\liblpc_chip_175x_6x.a(timer_17xx_40xx.o)
                0x00002f0c                Chip_TIMER_Init
 .text.Chip_TIMER_Reset
                0x00002f2a       0x3a E:\RWTH Aachen\Sem 3\ISEA\single-cell-bms-software-c\lpc_chip_175x_6x\Debug\liblpc_chip_175x_6x.a(timer_17xx_40xx.o)
                0x00002f2a                Chip_TIMER_Reset
 .text.arm_sin_f32
                0x00002f64      0x13c E:\RWTH Aachen\Sem 3\ISEA\single-cell-bms-software-c\CMSIS_DSPLIB_CM3\lib\libCMSIS_DSPLIB_CM3.a(arm_sin_f32.o)
                0x00002f64                arm_sin_f32
 .text          0x000030a0      0x378 c:/nxp/mcuxpressoide_10.3.1_2233/ide/plugins/com.nxp.mcuxpresso.tools.win32_10.3.0.201811011841/tools/bin/../lib/gcc/arm-none-eabi/7.3.1/thumb/v7-m\libgcc.a(_arm_addsubdf3.o)
                0x000030a0                __aeabi_drsub
                0x000030a8                __aeabi_dsub
                0x000030a8                __subdf3
                0x000030ac                __aeabi_dadd
                0x000030ac                __adddf3
                0x00003324                __floatunsidf
                0x00003324                __aeabi_ui2d
                0x00003344                __floatsidf
                0x00003344                __aeabi_i2d
                0x00003368                __aeabi_f2d
                0x00003368                __extendsfdf2
                0x000033ac                __floatundidf
                0x000033ac                __aeabi_ul2d
                0x000033bc                __floatdidf
                0x000033bc                __aeabi_l2d
 .text          0x00003418      0x424 c:/nxp/mcuxpressoide_10.3.1_2233/ide/plugins/com.nxp.mcuxpresso.tools.win32_10.3.0.201811011841/tools/bin/../lib/gcc/arm-none-eabi/7.3.1/thumb/v7-m\libgcc.a(_arm_muldivdf3.o)
                0x00003418                __aeabi_dmul
                0x00003418                __muldf3
                0x0000366c                __divdf3
                0x0000366c                __aeabi_ddiv
 .text          0x0000383c       0x40 c:/nxp/mcuxpressoide_10.3.1_2233/ide/plugins/com.nxp.mcuxpresso.tools.win32_10.3.0.201811011841/tools/bin/../lib/gcc/arm-none-eabi/7.3.1/thumb/v7-m\libgcc.a(_arm_fixunsdfsi.o)
                0x0000383c                __aeabi_d2uiz
                0x0000383c                __fixunsdfsi
 .text          0x0000387c       0xa0 c:/nxp/mcuxpressoide_10.3.1_2233/ide/plugins/com.nxp.mcuxpresso.tools.win32_10.3.0.201811011841/tools/bin/../lib/gcc/arm-none-eabi/7.3.1/thumb/v7-m\libgcc.a(_arm_truncdfsf2.o)
                0x0000387c                __truncdfsf2
                0x0000387c                __aeabi_d2f
 .text          0x0000391c      0x21c c:/nxp/mcuxpressoide_10.3.1_2233/ide/plugins/com.nxp.mcuxpresso.tools.win32_10.3.0.201811011841/tools/bin/../lib/gcc/arm-none-eabi/7.3.1/thumb/v7-m\libgcc.a(_arm_addsubsf3.o)
                0x0000391c                __aeabi_frsub
                0x00003924                __subsf3
                0x00003924                __aeabi_fsub
                0x00003928                __aeabi_fadd
                0x00003928                __addsf3
                0x00003a88                __aeabi_ui2f
                0x00003a88                __floatunsisf
                0x00003a90                __aeabi_i2f
                0x00003a90                __floatsisf
                0x00003aac                __aeabi_ul2f
                0x00003aac                __floatundisf
                0x00003abc                __aeabi_l2f
                0x00003abc                __floatdisf
 .text          0x00003b38      0x2a0 c:/nxp/mcuxpressoide_10.3.1_2233/ide/plugins/com.nxp.mcuxpresso.tools.win32_10.3.0.201811011841/tools/bin/../lib/gcc/arm-none-eabi/7.3.1/thumb/v7-m\libgcc.a(_arm_muldivsf3.o)
                0x00003b38                __mulsf3
                0x00003b38                __aeabi_fmul
                0x00003ca0                __aeabi_fdiv
                0x00003ca0                __divsf3
 .text          0x00003dd8       0xec c:/nxp/mcuxpressoide_10.3.1_2233/ide/plugins/com.nxp.mcuxpresso.tools.win32_10.3.0.201811011841/tools/bin/../lib/gcc/arm-none-eabi/7.3.1/thumb/v7-m\libgcc.a(_arm_cmpsf2.o)
                0x00003dd8                __gesf2
                0x00003dd8                __gtsf2
                0x00003de0                __lesf2
                0x00003de0                __ltsf2
                0x00003de8                __nesf2
                0x00003de8                __eqsf2
                0x00003de8                __cmpsf2
                0x00003e48                __aeabi_cfrcmple
                0x00003e50                __aeabi_cfcmpeq
                0x00003e50                __aeabi_cfcmple
                0x00003e60                __aeabi_fcmpeq
                0x00003e74                __aeabi_fcmplt
                0x00003e88                __aeabi_fcmple
                0x00003e9c                __aeabi_fcmpge
                0x00003eb0                __aeabi_fcmpgt
 .text          0x00003ec4       0x4c c:/nxp/mcuxpressoide_10.3.1_2233/ide/plugins/com.nxp.mcuxpresso.tools.win32_10.3.0.201811011841/tools/bin/../lib/gcc/arm-none-eabi/7.3.1/thumb/v7-m\libgcc.a(_arm_fixsfsi.o)
                0x00003ec4                __aeabi_f2iz
                0x00003ec4                __fixsfsi
 .text          0x00003f10       0x40 c:/nxp/mcuxpressoide_10.3.1_2233/ide/plugins/com.nxp.mcuxpresso.tools.win32_10.3.0.201811011841/tools/bin/../lib/gcc/arm-none-eabi/7.3.1/thumb/v7-m\libgcc.a(_arm_fixunssfsi.o)
                0x00003f10                __fixunssfsi
                0x00003f10                __aeabi_f2uiz
 *(.rodata .rodata.* .constdata .constdata.*)
 .rodata.pinmuxing_dac
                0x00003f50       0x10 E:\RWTH Aachen\Sem 3\ISEA\single-cell-bms-software-c\hal_lib_LPC175x_6x_DAC\Debug\libhal_lib_LPC175x_6x_DAC.a(lpc_175x_6x_hal_AD5541A.o)
 .rodata.OscRateIn
                0x00003f60        0x4 E:\RWTH Aachen\Sem 3\ISEA\single-cell-bms-software-c\hal_lib_LPC175x_6x_SC\Debug\libhal_lib_LPC175x_6x_SC.a(board.o)
                0x00003f60                OscRateIn
 .rodata.RTCOscRateIn
                0x00003f64        0x4 E:\RWTH Aachen\Sem 3\ISEA\single-cell-bms-software-c\hal_lib_LPC175x_6x_SC\Debug\libhal_lib_LPC175x_6x_SC.a(board.o)
                0x00003f64                RTCOscRateIn
 .rodata.pinmuxing
                0x00003f68       0x70 E:\RWTH Aachen\Sem 3\ISEA\single-cell-bms-software-c\hal_lib_LPC175x_6x_SC\Debug\libhal_lib_LPC175x_6x_SC.a(board_sysinit.o)
 .rodata.sinTable
                0x00003fd8      0x40c E:\RWTH Aachen\Sem 3\ISEA\single-cell-bms-software-c\CMSIS_DSPLIB_CM3\lib\libCMSIS_DSPLIB_CM3.a(arm_sin_f32.o)
                0x000043e4                . = ALIGN (0x4)

.glue_7         0x000043e4        0x0
 .glue_7        0x000043e4        0x0 linker stubs

.glue_7t        0x000043e4        0x0
 .glue_7t       0x000043e4        0x0 linker stubs

.vfp11_veneer   0x000043e4        0x0
 .vfp11_veneer  0x000043e4        0x0 linker stubs

.v4_bx          0x000043e4        0x0
 .v4_bx         0x000043e4        0x0 linker stubs

.iplt           0x000043e4        0x0
 .iplt          0x000043e4        0x0 ./src/app_OEIS_DAC.o

.rel.dyn        0x000043e4        0x0
 .rel.iplt      0x000043e4        0x0 ./src/app_OEIS_DAC.o

.ARM.extab
 *(.ARM.extab* .gnu.linkonce.armextab.*)
                0x000043e4                __exidx_start = .

.ARM.exidx
 *(.ARM.exidx* .gnu.linkonce.armexidx.*)
                0x000043e4                __exidx_end = .
                0x000043e4                _etext = .

.data_RAM2      0x2007c000        0x0 load address 0x000043e4
 FILL mask 0xff
                [!provide]                PROVIDE (__start_data_RAM2 = .)
 *(.ramfunc.$RAM2)
 *(.ramfunc.$RamAHB32)
 *(.data.$RAM2*)
 *(.data.$RamAHB32*)
                0x2007c000                . = ALIGN (0x4)
                [!provide]                PROVIDE (__end_data_RAM2 = .)

.uninit_RESERVED
                0x10000000        0x0
 *(.bss.$RESERVED*)
                0x10000000                . = ALIGN (0x4)
                0x10000000                _end_uninit_RESERVED = .

.data           0x10000000       0x9c load address 0x000043e4
 FILL mask 0xff
                0x10000000                _data = .
 *(vtable)
 *(.ramfunc*)
 *(.data*)
 .data.next_frequency
                0x10000000        0x4 ./src/app_OEIS_DAC.o
                0x10000000                next_frequency
 .data.next_periods
                0x10000004        0x1 ./src/app_OEIS_DAC.o
                0x10000004                next_periods
 *fill*         0x10000005        0x3 ff
 .data.next_amplitude_max
                0x10000008        0x4 ./src/app_OEIS_DAC.o
                0x10000008                next_amplitude_max
 .data.sinFinished
                0x1000000c        0x1 E:\RWTH Aachen\Sem 3\ISEA\single-cell-bms-software-c\hal_lib_LPC175x_6x_DAC\Debug\libhal_lib_LPC175x_6x_DAC.a(lpc_175x_6x_hal_AD5541A.o)
 *fill*         0x1000000d        0x1 ff
 .data.sinQStoreIndex
                0x1000000e        0x2 E:\RWTH Aachen\Sem 3\ISEA\single-cell-bms-software-c\hal_lib_LPC175x_6x_DAC\Debug\libhal_lib_LPC175x_6x_DAC.a(lpc_175x_6x_hal_AD5541A.o)
 .data.sinQCurrentIndex
                0x10000010        0x2 E:\RWTH Aachen\Sem 3\ISEA\single-cell-bms-software-c\hal_lib_LPC175x_6x_DAC\Debug\libhal_lib_LPC175x_6x_DAC.a(lpc_175x_6x_hal_AD5541A.o)
 *fill*         0x10000012        0x2 ff
 .data.FullCANSection
                0x10000014       0x18 E:\RWTH Aachen\Sem 3\ISEA\single-cell-bms-software-c\hal_lib_LPC175x_6x_SC\Debug\libhal_lib_LPC175x_6x_SC.a(lpc_175x_6x_hal_can.o)
                0x10000014                FullCANSection
 .data.SFFSection
                0x1000002c       0x18 E:\RWTH Aachen\Sem 3\ISEA\single-cell-bms-software-c\hal_lib_LPC175x_6x_SC\Debug\libhal_lib_LPC175x_6x_SC.a(lpc_175x_6x_hal_can.o)
                0x1000002c                SFFSection
 .data.EFFSection
                0x10000044       0x30 E:\RWTH Aachen\Sem 3\ISEA\single-cell-bms-software-c\hal_lib_LPC175x_6x_SC\Debug\libhal_lib_LPC175x_6x_SC.a(lpc_175x_6x_hal_can.o)
                0x10000044                EFFSection
 .data.AFSections
                0x10000074       0x28 E:\RWTH Aachen\Sem 3\ISEA\single-cell-bms-software-c\hal_lib_LPC175x_6x_SC\Debug\libhal_lib_LPC175x_6x_SC.a(lpc_175x_6x_hal_can.o)
                0x10000074                AFSections
                0x1000009c                . = ALIGN (0x4)
                0x1000009c                _edata = .

.igot.plt       0x1000009c        0x0 load address 0x00004480
 .igot.plt      0x1000009c        0x0 ./src/app_OEIS_DAC.o

.bss_RAM2       0x2007c000        0x0
                [!provide]                PROVIDE (__start_bss_RAM2 = .)
 *(.bss.$RAM2*)
 *(.bss.$RamAHB32*)
                0x2007c000                . = ALIGN ((. != 0x0)?0x4:0x1)
                [!provide]                PROVIDE (__end_bss_RAM2 = .)

.bss            0x1000009c     0x7e18
                0x1000009c                _bss = .
 *(.bss*)
 .bss.next_f_flag
                0x1000009c        0x1 ./src/app_OEIS_DAC.o
                0x1000009c                next_f_flag
 .bss.new_m_flag
                0x1000009d        0x1 ./src/app_OEIS_DAC.o
                0x1000009d                new_m_flag
 .bss.emergency_flag
                0x1000009e        0x1 ./src/app_OEIS_DAC.o
                0x1000009e                emergency_flag
 *fill*         0x1000009f        0x1 
 .bss.next_amplitude_min
                0x100000a0        0x4 ./src/app_OEIS_DAC.o
                0x100000a0                next_amplitude_min
 .bss.errorStatus
                0x100000a4        0x1 E:\RWTH Aachen\Sem 3\ISEA\single-cell-bms-software-c\hal_lib_LPC175x_6x_DAC\Debug\libhal_lib_LPC175x_6x_DAC.a(lpc_175x_6x_hal_AD5541A.o)
 .bss.sinewaveStatus
                0x100000a5        0x1 E:\RWTH Aachen\Sem 3\ISEA\single-cell-bms-software-c\hal_lib_LPC175x_6x_DAC\Debug\libhal_lib_LPC175x_6x_DAC.a(lpc_175x_6x_hal_AD5541A.o)
 *fill*         0x100000a6        0x2 
 .bss.inputPeriodTicks
                0x100000a8        0x4 E:\RWTH Aachen\Sem 3\ISEA\single-cell-bms-software-c\hal_lib_LPC175x_6x_DAC\Debug\libhal_lib_LPC175x_6x_DAC.a(lpc_175x_6x_hal_AD5541A.o)
 .bss.inputPeriod
                0x100000ac        0x2 E:\RWTH Aachen\Sem 3\ISEA\single-cell-bms-software-c\hal_lib_LPC175x_6x_DAC\Debug\libhal_lib_LPC175x_6x_DAC.a(lpc_175x_6x_hal_AD5541A.o)
 .bss.inputFreq
                0x100000ae        0x2 E:\RWTH Aachen\Sem 3\ISEA\single-cell-bms-software-c\hal_lib_LPC175x_6x_DAC\Debug\libhal_lib_LPC175x_6x_DAC.a(lpc_175x_6x_hal_AD5541A.o)
 .bss.SineTable
                0x100000b0     0x7d00 E:\RWTH Aachen\Sem 3\ISEA\single-cell-bms-software-c\hal_lib_LPC175x_6x_DAC\Debug\libhal_lib_LPC175x_6x_DAC.a(lpc_175x_6x_hal_AD5541A.o)
 .bss.sinQueueArray
                0x10007db0       0xc8 E:\RWTH Aachen\Sem 3\ISEA\single-cell-bms-software-c\hal_lib_LPC175x_6x_DAC\Debug\libhal_lib_LPC175x_6x_DAC.a(lpc_175x_6x_hal_AD5541A.o)
 .bss.Tx_Buf    0x10007e78        0x2 E:\RWTH Aachen\Sem 3\ISEA\single-cell-bms-software-c\hal_lib_LPC175x_6x_DAC\Debug\libhal_lib_LPC175x_6x_DAC.a(lpc_175x_6x_hal_AD5541A.o)
 *fill*         0x10007e7a        0x2 
 .bss.Rx_Buf    0x10007e7c        0x2 E:\RWTH Aachen\Sem 3\ISEA\single-cell-bms-software-c\hal_lib_LPC175x_6x_DAC\Debug\libhal_lib_LPC175x_6x_DAC.a(lpc_175x_6x_hal_AD5541A.o)
 *fill*         0x10007e7e        0x2 
 .bss.ssp_format
                0x10007e80        0x3 E:\RWTH Aachen\Sem 3\ISEA\single-cell-bms-software-c\hal_lib_LPC175x_6x_DAC\Debug\libhal_lib_LPC175x_6x_DAC.a(lpc_175x_6x_hal_AD5541A.o)
 *fill*         0x10007e83        0x1 
 .bss.xf_setup  0x10007e84       0x14 E:\RWTH Aachen\Sem 3\ISEA\single-cell-bms-software-c\hal_lib_LPC175x_6x_DAC\Debug\libhal_lib_LPC175x_6x_DAC.a(lpc_175x_6x_hal_AD5541A.o)
 .bss.isXferCompleted
                0x10007e98        0x1 E:\RWTH Aachen\Sem 3\ISEA\single-cell-bms-software-c\hal_lib_LPC175x_6x_DAC\Debug\libhal_lib_LPC175x_6x_DAC.a(lpc_175x_6x_hal_AD5541A.o)
 .bss.dmaChSSPTx
                0x10007e99        0x1 E:\RWTH Aachen\Sem 3\ISEA\single-cell-bms-software-c\hal_lib_LPC175x_6x_DAC\Debug\libhal_lib_LPC175x_6x_DAC.a(lpc_175x_6x_hal_AD5541A.o)
 .bss.dmaChSSPRx
                0x10007e9a        0x1 E:\RWTH Aachen\Sem 3\ISEA\single-cell-bms-software-c\hal_lib_LPC175x_6x_DAC\Debug\libhal_lib_LPC175x_6x_DAC.a(lpc_175x_6x_hal_AD5541A.o)
 .bss.isDmaTxfCompleted
                0x10007e9b        0x1 E:\RWTH Aachen\Sem 3\ISEA\single-cell-bms-software-c\hal_lib_LPC175x_6x_DAC\Debug\libhal_lib_LPC175x_6x_DAC.a(lpc_175x_6x_hal_AD5541A.o)
 .bss.isDmaRxfCompleted
                0x10007e9c        0x1 E:\RWTH Aachen\Sem 3\ISEA\single-cell-bms-software-c\hal_lib_LPC175x_6x_DAC\Debug\libhal_lib_LPC175x_6x_DAC.a(lpc_175x_6x_hal_AD5541A.o)
 *fill*         0x10007e9d        0x3 
 .bss.totalTicks.9755
                0x10007ea0        0x4 E:\RWTH Aachen\Sem 3\ISEA\single-cell-bms-software-c\hal_lib_LPC175x_6x_DAC\Debug\libhal_lib_LPC175x_6x_DAC.a(lpc_175x_6x_hal_AD5541A.o)
 .bss.index.9754
                0x10007ea4        0x2 E:\RWTH Aachen\Sem 3\ISEA\single-cell-bms-software-c\hal_lib_LPC175x_6x_DAC\Debug\libhal_lib_LPC175x_6x_DAC.a(lpc_175x_6x_hal_AD5541A.o)
 *fill*         0x10007ea6        0x2 
 .bss.SffGrpSection
                0x10007ea8        0x0 E:\RWTH Aachen\Sem 3\ISEA\single-cell-bms-software-c\hal_lib_LPC175x_6x_SC\Debug\libhal_lib_LPC175x_6x_SC.a(lpc_175x_6x_hal_can.o)
                0x10007ea8                SffGrpSection
 .bss.EffGrpSection
                0x10007ea8        0x0 E:\RWTH Aachen\Sem 3\ISEA\single-cell-bms-software-c\hal_lib_LPC175x_6x_SC\Debug\libhal_lib_LPC175x_6x_SC.a(lpc_175x_6x_hal_can.o)
                0x10007ea8                EffGrpSection
 .bss.ChannelHandlerArray
                0x10007ea8        0x8 E:\RWTH Aachen\Sem 3\ISEA\single-cell-bms-software-c\lpc_chip_175x_6x\Debug\liblpc_chip_175x_6x.a(gpdma_17xx_40xx.o)
 *(COMMON)
 COMMON         0x10007eb0        0x4 E:\RWTH Aachen\Sem 3\ISEA\single-cell-bms-software-c\lpc_chip_175x_6x\Debug\liblpc_chip_175x_6x.a(chip_17xx_40xx.o)
                0x10007eb0                SystemCoreClock
                0x10007eb4                . = ALIGN (0x4)
                0x10007eb4                _ebss = .
                [!provide]                PROVIDE (end = .)

.noinit_RAM2    0x2007c000        0x0
 *(.noinit.$RAM2*)
 *(.noinit.$RamAHB32*)
                0x2007c000                . = ALIGN (0x4)

.noinit         0x10007eb4        0x0
                0x10007eb4                _noinit = .
 *(.noinit*)
                0x10007eb4                . = ALIGN (0x4)
                0x10007eb4                _end_noinit = .
                [!provide]                PROVIDE (_pvHeapStart = DEFINED (__user_heap_base)?__user_heap_base:.)
                0x10008000                PROVIDE (_vStackTop = DEFINED (__user_stack_top)?__user_stack_top:(__top_RamLoc32 - 0x0))
                0xefff74de                PROVIDE (__valid_user_code_checksum = (0x0 - ((((((_vStackTop + (ResetISR + 0x1)) + (NMI_Handler + 0x1)) + (HardFault_Handler + 0x1)) + (DEFINED (MemManage_Handler)?MemManage_Handler:0x0 + 0x1)) + (DEFINED (BusFault_Handler)?BusFault_Handler:0x0 + 0x1)) + (DEFINED (UsageFault_Handler)?UsageFault_Handler:0x0 + 0x1))))
                0x00000000                _image_start = LOADADDR (.text)
                0x00004480                _image_end = (LOADADDR (.data) + SIZEOF (.data))
                0x00004480                _image_size = (_image_end - _image_start)
OUTPUT(app_OEIS_DAC.axf elf32-littlearm)

.debug_info     0x00000000     0xb2a4
 .debug_info    0x00000000      0xba2 ./src/app_OEIS_DAC.o
 .debug_info    0x00000ba2      0x255 ./src/cr_startup_lpc175x_6x.o
 .debug_info    0x00000df7       0x3f ./src/crp.o
 .debug_info    0x00000e36      0xa95 ./src/sysinit.o
 .debug_info    0x000018cb     0x170f E:\RWTH Aachen\Sem 3\ISEA\single-cell-bms-software-c\hal_lib_LPC175x_6x_DAC\Debug\libhal_lib_LPC175x_6x_DAC.a(lpc_175x_6x_hal_AD5541A.o)
 .debug_info    0x00002fda      0x5d2 E:\RWTH Aachen\Sem 3\ISEA\single-cell-bms-software-c\hal_lib_LPC175x_6x_SC\Debug\libhal_lib_LPC175x_6x_SC.a(board.o)
 .debug_info    0x000035ac      0x6f0 E:\RWTH Aachen\Sem 3\ISEA\single-cell-bms-software-c\hal_lib_LPC175x_6x_SC\Debug\libhal_lib_LPC175x_6x_SC.a(board_sysinit.o)
 .debug_info    0x00003c9c     0x104f E:\RWTH Aachen\Sem 3\ISEA\single-cell-bms-software-c\hal_lib_LPC175x_6x_SC\Debug\libhal_lib_LPC175x_6x_SC.a(lpc_175x_6x_hal_can.o)
 .debug_info    0x00004ceb     0x1ed6 E:\RWTH Aachen\Sem 3\ISEA\single-cell-bms-software-c\lpc_chip_175x_6x\Debug\liblpc_chip_175x_6x.a(can_17xx_40xx.o)
 .debug_info    0x00006bc1      0x558 E:\RWTH Aachen\Sem 3\ISEA\single-cell-bms-software-c\lpc_chip_175x_6x\Debug\liblpc_chip_175x_6x.a(chip_17xx_40xx.o)
 .debug_info    0x00007119      0xba2 E:\RWTH Aachen\Sem 3\ISEA\single-cell-bms-software-c\lpc_chip_175x_6x\Debug\liblpc_chip_175x_6x.a(clock_17xx_40xx.o)
 .debug_info    0x00007cbb     0x1354 E:\RWTH Aachen\Sem 3\ISEA\single-cell-bms-software-c\lpc_chip_175x_6x\Debug\liblpc_chip_175x_6x.a(gpdma_17xx_40xx.o)
 .debug_info    0x0000900f      0x31e E:\RWTH Aachen\Sem 3\ISEA\single-cell-bms-software-c\lpc_chip_175x_6x\Debug\liblpc_chip_175x_6x.a(iocon_17xx_40xx.o)
 .debug_info    0x0000932d      0xc31 E:\RWTH Aachen\Sem 3\ISEA\single-cell-bms-software-c\lpc_chip_175x_6x\Debug\liblpc_chip_175x_6x.a(ssp_17xx_40xx.o)
 .debug_info    0x00009f5e      0x474 E:\RWTH Aachen\Sem 3\ISEA\single-cell-bms-software-c\lpc_chip_175x_6x\Debug\liblpc_chip_175x_6x.a(sysinit_17xx_40xx.o)
 .debug_info    0x0000a3d2      0x42b E:\RWTH Aachen\Sem 3\ISEA\single-cell-bms-software-c\lpc_chip_175x_6x\Debug\liblpc_chip_175x_6x.a(timer_17xx_40xx.o)
 .debug_info    0x0000a7fd      0xaa7 E:\RWTH Aachen\Sem 3\ISEA\single-cell-bms-software-c\CMSIS_DSPLIB_CM3\lib\libCMSIS_DSPLIB_CM3.a(arm_sin_f32.o)

.debug_abbrev   0x00000000     0x21bb
 .debug_abbrev  0x00000000      0x243 ./src/app_OEIS_DAC.o
 .debug_abbrev  0x00000243      0x114 ./src/cr_startup_lpc175x_6x.o
 .debug_abbrev  0x00000357       0x36 ./src/crp.o
 .debug_abbrev  0x0000038d      0x20b ./src/sysinit.o
 .debug_abbrev  0x00000598      0x34c E:\RWTH Aachen\Sem 3\ISEA\single-cell-bms-software-c\hal_lib_LPC175x_6x_DAC\Debug\libhal_lib_LPC175x_6x_DAC.a(lpc_175x_6x_hal_AD5541A.o)
 .debug_abbrev  0x000008e4      0x168 E:\RWTH Aachen\Sem 3\ISEA\single-cell-bms-software-c\hal_lib_LPC175x_6x_SC\Debug\libhal_lib_LPC175x_6x_SC.a(board.o)
 .debug_abbrev  0x00000a4c      0x180 E:\RWTH Aachen\Sem 3\ISEA\single-cell-bms-software-c\hal_lib_LPC175x_6x_SC\Debug\libhal_lib_LPC175x_6x_SC.a(board_sysinit.o)
 .debug_abbrev  0x00000bcc      0x2f7 E:\RWTH Aachen\Sem 3\ISEA\single-cell-bms-software-c\hal_lib_LPC175x_6x_SC\Debug\libhal_lib_LPC175x_6x_SC.a(lpc_175x_6x_hal_can.o)
 .debug_abbrev  0x00000ec3      0x32c E:\RWTH Aachen\Sem 3\ISEA\single-cell-bms-software-c\lpc_chip_175x_6x\Debug\liblpc_chip_175x_6x.a(can_17xx_40xx.o)
 .debug_abbrev  0x000011ef      0x151 E:\RWTH Aachen\Sem 3\ISEA\single-cell-bms-software-c\lpc_chip_175x_6x\Debug\liblpc_chip_175x_6x.a(chip_17xx_40xx.o)
 .debug_abbrev  0x00001340      0x309 E:\RWTH Aachen\Sem 3\ISEA\single-cell-bms-software-c\lpc_chip_175x_6x\Debug\liblpc_chip_175x_6x.a(clock_17xx_40xx.o)
 .debug_abbrev  0x00001649      0x288 E:\RWTH Aachen\Sem 3\ISEA\single-cell-bms-software-c\lpc_chip_175x_6x\Debug\liblpc_chip_175x_6x.a(gpdma_17xx_40xx.o)
 .debug_abbrev  0x000018d1      0x14a E:\RWTH Aachen\Sem 3\ISEA\single-cell-bms-software-c\lpc_chip_175x_6x\Debug\liblpc_chip_175x_6x.a(iocon_17xx_40xx.o)
 .debug_abbrev  0x00001a1b      0x273 E:\RWTH Aachen\Sem 3\ISEA\single-cell-bms-software-c\lpc_chip_175x_6x\Debug\liblpc_chip_175x_6x.a(ssp_17xx_40xx.o)
 .debug_abbrev  0x00001c8e      0x18e E:\RWTH Aachen\Sem 3\ISEA\single-cell-bms-software-c\lpc_chip_175x_6x\Debug\liblpc_chip_175x_6x.a(sysinit_17xx_40xx.o)
 .debug_abbrev  0x00001e1c      0x171 E:\RWTH Aachen\Sem 3\ISEA\single-cell-bms-software-c\lpc_chip_175x_6x\Debug\liblpc_chip_175x_6x.a(timer_17xx_40xx.o)
 .debug_abbrev  0x00001f8d      0x22e E:\RWTH Aachen\Sem 3\ISEA\single-cell-bms-software-c\CMSIS_DSPLIB_CM3\lib\libCMSIS_DSPLIB_CM3.a(arm_sin_f32.o)

.debug_aranges  0x00000000      0x8b0
 .debug_aranges
                0x00000000       0x28 ./src/app_OEIS_DAC.o
 .debug_aranges
                0x00000028       0x80 ./src/cr_startup_lpc175x_6x.o
 .debug_aranges
                0x000000a8       0x18 ./src/crp.o
 .debug_aranges
                0x000000c0       0x20 ./src/sysinit.o
 .debug_aranges
                0x000000e0      0x118 E:\RWTH Aachen\Sem 3\ISEA\single-cell-bms-software-c\hal_lib_LPC175x_6x_DAC\Debug\libhal_lib_LPC175x_6x_DAC.a(lpc_175x_6x_hal_AD5541A.o)
 .debug_aranges
                0x000001f8       0x38 E:\RWTH Aachen\Sem 3\ISEA\single-cell-bms-software-c\hal_lib_LPC175x_6x_SC\Debug\libhal_lib_LPC175x_6x_SC.a(board.o)
 .debug_aranges
                0x00000230       0x38 E:\RWTH Aachen\Sem 3\ISEA\single-cell-bms-software-c\hal_lib_LPC175x_6x_SC\Debug\libhal_lib_LPC175x_6x_SC.a(board_sysinit.o)
 .debug_aranges
                0x00000268       0xa0 E:\RWTH Aachen\Sem 3\ISEA\single-cell-bms-software-c\hal_lib_LPC175x_6x_SC\Debug\libhal_lib_LPC175x_6x_SC.a(lpc_175x_6x_hal_can.o)
 .debug_aranges
                0x00000308      0x1e8 E:\RWTH Aachen\Sem 3\ISEA\single-cell-bms-software-c\lpc_chip_175x_6x\Debug\liblpc_chip_175x_6x.a(can_17xx_40xx.o)
 .debug_aranges
                0x000004f0       0x38 E:\RWTH Aachen\Sem 3\ISEA\single-cell-bms-software-c\lpc_chip_175x_6x\Debug\liblpc_chip_175x_6x.a(chip_17xx_40xx.o)
 .debug_aranges
                0x00000528      0x120 E:\RWTH Aachen\Sem 3\ISEA\single-cell-bms-software-c\lpc_chip_175x_6x\Debug\liblpc_chip_175x_6x.a(clock_17xx_40xx.o)
 .debug_aranges
                0x00000648       0x90 E:\RWTH Aachen\Sem 3\ISEA\single-cell-bms-software-c\lpc_chip_175x_6x\Debug\liblpc_chip_175x_6x.a(gpdma_17xx_40xx.o)
 .debug_aranges
                0x000006d8       0x30 E:\RWTH Aachen\Sem 3\ISEA\single-cell-bms-software-c\lpc_chip_175x_6x\Debug\liblpc_chip_175x_6x.a(iocon_17xx_40xx.o)
 .debug_aranges
                0x00000708       0xe8 E:\RWTH Aachen\Sem 3\ISEA\single-cell-bms-software-c\lpc_chip_175x_6x\Debug\liblpc_chip_175x_6x.a(ssp_17xx_40xx.o)
 .debug_aranges
                0x000007f0       0x60 E:\RWTH Aachen\Sem 3\ISEA\single-cell-bms-software-c\lpc_chip_175x_6x\Debug\liblpc_chip_175x_6x.a(sysinit_17xx_40xx.o)
 .debug_aranges
                0x00000850       0x40 E:\RWTH Aachen\Sem 3\ISEA\single-cell-bms-software-c\lpc_chip_175x_6x\Debug\liblpc_chip_175x_6x.a(timer_17xx_40xx.o)
 .debug_aranges
                0x00000890       0x20 E:\RWTH Aachen\Sem 3\ISEA\single-cell-bms-software-c\CMSIS_DSPLIB_CM3\lib\libCMSIS_DSPLIB_CM3.a(arm_sin_f32.o)

.debug_ranges   0x00000000      0x7c8
 .debug_ranges  0x00000000       0x18 ./src/app_OEIS_DAC.o
 .debug_ranges  0x00000018       0x70 ./src/cr_startup_lpc175x_6x.o
 .debug_ranges  0x00000088       0x10 ./src/sysinit.o
 .debug_ranges  0x00000098      0x108 E:\RWTH Aachen\Sem 3\ISEA\single-cell-bms-software-c\hal_lib_LPC175x_6x_DAC\Debug\libhal_lib_LPC175x_6x_DAC.a(lpc_175x_6x_hal_AD5541A.o)
 .debug_ranges  0x000001a0       0x28 E:\RWTH Aachen\Sem 3\ISEA\single-cell-bms-software-c\hal_lib_LPC175x_6x_SC\Debug\libhal_lib_LPC175x_6x_SC.a(board.o)
 .debug_ranges  0x000001c8       0x28 E:\RWTH Aachen\Sem 3\ISEA\single-cell-bms-software-c\hal_lib_LPC175x_6x_SC\Debug\libhal_lib_LPC175x_6x_SC.a(board_sysinit.o)
 .debug_ranges  0x000001f0       0x90 E:\RWTH Aachen\Sem 3\ISEA\single-cell-bms-software-c\hal_lib_LPC175x_6x_SC\Debug\libhal_lib_LPC175x_6x_SC.a(lpc_175x_6x_hal_can.o)
 .debug_ranges  0x00000280      0x208 E:\RWTH Aachen\Sem 3\ISEA\single-cell-bms-software-c\lpc_chip_175x_6x\Debug\liblpc_chip_175x_6x.a(can_17xx_40xx.o)
 .debug_ranges  0x00000488       0x28 E:\RWTH Aachen\Sem 3\ISEA\single-cell-bms-software-c\lpc_chip_175x_6x\Debug\liblpc_chip_175x_6x.a(chip_17xx_40xx.o)
 .debug_ranges  0x000004b0      0x110 E:\RWTH Aachen\Sem 3\ISEA\single-cell-bms-software-c\lpc_chip_175x_6x\Debug\liblpc_chip_175x_6x.a(clock_17xx_40xx.o)
 .debug_ranges  0x000005c0       0x80 E:\RWTH Aachen\Sem 3\ISEA\single-cell-bms-software-c\lpc_chip_175x_6x\Debug\liblpc_chip_175x_6x.a(gpdma_17xx_40xx.o)
 .debug_ranges  0x00000640       0x20 E:\RWTH Aachen\Sem 3\ISEA\single-cell-bms-software-c\lpc_chip_175x_6x\Debug\liblpc_chip_175x_6x.a(iocon_17xx_40xx.o)
 .debug_ranges  0x00000660       0xd8 E:\RWTH Aachen\Sem 3\ISEA\single-cell-bms-software-c\lpc_chip_175x_6x\Debug\liblpc_chip_175x_6x.a(ssp_17xx_40xx.o)
 .debug_ranges  0x00000738       0x50 E:\RWTH Aachen\Sem 3\ISEA\single-cell-bms-software-c\lpc_chip_175x_6x\Debug\liblpc_chip_175x_6x.a(sysinit_17xx_40xx.o)
 .debug_ranges  0x00000788       0x30 E:\RWTH Aachen\Sem 3\ISEA\single-cell-bms-software-c\lpc_chip_175x_6x\Debug\liblpc_chip_175x_6x.a(timer_17xx_40xx.o)
 .debug_ranges  0x000007b8       0x10 E:\RWTH Aachen\Sem 3\ISEA\single-cell-bms-software-c\CMSIS_DSPLIB_CM3\lib\libCMSIS_DSPLIB_CM3.a(arm_sin_f32.o)

.debug_macro    0x00000000     0x9cbb
 .debug_macro   0x00000000      0x400 ./src/app_OEIS_DAC.o
 .debug_macro   0x00000400      0xa78 ./src/app_OEIS_DAC.o
 .debug_macro   0x00000e78       0x22 ./src/app_OEIS_DAC.o
 .debug_macro   0x00000e9a       0x8e ./src/app_OEIS_DAC.o
 .debug_macro   0x00000f28       0x51 ./src/app_OEIS_DAC.o
 .debug_macro   0x00000f79       0xef ./src/app_OEIS_DAC.o
 .debug_macro   0x00001068       0x6a ./src/app_OEIS_DAC.o
 .debug_macro   0x000010d2      0x1df ./src/app_OEIS_DAC.o
 .debug_macro   0x000012b1       0x22 ./src/app_OEIS_DAC.o
 .debug_macro   0x000012d3       0x7b ./src/app_OEIS_DAC.o
 .debug_macro   0x0000134e       0x10 ./src/app_OEIS_DAC.o
 .debug_macro   0x0000135e       0x2d ./src/app_OEIS_DAC.o
 .debug_macro   0x0000138b       0x3a ./src/app_OEIS_DAC.o
 .debug_macro   0x000013c5       0x2d ./src/app_OEIS_DAC.o
 .debug_macro   0x000013f2      0xbb1 ./src/app_OEIS_DAC.o
 .debug_macro   0x00001fa3      0x22c ./src/app_OEIS_DAC.o
 .debug_macro   0x000021cf       0x42 ./src/app_OEIS_DAC.o
 .debug_macro   0x00002211       0x52 ./src/app_OEIS_DAC.o
 .debug_macro   0x00002263       0x78 ./src/app_OEIS_DAC.o
 .debug_macro   0x000022db       0x82 ./src/app_OEIS_DAC.o
 .debug_macro   0x0000235d      0x48c ./src/app_OEIS_DAC.o
 .debug_macro   0x000027e9       0x34 ./src/app_OEIS_DAC.o
 .debug_macro   0x0000281d      0x4c5 ./src/app_OEIS_DAC.o
 .debug_macro   0x00002ce2      0x1b7 ./src/app_OEIS_DAC.o
 .debug_macro   0x00002e99       0x10 ./src/app_OEIS_DAC.o
 .debug_macro   0x00002ea9      0x21b ./src/app_OEIS_DAC.o
 .debug_macro   0x000030c4      0x1b9 ./src/app_OEIS_DAC.o
 .debug_macro   0x0000327d       0x40 ./src/app_OEIS_DAC.o
 .debug_macro   0x000032bd       0x22 ./src/app_OEIS_DAC.o
 .debug_macro   0x000032df      0x162 ./src/app_OEIS_DAC.o
 .debug_macro   0x00003441       0x94 ./src/app_OEIS_DAC.o
 .debug_macro   0x000034d5       0xb8 ./src/app_OEIS_DAC.o
 .debug_macro   0x0000358d       0x4c ./src/app_OEIS_DAC.o
 .debug_macro   0x000035d9       0x16 ./src/app_OEIS_DAC.o
 .debug_macro   0x000035ef      0x328 ./src/app_OEIS_DAC.o
 .debug_macro   0x00003917       0x49 ./src/app_OEIS_DAC.o
 .debug_macro   0x00003960       0x16 ./src/app_OEIS_DAC.o
 .debug_macro   0x00003976       0xca ./src/app_OEIS_DAC.o
 .debug_macro   0x00003a40       0x18 ./src/app_OEIS_DAC.o
 .debug_macro   0x00003a58      0x130 ./src/app_OEIS_DAC.o
 .debug_macro   0x00003b88       0x5e ./src/app_OEIS_DAC.o
 .debug_macro   0x00003be6       0x18 ./src/app_OEIS_DAC.o
 .debug_macro   0x00003bfe       0x35 ./src/app_OEIS_DAC.o
 .debug_macro   0x00003c33       0x34 ./src/app_OEIS_DAC.o
 .debug_macro   0x00003c67       0x16 ./src/app_OEIS_DAC.o
 .debug_macro   0x00003c7d       0x97 ./src/app_OEIS_DAC.o
 .debug_macro   0x00003d14      0x330 ./src/app_OEIS_DAC.o
 .debug_macro   0x00004044       0xfd ./src/app_OEIS_DAC.o
 .debug_macro   0x00004141       0x10 ./src/app_OEIS_DAC.o
 .debug_macro   0x00004151       0x58 ./src/app_OEIS_DAC.o
 .debug_macro   0x000041a9       0x1f ./src/app_OEIS_DAC.o
 .debug_macro   0x000041c8       0x43 ./src/app_OEIS_DAC.o
 .debug_macro   0x0000420b       0x20 ./src/app_OEIS_DAC.o
 .debug_macro   0x0000422b      0x18e ./src/app_OEIS_DAC.o
 .debug_macro   0x000043b9       0x10 ./src/app_OEIS_DAC.o
 .debug_macro   0x000043c9       0x1c ./src/app_OEIS_DAC.o
 .debug_macro   0x000043e5       0x52 ./src/app_OEIS_DAC.o
 .debug_macro   0x00004437       0x40 ./src/app_OEIS_DAC.o
 .debug_macro   0x00004477       0x10 ./src/app_OEIS_DAC.o
 .debug_macro   0x00004487       0x40 ./src/app_OEIS_DAC.o
 .debug_macro   0x000044c7       0xd7 ./src/app_OEIS_DAC.o
 .debug_macro   0x0000459e       0x1c ./src/app_OEIS_DAC.o
 .debug_macro   0x000045ba       0x3d ./src/app_OEIS_DAC.o
 .debug_macro   0x000045f7       0x16 ./src/app_OEIS_DAC.o
 .debug_macro   0x0000460d      0x16f ./src/app_OEIS_DAC.o
 .debug_macro   0x0000477c       0x10 ./src/app_OEIS_DAC.o
 .debug_macro   0x0000478c       0x12 ./src/app_OEIS_DAC.o
 .debug_macro   0x0000479e       0x16 ./src/app_OEIS_DAC.o
 .debug_macro   0x000047b4       0x35 ./src/app_OEIS_DAC.o
 .debug_macro   0x000047e9      0x1e1 ./src/app_OEIS_DAC.o
 .debug_macro   0x000049ca       0xb3 ./src/app_OEIS_DAC.o
 .debug_macro   0x00004a7d       0x82 ./src/app_OEIS_DAC.o
 .debug_macro   0x00004aff       0x10 ./src/app_OEIS_DAC.o
 .debug_macro   0x00004b0f       0x52 ./src/app_OEIS_DAC.o
 .debug_macro   0x00004b61       0x1d ./src/cr_startup_lpc175x_6x.o
 .debug_macro   0x00004b7e       0x1a ./src/crp.o
 .debug_macro   0x00004b98       0x34 ./src/crp.o
 .debug_macro   0x00004bcc      0x3d1 ./src/sysinit.o
 .debug_macro   0x00004f9d      0x292 E:\RWTH Aachen\Sem 3\ISEA\single-cell-bms-software-c\hal_lib_LPC175x_6x_DAC\Debug\libhal_lib_LPC175x_6x_DAC.a(lpc_175x_6x_hal_AD5541A.o)
 .debug_macro   0x0000522f      0xa78 E:\RWTH Aachen\Sem 3\ISEA\single-cell-bms-software-c\hal_lib_LPC175x_6x_DAC\Debug\libhal_lib_LPC175x_6x_DAC.a(lpc_175x_6x_hal_AD5541A.o)
 .debug_macro   0x00005ca7       0x10 E:\RWTH Aachen\Sem 3\ISEA\single-cell-bms-software-c\hal_lib_LPC175x_6x_DAC\Debug\libhal_lib_LPC175x_6x_DAC.a(lpc_175x_6x_hal_AD5541A.o)
 .debug_macro   0x00005cb7      0x12d E:\RWTH Aachen\Sem 3\ISEA\single-cell-bms-software-c\hal_lib_LPC175x_6x_DAC\Debug\libhal_lib_LPC175x_6x_DAC.a(lpc_175x_6x_hal_AD5541A.o)
 .debug_macro   0x00005de4      0x5b2 E:\RWTH Aachen\Sem 3\ISEA\single-cell-bms-software-c\hal_lib_LPC175x_6x_DAC\Debug\libhal_lib_LPC175x_6x_DAC.a(lpc_175x_6x_hal_AD5541A.o)
 .debug_macro   0x00006396       0x22 E:\RWTH Aachen\Sem 3\ISEA\single-cell-bms-software-c\hal_lib_LPC175x_6x_DAC\Debug\libhal_lib_LPC175x_6x_DAC.a(lpc_175x_6x_hal_AD5541A.o)
 .debug_macro   0x000063b8       0x9a E:\RWTH Aachen\Sem 3\ISEA\single-cell-bms-software-c\hal_lib_LPC175x_6x_DAC\Debug\libhal_lib_LPC175x_6x_DAC.a(lpc_175x_6x_hal_AD5541A.o)
 .debug_macro   0x00006452       0xc4 E:\RWTH Aachen\Sem 3\ISEA\single-cell-bms-software-c\hal_lib_LPC175x_6x_DAC\Debug\libhal_lib_LPC175x_6x_DAC.a(lpc_175x_6x_hal_AD5541A.o)
 .debug_macro   0x00006516       0x4c E:\RWTH Aachen\Sem 3\ISEA\single-cell-bms-software-c\hal_lib_LPC175x_6x_DAC\Debug\libhal_lib_LPC175x_6x_DAC.a(lpc_175x_6x_hal_AD5541A.o)
 .debug_macro   0x00006562      0x23b E:\RWTH Aachen\Sem 3\ISEA\single-cell-bms-software-c\hal_lib_LPC175x_6x_SC\Debug\libhal_lib_LPC175x_6x_SC.a(board.o)
 .debug_macro   0x0000679d      0xa72 E:\RWTH Aachen\Sem 3\ISEA\single-cell-bms-software-c\hal_lib_LPC175x_6x_SC\Debug\libhal_lib_LPC175x_6x_SC.a(board.o)
 .debug_macro   0x0000720f      0x23b E:\RWTH Aachen\Sem 3\ISEA\single-cell-bms-software-c\hal_lib_LPC175x_6x_SC\Debug\libhal_lib_LPC175x_6x_SC.a(board_sysinit.o)
 .debug_macro   0x0000744a      0x24b E:\RWTH Aachen\Sem 3\ISEA\single-cell-bms-software-c\hal_lib_LPC175x_6x_SC\Debug\libhal_lib_LPC175x_6x_SC.a(lpc_175x_6x_hal_can.o)
 .debug_macro   0x00007695      0x1cd E:\RWTH Aachen\Sem 3\ISEA\single-cell-bms-software-c\lpc_chip_175x_6x\Debug\liblpc_chip_175x_6x.a(can_17xx_40xx.o)
 .debug_macro   0x00007862      0xa66 E:\RWTH Aachen\Sem 3\ISEA\single-cell-bms-software-c\lpc_chip_175x_6x\Debug\liblpc_chip_175x_6x.a(can_17xx_40xx.o)
 .debug_macro   0x000082c8      0x1cd E:\RWTH Aachen\Sem 3\ISEA\single-cell-bms-software-c\lpc_chip_175x_6x\Debug\liblpc_chip_175x_6x.a(chip_17xx_40xx.o)
 .debug_macro   0x00008495      0x1cd E:\RWTH Aachen\Sem 3\ISEA\single-cell-bms-software-c\lpc_chip_175x_6x\Debug\liblpc_chip_175x_6x.a(clock_17xx_40xx.o)
 .debug_macro   0x00008662      0x1cd E:\RWTH Aachen\Sem 3\ISEA\single-cell-bms-software-c\lpc_chip_175x_6x\Debug\liblpc_chip_175x_6x.a(gpdma_17xx_40xx.o)
 .debug_macro   0x0000882f      0x1cd E:\RWTH Aachen\Sem 3\ISEA\single-cell-bms-software-c\lpc_chip_175x_6x\Debug\liblpc_chip_175x_6x.a(iocon_17xx_40xx.o)
 .debug_macro   0x000089fc      0x1cd E:\RWTH Aachen\Sem 3\ISEA\single-cell-bms-software-c\lpc_chip_175x_6x\Debug\liblpc_chip_175x_6x.a(ssp_17xx_40xx.o)
 .debug_macro   0x00008bc9      0x1cd E:\RWTH Aachen\Sem 3\ISEA\single-cell-bms-software-c\lpc_chip_175x_6x\Debug\liblpc_chip_175x_6x.a(sysinit_17xx_40xx.o)
 .debug_macro   0x00008d96      0x1cd E:\RWTH Aachen\Sem 3\ISEA\single-cell-bms-software-c\lpc_chip_175x_6x\Debug\liblpc_chip_175x_6x.a(timer_17xx_40xx.o)
 .debug_macro   0x00008f63      0x16e E:\RWTH Aachen\Sem 3\ISEA\single-cell-bms-software-c\CMSIS_DSPLIB_CM3\lib\libCMSIS_DSPLIB_CM3.a(arm_sin_f32.o)
 .debug_macro   0x000090d1      0xa66 E:\RWTH Aachen\Sem 3\ISEA\single-cell-bms-software-c\CMSIS_DSPLIB_CM3\lib\libCMSIS_DSPLIB_CM3.a(arm_sin_f32.o)
 .debug_macro   0x00009b37      0x174 E:\RWTH Aachen\Sem 3\ISEA\single-cell-bms-software-c\CMSIS_DSPLIB_CM3\lib\libCMSIS_DSPLIB_CM3.a(arm_sin_f32.o)
 .debug_macro   0x00009cab       0x10 E:\RWTH Aachen\Sem 3\ISEA\single-cell-bms-software-c\CMSIS_DSPLIB_CM3\lib\libCMSIS_DSPLIB_CM3.a(arm_sin_f32.o)

.debug_line     0x00000000     0x6a5f
 .debug_line    0x00000000      0x950 ./src/app_OEIS_DAC.o
 .debug_line    0x00000950       0xd3 ./src/cr_startup_lpc175x_6x.o
 .debug_line    0x00000a23       0xb6 ./src/crp.o
 .debug_line    0x00000ad9      0x83a ./src/sysinit.o
 .debug_line    0x00001313      0x9a9 E:\RWTH Aachen\Sem 3\ISEA\single-cell-bms-software-c\hal_lib_LPC175x_6x_DAC\Debug\libhal_lib_LPC175x_6x_DAC.a(lpc_175x_6x_hal_AD5541A.o)
 .debug_line    0x00001cbc      0x5ec E:\RWTH Aachen\Sem 3\ISEA\single-cell-bms-software-c\hal_lib_LPC175x_6x_SC\Debug\libhal_lib_LPC175x_6x_SC.a(board.o)
 .debug_line    0x000022a8      0x5f3 E:\RWTH Aachen\Sem 3\ISEA\single-cell-bms-software-c\hal_lib_LPC175x_6x_SC\Debug\libhal_lib_LPC175x_6x_SC.a(board_sysinit.o)
 .debug_line    0x0000289b      0x789 E:\RWTH Aachen\Sem 3\ISEA\single-cell-bms-software-c\hal_lib_LPC175x_6x_SC\Debug\libhal_lib_LPC175x_6x_SC.a(lpc_175x_6x_hal_can.o)
 .debug_line    0x00003024      0xd14 E:\RWTH Aachen\Sem 3\ISEA\single-cell-bms-software-c\lpc_chip_175x_6x\Debug\liblpc_chip_175x_6x.a(can_17xx_40xx.o)
 .debug_line    0x00003d38      0x4c8 E:\RWTH Aachen\Sem 3\ISEA\single-cell-bms-software-c\lpc_chip_175x_6x\Debug\liblpc_chip_175x_6x.a(chip_17xx_40xx.o)
 .debug_line    0x00004200      0x744 E:\RWTH Aachen\Sem 3\ISEA\single-cell-bms-software-c\lpc_chip_175x_6x\Debug\liblpc_chip_175x_6x.a(clock_17xx_40xx.o)
 .debug_line    0x00004944      0x668 E:\RWTH Aachen\Sem 3\ISEA\single-cell-bms-software-c\lpc_chip_175x_6x\Debug\liblpc_chip_175x_6x.a(gpdma_17xx_40xx.o)
 .debug_line    0x00004fac      0x4b4 E:\RWTH Aachen\Sem 3\ISEA\single-cell-bms-software-c\lpc_chip_175x_6x\Debug\liblpc_chip_175x_6x.a(iocon_17xx_40xx.o)
 .debug_line    0x00005460      0x7c1 E:\RWTH Aachen\Sem 3\ISEA\single-cell-bms-software-c\lpc_chip_175x_6x\Debug\liblpc_chip_175x_6x.a(ssp_17xx_40xx.o)
 .debug_line    0x00005c21      0x53e E:\RWTH Aachen\Sem 3\ISEA\single-cell-bms-software-c\lpc_chip_175x_6x\Debug\liblpc_chip_175x_6x.a(sysinit_17xx_40xx.o)
 .debug_line    0x0000615f      0x4d9 E:\RWTH Aachen\Sem 3\ISEA\single-cell-bms-software-c\lpc_chip_175x_6x\Debug\liblpc_chip_175x_6x.a(timer_17xx_40xx.o)
 .debug_line    0x00006638      0x427 E:\RWTH Aachen\Sem 3\ISEA\single-cell-bms-software-c\CMSIS_DSPLIB_CM3\lib\libCMSIS_DSPLIB_CM3.a(arm_sin_f32.o)

.debug_str      0x00000000    0x1b46a
 .debug_str     0x00000000    0x15d86 ./src/app_OEIS_DAC.o
                              0x160d0 (size before relaxing)
 .debug_str     0x00015d86      0x1d6 ./src/cr_startup_lpc175x_6x.o
                               0x2ef8 (size before relaxing)
 .debug_str     0x00015f5c       0xe9 ./src/crp.o
                               0x2e05 (size before relaxing)
 .debug_str     0x00016045       0x1b ./src/sysinit.o
                              0x159cd (size before relaxing)
 .debug_str     0x00016060     0x2ec3 E:\RWTH Aachen\Sem 3\ISEA\single-cell-bms-software-c\hal_lib_LPC175x_6x_DAC\Debug\libhal_lib_LPC175x_6x_DAC.a(lpc_175x_6x_hal_AD5541A.o)
                              0x1324b (size before relaxing)
 .debug_str     0x00018f23      0x354 E:\RWTH Aachen\Sem 3\ISEA\single-cell-bms-software-c\hal_lib_LPC175x_6x_SC\Debug\libhal_lib_LPC175x_6x_SC.a(board.o)
                              0x122df (size before relaxing)
 .debug_str     0x00019277      0x1ff E:\RWTH Aachen\Sem 3\ISEA\single-cell-bms-software-c\hal_lib_LPC175x_6x_SC\Debug\libhal_lib_LPC175x_6x_SC.a(board_sysinit.o)
                              0x121f7 (size before relaxing)
 .debug_str     0x00019476      0x3d9 E:\RWTH Aachen\Sem 3\ISEA\single-cell-bms-software-c\hal_lib_LPC175x_6x_SC\Debug\libhal_lib_LPC175x_6x_SC.a(lpc_175x_6x_hal_can.o)
                              0x127b3 (size before relaxing)
 .debug_str     0x0001984f      0x895 E:\RWTH Aachen\Sem 3\ISEA\single-cell-bms-software-c\lpc_chip_175x_6x\Debug\liblpc_chip_175x_6x.a(can_17xx_40xx.o)
                              0x11cea (size before relaxing)
 .debug_str     0x0001a0e4       0x73 E:\RWTH Aachen\Sem 3\ISEA\single-cell-bms-software-c\lpc_chip_175x_6x\Debug\liblpc_chip_175x_6x.a(chip_17xx_40xx.o)
                              0x11305 (size before relaxing)
 .debug_str     0x0001a157      0x5a6 E:\RWTH Aachen\Sem 3\ISEA\single-cell-bms-software-c\lpc_chip_175x_6x\Debug\liblpc_chip_175x_6x.a(clock_17xx_40xx.o)
                              0x11983 (size before relaxing)
 .debug_str     0x0001a6fd      0x502 E:\RWTH Aachen\Sem 3\ISEA\single-cell-bms-software-c\lpc_chip_175x_6x\Debug\liblpc_chip_175x_6x.a(gpdma_17xx_40xx.o)
                              0x11a48 (size before relaxing)
 .debug_str     0x0001abff       0x79 E:\RWTH Aachen\Sem 3\ISEA\single-cell-bms-software-c\lpc_chip_175x_6x\Debug\liblpc_chip_175x_6x.a(iocon_17xx_40xx.o)
                              0x10e00 (size before relaxing)
 .debug_str     0x0001ac78      0x3ef E:\RWTH Aachen\Sem 3\ISEA\single-cell-bms-software-c\lpc_chip_175x_6x\Debug\liblpc_chip_175x_6x.a(ssp_17xx_40xx.o)
                              0x11881 (size before relaxing)
 .debug_str     0x0001b067       0xc4 E:\RWTH Aachen\Sem 3\ISEA\single-cell-bms-software-c\lpc_chip_175x_6x\Debug\liblpc_chip_175x_6x.a(sysinit_17xx_40xx.o)
                              0x10fe8 (size before relaxing)
 .debug_str     0x0001b12b      0x12c E:\RWTH Aachen\Sem 3\ISEA\single-cell-bms-software-c\lpc_chip_175x_6x\Debug\liblpc_chip_175x_6x.a(timer_17xx_40xx.o)
                              0x11131 (size before relaxing)
 .debug_str     0x0001b257      0x213 E:\RWTH Aachen\Sem 3\ISEA\single-cell-bms-software-c\CMSIS_DSPLIB_CM3\lib\libCMSIS_DSPLIB_CM3.a(arm_sin_f32.o)
                               0x7bfd (size before relaxing)

.comment        0x00000000       0x7f
 .comment       0x00000000       0x7f ./src/app_OEIS_DAC.o
                                 0x80 (size before relaxing)
 .comment       0x0000007f       0x80 ./src/cr_startup_lpc175x_6x.o
 .comment       0x0000007f       0x80 ./src/crp.o
 .comment       0x0000007f       0x80 ./src/sysinit.o
 .comment       0x0000007f       0x80 E:\RWTH Aachen\Sem 3\ISEA\single-cell-bms-software-c\hal_lib_LPC175x_6x_DAC\Debug\libhal_lib_LPC175x_6x_DAC.a(lpc_175x_6x_hal_AD5541A.o)
 .comment       0x0000007f       0x80 E:\RWTH Aachen\Sem 3\ISEA\single-cell-bms-software-c\hal_lib_LPC175x_6x_SC\Debug\libhal_lib_LPC175x_6x_SC.a(board.o)
 .comment       0x0000007f       0x80 E:\RWTH Aachen\Sem 3\ISEA\single-cell-bms-software-c\hal_lib_LPC175x_6x_SC\Debug\libhal_lib_LPC175x_6x_SC.a(board_sysinit.o)
 .comment       0x0000007f       0x80 E:\RWTH Aachen\Sem 3\ISEA\single-cell-bms-software-c\hal_lib_LPC175x_6x_SC\Debug\libhal_lib_LPC175x_6x_SC.a(lpc_175x_6x_hal_can.o)
 .comment       0x0000007f       0x80 E:\RWTH Aachen\Sem 3\ISEA\single-cell-bms-software-c\lpc_chip_175x_6x\Debug\liblpc_chip_175x_6x.a(can_17xx_40xx.o)
 .comment       0x0000007f       0x80 E:\RWTH Aachen\Sem 3\ISEA\single-cell-bms-software-c\lpc_chip_175x_6x\Debug\liblpc_chip_175x_6x.a(chip_17xx_40xx.o)
 .comment       0x0000007f       0x80 E:\RWTH Aachen\Sem 3\ISEA\single-cell-bms-software-c\lpc_chip_175x_6x\Debug\liblpc_chip_175x_6x.a(clock_17xx_40xx.o)
 .comment       0x0000007f       0x80 E:\RWTH Aachen\Sem 3\ISEA\single-cell-bms-software-c\lpc_chip_175x_6x\Debug\liblpc_chip_175x_6x.a(gpdma_17xx_40xx.o)
 .comment       0x0000007f       0x80 E:\RWTH Aachen\Sem 3\ISEA\single-cell-bms-software-c\lpc_chip_175x_6x\Debug\liblpc_chip_175x_6x.a(iocon_17xx_40xx.o)
 .comment       0x0000007f       0x80 E:\RWTH Aachen\Sem 3\ISEA\single-cell-bms-software-c\lpc_chip_175x_6x\Debug\liblpc_chip_175x_6x.a(ssp_17xx_40xx.o)
 .comment       0x0000007f       0x80 E:\RWTH Aachen\Sem 3\ISEA\single-cell-bms-software-c\lpc_chip_175x_6x\Debug\liblpc_chip_175x_6x.a(sysinit_17xx_40xx.o)
 .comment       0x0000007f       0x80 E:\RWTH Aachen\Sem 3\ISEA\single-cell-bms-software-c\lpc_chip_175x_6x\Debug\liblpc_chip_175x_6x.a(timer_17xx_40xx.o)
 .comment       0x0000007f       0x80 E:\RWTH Aachen\Sem 3\ISEA\single-cell-bms-software-c\CMSIS_DSPLIB_CM3\lib\libCMSIS_DSPLIB_CM3.a(arm_sin_f32.o)

.ARM.attributes
                0x00000000       0x33
 .ARM.attributes
                0x00000000       0x33 ./src/app_OEIS_DAC.o
 .ARM.attributes
                0x00000033       0x33 ./src/cr_startup_lpc175x_6x.o
 .ARM.attributes
                0x00000066       0x33 ./src/crp.o
 .ARM.attributes
                0x00000099       0x33 ./src/sysinit.o
 .ARM.attributes
                0x000000cc       0x33 E:\RWTH Aachen\Sem 3\ISEA\single-cell-bms-software-c\hal_lib_LPC175x_6x_DAC\Debug\libhal_lib_LPC175x_6x_DAC.a(lpc_175x_6x_hal_AD5541A.o)
 .ARM.attributes
                0x000000ff       0x33 E:\RWTH Aachen\Sem 3\ISEA\single-cell-bms-software-c\hal_lib_LPC175x_6x_SC\Debug\libhal_lib_LPC175x_6x_SC.a(board.o)
 .ARM.attributes
                0x00000132       0x33 E:\RWTH Aachen\Sem 3\ISEA\single-cell-bms-software-c\hal_lib_LPC175x_6x_SC\Debug\libhal_lib_LPC175x_6x_SC.a(board_sysinit.o)
 .ARM.attributes
                0x00000165       0x33 E:\RWTH Aachen\Sem 3\ISEA\single-cell-bms-software-c\hal_lib_LPC175x_6x_SC\Debug\libhal_lib_LPC175x_6x_SC.a(lpc_175x_6x_hal_can.o)
 .ARM.attributes
                0x00000198       0x33 E:\RWTH Aachen\Sem 3\ISEA\single-cell-bms-software-c\lpc_chip_175x_6x\Debug\liblpc_chip_175x_6x.a(can_17xx_40xx.o)
 .ARM.attributes
                0x000001cb       0x33 E:\RWTH Aachen\Sem 3\ISEA\single-cell-bms-software-c\lpc_chip_175x_6x\Debug\liblpc_chip_175x_6x.a(chip_17xx_40xx.o)
 .ARM.attributes
                0x000001fe       0x33 E:\RWTH Aachen\Sem 3\ISEA\single-cell-bms-software-c\lpc_chip_175x_6x\Debug\liblpc_chip_175x_6x.a(clock_17xx_40xx.o)
 .ARM.attributes
                0x00000231       0x33 E:\RWTH Aachen\Sem 3\ISEA\single-cell-bms-software-c\lpc_chip_175x_6x\Debug\liblpc_chip_175x_6x.a(gpdma_17xx_40xx.o)
 .ARM.attributes
                0x00000264       0x33 E:\RWTH Aachen\Sem 3\ISEA\single-cell-bms-software-c\lpc_chip_175x_6x\Debug\liblpc_chip_175x_6x.a(iocon_17xx_40xx.o)
 .ARM.attributes
                0x00000297       0x33 E:\RWTH Aachen\Sem 3\ISEA\single-cell-bms-software-c\lpc_chip_175x_6x\Debug\liblpc_chip_175x_6x.a(ssp_17xx_40xx.o)
 .ARM.attributes
                0x000002ca       0x33 E:\RWTH Aachen\Sem 3\ISEA\single-cell-bms-software-c\lpc_chip_175x_6x\Debug\liblpc_chip_175x_6x.a(sysinit_17xx_40xx.o)
 .ARM.attributes
                0x000002fd       0x33 E:\RWTH Aachen\Sem 3\ISEA\single-cell-bms-software-c\lpc_chip_175x_6x\Debug\liblpc_chip_175x_6x.a(timer_17xx_40xx.o)
 .ARM.attributes
                0x00000330       0x33 E:\RWTH Aachen\Sem 3\ISEA\single-cell-bms-software-c\CMSIS_DSPLIB_CM3\lib\libCMSIS_DSPLIB_CM3.a(arm_sin_f32.o)
 .ARM.attributes
                0x00000363       0x1d c:/nxp/mcuxpressoide_10.3.1_2233/ide/plugins/com.nxp.mcuxpresso.tools.win32_10.3.0.201811011841/tools/bin/../lib/gcc/arm-none-eabi/7.3.1/thumb/v7-m\libgcc.a(_arm_addsubdf3.o)
 .ARM.attributes
                0x00000380       0x1d c:/nxp/mcuxpressoide_10.3.1_2233/ide/plugins/com.nxp.mcuxpresso.tools.win32_10.3.0.201811011841/tools/bin/../lib/gcc/arm-none-eabi/7.3.1/thumb/v7-m\libgcc.a(_arm_muldivdf3.o)
 .ARM.attributes
                0x0000039d       0x1d c:/nxp/mcuxpressoide_10.3.1_2233/ide/plugins/com.nxp.mcuxpresso.tools.win32_10.3.0.201811011841/tools/bin/../lib/gcc/arm-none-eabi/7.3.1/thumb/v7-m\libgcc.a(_arm_fixunsdfsi.o)
 .ARM.attributes
                0x000003ba       0x1d c:/nxp/mcuxpressoide_10.3.1_2233/ide/plugins/com.nxp.mcuxpresso.tools.win32_10.3.0.201811011841/tools/bin/../lib/gcc/arm-none-eabi/7.3.1/thumb/v7-m\libgcc.a(_arm_truncdfsf2.o)
 .ARM.attributes
                0x000003d7       0x1d c:/nxp/mcuxpressoide_10.3.1_2233/ide/plugins/com.nxp.mcuxpresso.tools.win32_10.3.0.201811011841/tools/bin/../lib/gcc/arm-none-eabi/7.3.1/thumb/v7-m\libgcc.a(_arm_addsubsf3.o)
 .ARM.attributes
                0x000003f4       0x1d c:/nxp/mcuxpressoide_10.3.1_2233/ide/plugins/com.nxp.mcuxpresso.tools.win32_10.3.0.201811011841/tools/bin/../lib/gcc/arm-none-eabi/7.3.1/thumb/v7-m\libgcc.a(_arm_muldivsf3.o)
 .ARM.attributes
                0x00000411       0x1d c:/nxp/mcuxpressoide_10.3.1_2233/ide/plugins/com.nxp.mcuxpresso.tools.win32_10.3.0.201811011841/tools/bin/../lib/gcc/arm-none-eabi/7.3.1/thumb/v7-m\libgcc.a(_arm_cmpsf2.o)
 .ARM.attributes
                0x0000042e       0x1d c:/nxp/mcuxpressoide_10.3.1_2233/ide/plugins/com.nxp.mcuxpresso.tools.win32_10.3.0.201811011841/tools/bin/../lib/gcc/arm-none-eabi/7.3.1/thumb/v7-m\libgcc.a(_arm_fixsfsi.o)
 .ARM.attributes
                0x0000044b       0x1d c:/nxp/mcuxpressoide_10.3.1_2233/ide/plugins/com.nxp.mcuxpresso.tools.win32_10.3.0.201811011841/tools/bin/../lib/gcc/arm-none-eabi/7.3.1/thumb/v7-m\libgcc.a(_arm_fixunssfsi.o)

.debug_frame    0x00000000     0x23f8
 .debug_frame   0x00000000       0x4c ./src/app_OEIS_DAC.o
 .debug_frame   0x0000004c      0x170 ./src/cr_startup_lpc175x_6x.o
 .debug_frame   0x000001bc       0x34 ./src/sysinit.o
 .debug_frame   0x000001f0      0x4b8 E:\RWTH Aachen\Sem 3\ISEA\single-cell-bms-software-c\hal_lib_LPC175x_6x_DAC\Debug\libhal_lib_LPC175x_6x_DAC.a(lpc_175x_6x_hal_AD5541A.o)
 .debug_frame   0x000006a8       0x90 E:\RWTH Aachen\Sem 3\ISEA\single-cell-bms-software-c\hal_lib_LPC175x_6x_SC\Debug\libhal_lib_LPC175x_6x_SC.a(board.o)
 .debug_frame   0x00000738       0x8c E:\RWTH Aachen\Sem 3\ISEA\single-cell-bms-software-c\hal_lib_LPC175x_6x_SC\Debug\libhal_lib_LPC175x_6x_SC.a(board_sysinit.o)
 .debug_frame   0x000007c4      0x2a4 E:\RWTH Aachen\Sem 3\ISEA\single-cell-bms-software-c\hal_lib_LPC175x_6x_SC\Debug\libhal_lib_LPC175x_6x_SC.a(lpc_175x_6x_hal_can.o)
 .debug_frame   0x00000a68      0x8a4 E:\RWTH Aachen\Sem 3\ISEA\single-cell-bms-software-c\lpc_chip_175x_6x\Debug\liblpc_chip_175x_6x.a(can_17xx_40xx.o)
 .debug_frame   0x0000130c       0x88 E:\RWTH Aachen\Sem 3\ISEA\single-cell-bms-software-c\lpc_chip_175x_6x\Debug\liblpc_chip_175x_6x.a(chip_17xx_40xx.o)
 .debug_frame   0x00001394      0x490 E:\RWTH Aachen\Sem 3\ISEA\single-cell-bms-software-c\lpc_chip_175x_6x\Debug\liblpc_chip_175x_6x.a(clock_17xx_40xx.o)
 .debug_frame   0x00001824      0x25c E:\RWTH Aachen\Sem 3\ISEA\single-cell-bms-software-c\lpc_chip_175x_6x\Debug\liblpc_chip_175x_6x.a(gpdma_17xx_40xx.o)
 .debug_frame   0x00001a80       0x80 E:\RWTH Aachen\Sem 3\ISEA\single-cell-bms-software-c\lpc_chip_175x_6x\Debug\liblpc_chip_175x_6x.a(iocon_17xx_40xx.o)
 .debug_frame   0x00001b00      0x3e8 E:\RWTH Aachen\Sem 3\ISEA\single-cell-bms-software-c\lpc_chip_175x_6x\Debug\liblpc_chip_175x_6x.a(ssp_17xx_40xx.o)
 .debug_frame   0x00001ee8      0x12c E:\RWTH Aachen\Sem 3\ISEA\single-cell-bms-software-c\lpc_chip_175x_6x\Debug\liblpc_chip_175x_6x.a(sysinit_17xx_40xx.o)
 .debug_frame   0x00002014       0xd0 E:\RWTH Aachen\Sem 3\ISEA\single-cell-bms-software-c\lpc_chip_175x_6x\Debug\liblpc_chip_175x_6x.a(timer_17xx_40xx.o)
 .debug_frame   0x000020e4       0x3c E:\RWTH Aachen\Sem 3\ISEA\single-cell-bms-software-c\CMSIS_DSPLIB_CM3\lib\libCMSIS_DSPLIB_CM3.a(arm_sin_f32.o)
 .debug_frame   0x00002120       0xac c:/nxp/mcuxpressoide_10.3.1_2233/ide/plugins/com.nxp.mcuxpresso.tools.win32_10.3.0.201811011841/tools/bin/../lib/gcc/arm-none-eabi/7.3.1/thumb/v7-m\libgcc.a(_arm_addsubdf3.o)
 .debug_frame   0x000021cc       0x50 c:/nxp/mcuxpressoide_10.3.1_2233/ide/plugins/com.nxp.mcuxpresso.tools.win32_10.3.0.201811011841/tools/bin/../lib/gcc/arm-none-eabi/7.3.1/thumb/v7-m\libgcc.a(_arm_muldivdf3.o)
 .debug_frame   0x0000221c       0x24 c:/nxp/mcuxpressoide_10.3.1_2233/ide/plugins/com.nxp.mcuxpresso.tools.win32_10.3.0.201811011841/tools/bin/../lib/gcc/arm-none-eabi/7.3.1/thumb/v7-m\libgcc.a(_arm_fixunsdfsi.o)
 .debug_frame   0x00002240       0x24 c:/nxp/mcuxpressoide_10.3.1_2233/ide/plugins/com.nxp.mcuxpresso.tools.win32_10.3.0.201811011841/tools/bin/../lib/gcc/arm-none-eabi/7.3.1/thumb/v7-m\libgcc.a(_arm_truncdfsf2.o)
 .debug_frame   0x00002264       0x4c c:/nxp/mcuxpressoide_10.3.1_2233/ide/plugins/com.nxp.mcuxpresso.tools.win32_10.3.0.201811011841/tools/bin/../lib/gcc/arm-none-eabi/7.3.1/thumb/v7-m\libgcc.a(_arm_addsubsf3.o)
 .debug_frame   0x000022b0       0x38 c:/nxp/mcuxpressoide_10.3.1_2233/ide/plugins/com.nxp.mcuxpresso.tools.win32_10.3.0.201811011841/tools/bin/../lib/gcc/arm-none-eabi/7.3.1/thumb/v7-m\libgcc.a(_arm_muldivsf3.o)
 .debug_frame   0x000022e8       0xc8 c:/nxp/mcuxpressoide_10.3.1_2233/ide/plugins/com.nxp.mcuxpresso.tools.win32_10.3.0.201811011841/tools/bin/../lib/gcc/arm-none-eabi/7.3.1/thumb/v7-m\libgcc.a(_arm_cmpsf2.o)
 .debug_frame   0x000023b0       0x24 c:/nxp/mcuxpressoide_10.3.1_2233/ide/plugins/com.nxp.mcuxpresso.tools.win32_10.3.0.201811011841/tools/bin/../lib/gcc/arm-none-eabi/7.3.1/thumb/v7-m\libgcc.a(_arm_fixsfsi.o)
 .debug_frame   0x000023d4       0x24 c:/nxp/mcuxpressoide_10.3.1_2233/ide/plugins/com.nxp.mcuxpresso.tools.win32_10.3.0.201811011841/tools/bin/../lib/gcc/arm-none-eabi/7.3.1/thumb/v7-m\libgcc.a(_arm_fixunssfsi.o)

.debug_loc      0x00000000      0x2a5
 .debug_loc     0x00000000      0x2a5 E:\RWTH Aachen\Sem 3\ISEA\single-cell-bms-software-c\CMSIS_DSPLIB_CM3\lib\libCMSIS_DSPLIB_CM3.a(arm_sin_f32.o)
